C:\Users\admin\Downloads\FRDM_RW612_NXP_Controller-main\FRDM_RW612_NXP_Controller-main\ADC_Examples\frdmrw612_adc_ad8232_signals\CMSIS/core_cm33.h:2358:22:__NVIC_EnableIRQ	16	static
C:\Users\admin\Downloads\FRDM_RW612_NXP_Controller-main\FRDM_RW612_NXP_Controller-main\ADC_Examples\frdmrw612_adc_ad8232_signals\CMSIS/core_cm33.h:2555:22:__NVIC_SetPriority	16	static
C:\Users\admin\Downloads\FRDM_RW612_NXP_Controller-main\FRDM_RW612_NXP_Controller-main\ADC_Examples\frdmrw612_adc_ad8232_signals\CMSIS/core_cm33.h:3108:26:SysTick_Config	16	static
C:\Users\admin\Downloads\FRDM_RW612_NXP_Controller-main\FRDM_RW612_NXP_Controller-main\ADC_Examples\frdmrw612_adc_ad8232_signals\drivers/fsl_common_arm.h:678:24:EnableIRQ	24	static
C:\Users\admin\Downloads\FRDM_RW612_NXP_Controller-main\FRDM_RW612_NXP_Controller-main\ADC_Examples\frdmrw612_adc_ad8232_signals\drivers/fsl_adc.h:699:20:ADC_DoSoftwareTrigger	16	static
C:\Users\admin\Downloads\FRDM_RW612_NXP_Controller-main\FRDM_RW612_NXP_Controller-main\ADC_Examples\frdmrw612_adc_ad8232_signals\drivers/fsl_adc.h:709:20:ADC_StopConversion	16	static
C:\Users\admin\Downloads\FRDM_RW612_NXP_Controller-main\FRDM_RW612_NXP_Controller-main\ADC_Examples\frdmrw612_adc_ad8232_signals\drivers/fsl_adc.h:720:24:ADC_GetConversionResult	16	static
C:\Users\admin\Downloads\FRDM_RW612_NXP_Controller-main\FRDM_RW612_NXP_Controller-main\ADC_Examples\frdmrw612_adc_ad8232_signals\drivers/fsl_adc.h:751:20:ADC_EnableInterrupts	16	static
C:\Users\admin\Downloads\FRDM_RW612_NXP_Controller-main\FRDM_RW612_NXP_Controller-main\ADC_Examples\frdmrw612_adc_ad8232_signals\drivers/fsl_adc.h:792:20:ADC_ClearStatusFlags	16	static
../source/adc_software_trigger.c:37:6:SysTick_Handler	4	static
../source/adc_software_trigger.c:43:10:GetTicks	4	static
../source/adc_software_trigger.c:49:6:GAU_ADC0_IRQHandler	8	static
../source/adc_software_trigger.c:58:5:main	24	static
