Archive member included to satisfy reference by file (symbol)

C:/nxp_controller/MCUXpressoIDE_25.6.136/ide/plugins/com.nxp.mcuxpresso.tools.win32_25.6.0.202501151204/tools/bin/../lib/gcc/arm-none-eabi/14.2.1/../../../../arm-none-eabi/lib/thumb/v8-m.main+fp/hard\libcr_nohost_nf.a(_cr__main.o)
                              ./startup/startup_rw612.o (__main)
C:/nxp_controller/MCUXpressoIDE_25.6.136/ide/plugins/com.nxp.mcuxpresso.tools.win32_25.6.0.202501151204/tools/bin/../lib/gcc/arm-none-eabi/14.2.1/../../../../arm-none-eabi/lib/thumb/v8-m.main+fp/hard\libcr_c.a(powf.o)
                              ./source/adc_software_trigger.o (powf)
C:/nxp_controller/MCUXpressoIDE_25.6.136/ide/plugins/com.nxp.mcuxpresso.tools.win32_25.6.0.202501151204/tools/bin/../lib/gcc/arm-none-eabi/14.2.1/../../../../arm-none-eabi/lib/thumb/v8-m.main+fp/hard\libcr_c.a(sqrtf_m4_hardfp.o)
                              ./source/adc_software_trigger.o (sqrtf)
C:/nxp_controller/MCUXpressoIDE_25.6.136/ide/plugins/com.nxp.mcuxpresso.tools.win32_25.6.0.202501151204/tools/bin/../lib/gcc/arm-none-eabi/14.2.1/../../../../arm-none-eabi/lib/thumb/v8-m.main+fp/hard\libcr_c.a(memset.o)
                              ./drivers/fsl_adc.o (memset)
C:/nxp_controller/MCUXpressoIDE_25.6.136/ide/plugins/com.nxp.mcuxpresso.tools.win32_25.6.0.202501151204/tools/bin/../lib/gcc/arm-none-eabi/14.2.1/../../../../arm-none-eabi/lib/thumb/v8-m.main+fp/hard\libcr_c.a(alloc.o)
                              ./drivers/fsl_common.o (malloc)
C:/nxp_controller/MCUXpressoIDE_25.6.136/ide/plugins/com.nxp.mcuxpresso.tools.win32_25.6.0.202501151204/tools/bin/../lib/gcc/arm-none-eabi/14.2.1/../../../../arm-none-eabi/lib/thumb/v8-m.main+fp/hard\libcr_c.a(errno.o)
                              ./utilities/str/fsl_str.o (errno)
C:/nxp_controller/MCUXpressoIDE_25.6.136/ide/plugins/com.nxp.mcuxpresso.tools.win32_25.6.0.202501151204/tools/bin/../lib/gcc/arm-none-eabi/14.2.1/../../../../arm-none-eabi/lib/thumb/v8-m.main+fp/hard\libcr_c.a(initio.o)
                              C:/nxp_controller/MCUXpressoIDE_25.6.136/ide/plugins/com.nxp.mcuxpresso.tools.win32_25.6.0.202501151204/tools/bin/../lib/gcc/arm-none-eabi/14.2.1/../../../../arm-none-eabi/lib/thumb/v8-m.main+fp/hard\libcr_nohost_nf.a(_cr__main.o) (_initio)
C:/nxp_controller/MCUXpressoIDE_25.6.136/ide/plugins/com.nxp.mcuxpresso.tools.win32_25.6.0.202501151204/tools/bin/../lib/gcc/arm-none-eabi/14.2.1/../../../../arm-none-eabi/lib/thumb/v8-m.main+fp/hard\libcr_c.a(scanf.o)
                              ./utilities/str/fsl_str.o (strtoul)
C:/nxp_controller/MCUXpressoIDE_25.6.136/ide/plugins/com.nxp.mcuxpresso.tools.win32_25.6.0.202501151204/tools/bin/../lib/gcc/arm-none-eabi/14.2.1/../../../../arm-none-eabi/lib/thumb/v8-m.main+fp/hard\libcr_c.a(setvbuf.o)
                              C:/nxp_controller/MCUXpressoIDE_25.6.136/ide/plugins/com.nxp.mcuxpresso.tools.win32_25.6.0.202501151204/tools/bin/../lib/gcc/arm-none-eabi/14.2.1/../../../../arm-none-eabi/lib/thumb/v8-m.main+fp/hard\libcr_c.a(initio.o) (setvbuf)
C:/nxp_controller/MCUXpressoIDE_25.6.136/ide/plugins/com.nxp.mcuxpresso.tools.win32_25.6.0.202501151204/tools/bin/../lib/gcc/arm-none-eabi/14.2.1/../../../../arm-none-eabi/lib/thumb/v8-m.main+fp/hard\libcr_c.a(strlen.o)
                              ./utilities/str/fsl_str.o (strlen)
C:/nxp_controller/MCUXpressoIDE_25.6.136/ide/plugins/com.nxp.mcuxpresso.tools.win32_25.6.0.202501151204/tools/bin/../lib/gcc/arm-none-eabi/14.2.1/../../../../arm-none-eabi/lib/thumb/v8-m.main+fp/hard\libcr_c.a(ungetc.o)
                              C:/nxp_controller/MCUXpressoIDE_25.6.136/ide/plugins/com.nxp.mcuxpresso.tools.win32_25.6.0.202501151204/tools/bin/../lib/gcc/arm-none-eabi/14.2.1/../../../../arm-none-eabi/lib/thumb/v8-m.main+fp/hard\libcr_c.a(scanf.o) (ungetc)
C:/nxp_controller/MCUXpressoIDE_25.6.136/ide/plugins/com.nxp.mcuxpresso.tools.win32_25.6.0.202501151204/tools/bin/../lib/gcc/arm-none-eabi/14.2.1/../../../../arm-none-eabi/lib/thumb/v8-m.main+fp/hard\libcr_c.a(frexpf.o)
                              C:/nxp_controller/MCUXpressoIDE_25.6.136/ide/plugins/com.nxp.mcuxpresso.tools.win32_25.6.0.202501151204/tools/bin/../lib/gcc/arm-none-eabi/14.2.1/../../../../arm-none-eabi/lib/thumb/v8-m.main+fp/hard\libcr_c.a(powf.o) (frexpf)
C:/nxp_controller/MCUXpressoIDE_25.6.136/ide/plugins/com.nxp.mcuxpresso.tools.win32_25.6.0.202501151204/tools/bin/../lib/gcc/arm-none-eabi/14.2.1/../../../../arm-none-eabi/lib/thumb/v8-m.main+fp/hard\libcr_c.a(ldexpf.o)
                              C:/nxp_controller/MCUXpressoIDE_25.6.136/ide/plugins/com.nxp.mcuxpresso.tools.win32_25.6.0.202501151204/tools/bin/../lib/gcc/arm-none-eabi/14.2.1/../../../../arm-none-eabi/lib/thumb/v8-m.main+fp/hard\libcr_c.a(powf.o) (ldexpf)
C:/nxp_controller/MCUXpressoIDE_25.6.136/ide/plugins/com.nxp.mcuxpresso.tools.win32_25.6.0.202501151204/tools/bin/../lib/gcc/arm-none-eabi/14.2.1/../../../../arm-none-eabi/lib/thumb/v8-m.main+fp/hard\libcr_c.a(__fillbuf.o)
[...]
Memory Configuration

Name             Origin             Length             Attributes
QSPI_FLASH       0x08000000         0x00800000         xr
SRAM             0x20000000         0x00130000         xrw
*default*        0x00000000         0xffffffff

Linker script and memory map

LOAD ./utilities/str/fsl_str.o
LOAD ./utilities/debug_console_lite/fsl_debug_console.o
LOAD ./utilities/fsl_assert.o
LOAD ./utilities/fsl_memcpy.o
LOAD ./startup/startup_rw612.o
LOAD ./source/adc_software_trigger.o
LOAD ./source/semihost_hardfault.o
LOAD ./flash_config/flash_config.o
LOAD ./drivers/fsl_adc.o
LOAD ./drivers/fsl_cache.o
LOAD ./drivers/fsl_clock.o
LOAD ./drivers/fsl_common.o
LOAD ./drivers/fsl_common_arm.o
LOAD ./drivers/fsl_flexcomm.o
LOAD ./drivers/fsl_flexspi.o
LOAD ./drivers/fsl_gpio.o
LOAD ./drivers/fsl_i2s_bridge.o
LOAD ./drivers/fsl_inputmux.o
LOAD ./drivers/fsl_iped.o
LOAD ./drivers/fsl_ocotp.o
LOAD ./drivers/fsl_power.o
LOAD ./drivers/fsl_reset.o
LOAD ./drivers/fsl_usart.o
LOAD ./device/system_RW612.o
LOAD ./component/uart/fsl_adapter_usart.o
LOAD ./component/els_pkc/src/comps/mcuxCsslParamIntegrity/src/mcuxCsslParamIntegrity32.o
LOAD ./component/els_pkc/src/comps/mcuxCsslMemory/src/mcuxCsslMemory_Clear.o
LOAD ./component/els_pkc/src/comps/mcuxCsslMemory/src/mcuxCsslMemory_Compare.o
LOAD ./component/els_pkc/src/comps/mcuxCsslMemory/src/mcuxCsslMemory_Copy.o
LOAD ./component/els_pkc/src/comps/mcuxCsslMemory/src/mcuxCsslMemory_Set.o
LOAD ./component/els_pkc/src/comps/mcuxClMemory/src/mcuxClMemory.o
LOAD ./component/els_pkc/src/comps/mcuxClEls/src/mcuxClEls_Common.o
LOAD ./component/els_pkc/src/comps/mcuxClEls/src/mcuxClEls_GlitchDetector.o
LOAD ./component/els_pkc/src/comps/mcuxClBuffer/src/mcuxClBuffer.o
LOAD ./board/board.o
LOAD ./board/clock_config.o
LOAD ./board/hardware_init.o
LOAD ./board/pin_mux.o
START GROUP
LOAD C:/nxp_controller/MCUXpressoIDE_25.6.136/ide/plugins/com.nxp.mcuxpresso.tools.win32_25.6.0.202501151204/tools/bin/../lib/gcc/arm-none-eabi/14.2.1/../../../../arm-none-eabi/lib/thumb/v8-m.main+fp/hard\libcr_nohost_nf.a
LOAD C:/nxp_controller/MCUXpressoIDE_25.6.136/ide/plugins/com.nxp.mcuxpresso.tools.win32_25.6.0.202501151204/tools/bin/../lib/gcc/arm-none-eabi/14.2.1/../../../../arm-none-eabi/lib/thumb/v8-m.main+fp/hard\libcr_c.a
LOAD C:/nxp_controller/MCUXpressoIDE_25.6.136/ide/plugins/com.nxp.mcuxpresso.tools.win32_25.6.0.202501151204/tools/bin/../lib/gcc/arm-none-eabi/14.2.1/thumb/v8-m.main+fp/hard\libcr_eabihelpers.a
LOAD C:/nxp_controller/MCUXpressoIDE_25.6.136/ide/plugins/com.nxp.mcuxpresso.tools.win32_25.6.0.202501151204/tools/bin/../lib/gcc/arm-none-eabi/14.2.1/thumb/v8-m.main+fp/hard\libgcc.a
END GROUP
                0x08000000                        __base_QSPI_FLASH = 0x8000000
                0x08000000                        __base_Flash = 0x8000000
                0x08800000                        __top_QSPI_FLASH = 0x8800000
                0x08800000                        __top_Flash = 0x8800000
                0x20000000                        __base_SRAM = 0x20000000
                0x20000000                        __base_RAM = 0x20000000
                0x20130000                        __top_SRAM = 0x20130000
                0x20130000                        __top_RAM = 0x20130000

.boot_hdr       0x08000000     0x1000
 FILL mask 0xff
                0x00000400                        . = 0x400
 *fill*         0x08000000      0x400 ff
                0x08000400                        __FLASH_BASE = .
 *(SORT_BY_ALIGNMENT(.flash_conf))
 .flash_conf    0x08000400      0xc00 ./flash_config/flash_config.o
                0x08000400                flexspi_config
                0x00001000                        . = 0x1000

.text           0x08001000     0x7d04
 FILL mask 0xff
                0x08001000                        __vectors_start__ = ABSOLUTE (.)
 *(SORT_BY_ALIGNMENT(.isr_vector))
 .isr_vector    0x08001000      0x244 ./startup/startup_rw612.o
                0x08001000                g_pfnVectors
                0x08001000                __Vectors
                0x08001244                        . = ALIGN (0x4)
                0x08001244                        __section_table_start = .
                0x08001244                        __data_section_table = .
                0x08001244        0x4 LONG 0x8008d04 LOADADDR (.data)
                0x08001248        0x4 LONG 0x20000000 ADDR (.data)
                0x0800124c        0x4 LONG 0xc24 SIZEOF (.data)
                0x08001250                        __data_section_table_end = .
                0x08001250                        __bss_section_table = .
                0x08001250        0x4 LONG 0x20000c24 ADDR (.bss)
                0x08001254        0x4 LONG 0x1200 SIZEOF (.bss)
                0x08001258                        __bss_section_table_end = .
                0x08001258                        __section_table_end = .
 *(SORT_BY_ALIGNMENT(.after_vectors*))
 .after_vectors.reset
                0x08001258       0x68 ./startup/startup_rw612.o
                0x08001258                ResetISR
 .after_vectors.init_data
                0x080012c0       0x1e ./startup/startup_rw612.o
                0x080012c0                data_init
 .after_vectors.init_bss
                0x080012de       0x12 ./startup/startup_rw612.o
                0x080012de                bss_init
 .after_vectors
                0x080012f0       0x16 ./startup/startup_rw612.o
                0x080012f0                NMI_Handler
                0x080012f4                MemManage_Handler
                0x080012f6                BusFault_Handler
                0x080012f8                UsageFault_Handler
                0x080012fa                SecureFault_Handler
                0x080012fc                SVC_Handler
                0x080012fe                DebugMon_Handler
                0x08001300                PendSV_Handler
                0x08001302                SysTick_Handler
                0x08001304                Reserved75_DriverIRQHandler
                0x08001304                GAU_ACOMP_WKUP_DriverIRQHandler
                0x08001304                SGPIO_INTA_DriverIRQHandler
                0x08001304                B2MWKUP0_DriverIRQHandler
                0x08001304                DMA0_DriverIRQHandler
                0x08001304                B2MWKUP_DONE2_DriverIRQHandler
                0x08001304                PKC_ERR_DriverIRQHandler
                0x08001304                BLE_MCI_INT7_DriverIRQHandler
                0x08001304                BLE_MCI_INT3_DriverIRQHandler
                0x08001304                BLE_MCI_INT5_DriverIRQHandler
                0x08001304                B2MWKUP_DONE0_DriverIRQHandler
                0x08001304                HWVAD_DriverIRQHandler
                0x08001304                USIM_DriverIRQHandler
                0x08001304                WKDEEPSLEEP_DriverIRQHandler
                0x08001304                B2MWKUP_DONE3_DriverIRQHandler
                0x08001304                Reserved73_DriverIRQHandler
                0x08001304                WL_MCI_INT5_DriverIRQHandler
                0x08001304                ENET_TIMER_DriverIRQHandler
                0x08001304                PIN_INT3_DriverIRQHandler
                0x08001304                PIN_INT2_DriverIRQHandler
                0x08001304                ELS_DriverIRQHandler
                0x08001304                OTP_DriverIRQHandler
                0x08001304                GPIO_INTB_DriverIRQHandler
                0x08001304                TRNG_DriverIRQHandler
                0x08001304                ACC_C_INT_DriverIRQHandler
                0x08001304                PIN_INT0_DriverIRQHandler
                0x08001304                GFMRT_DriverIRQHandler
                0x08001304                Reserved76_DriverIRQHandler
                0x08001304                CTIMER2_DriverIRQHandler
                0x08001304                Reserved69_DriverIRQHandler
                0x08001304                WL_MCI_INT3_DriverIRQHandler
                0x08001304                SECUREVIOLATION_DriverIRQHandler
                0x08001304                BACC_DriverIRQHandler
                0x08001304                Reserved34_DriverIRQHandler
                0x08001304                IntDefaultHandler
                0x08001304                Reserved138_DriverIRQHandler
                0x08001304                Reserved136_DriverIRQHandler
                0x08001304                Reserved67_DriverIRQHandler
                0x08001304                W2MWKUP_DONE7_DriverIRQHandler
                0x08001304                W2MWKUP1_DriverIRQHandler
                0x08001304                W2MWKUP_DONE4_DriverIRQHandler
                0x08001304                WL_MCI_INT1_DriverIRQHandler
                0x08001304                B2MWKUP_DONE7_DriverIRQHandler
                0x08001304                PIN_INT4_DriverIRQHandler
                0x08001304                PIN_INT5_DriverIRQHandler
                0x08001304                PIN0_INT_DriverIRQHandler
                0x08001304                ENET_DriverIRQHandler
                0x08001304                Reserved47_DriverIRQHandler
                0x08001304                GAU_ADC0_DriverIRQHandler
                0x08001304                CTIMER4_DriverIRQHandler
                0x08001304                WL_MCI_INT0_DriverIRQHandler
                0x08001304                PIN_INT7_DriverIRQHandler
                0x08001304                GDMA_DriverIRQHandler
                0x08001304                BLE_MCI_INT1_DriverIRQHandler
                0x08001304                OS_EVENT_TIMER_DriverIRQHandler
                0x08001304                Reserved38_DriverIRQHandler
                0x08001304                POWERQUAD_DriverIRQHandler
                0x08001304                ELS_GDET_DriverIRQHandler
                0x08001304                Reserved35_DriverIRQHandler
                0x08001304                CTIMER0_DriverIRQHandler
                0x08001304                Reserved79_DriverIRQHandler
                0x08001304                MRT_DriverIRQHandler
                0x08001304                BLE_MCI_INT6_DriverIRQHandler
                0x08001304                CTIMER1_DriverIRQHandler
                0x08001304                PIN1_INT_DriverIRQHandler
                0x08001304                PIN_INT6_DriverIRQHandler
                0x08001304                W2MWKUP_DONE6_DriverIRQHandler
                0x08001304                SGPIO_INTB_DriverIRQHandler
                0x08001304                ACC_S_INT_DriverIRQHandler
                0x08001304                PMIP_CHANGE_DriverIRQHandler
                0x08001304                PIN_INT1_DriverIRQHandler
                0x08001304                W2MWKUP0_DriverIRQHandler
                0x08001304                CTIMER3_DriverIRQHandler
                0x08001304                W2MWKUP_DONE0_DriverIRQHandler
                0x08001304                Reserved74_DriverIRQHandler
                0x08001304                PKC_INT_DriverIRQHandler
                0x08001304                GPIO_INTA_DriverIRQHandler
                0x08001304                Reserved61_DriverIRQHandler
                0x08001304                WL_MCI_INT2_DriverIRQHandler
                0x08001304                PUF_DriverIRQHandler
                0x08001304                GAU_ACOMP_DriverIRQHandler
                0x08001304                Reserved40_DriverIRQHandler
                0x08001304                RTC_DriverIRQHandler
                0x08001304                WACC_DriverIRQHandler
                0x08001304                Reserved65_DriverIRQHandler
                0x08001304                LCD_DriverIRQHandler
                0x08001304                B2MWKUP1_DriverIRQHandler
                0x08001304                W2MWKUP_DONE1_DriverIRQHandler
                0x08001304                BLE_MCI_INT4_DriverIRQHandler
                0x08001304                PMIP_DriverIRQHandler
                0x08001304                BLE_MCI_INT2_DriverIRQHandler
                0x08001304                GAU_DAC_DriverIRQHandler
                0x08001304                Reserved60_DriverIRQHandler
                0x08001304                WL_MCI_INT4_DriverIRQHandler
                0x08001304                Reserved49_DriverIRQHandler
                0x08001304                DMIC_DriverIRQHandler
                0x08001304                DMA1_DriverIRQHandler
                0x08001304                Reserved137_DriverIRQHandler
                0x08001304                B2MWKUP_DONE4_DriverIRQHandler
                0x08001304                B2MWKUP_DONE1_DriverIRQHandler
                0x08001304                GAU_ADC1_DriverIRQHandler
                0x08001304                BLE_MCI_INT0_DriverIRQHandler
                0x08001304                ELS_GDET_UM_DriverIRQHandler
                0x08001304                WL_MCI_INT7_DriverIRQHandler
                0x08001304                UTICK_DriverIRQHandler
                0x08001304                W2MWKUP_DONE2_DriverIRQHandler
                0x08001304                B2MWKUP_DONE6_DriverIRQHandler
                0x08001304                WDT0_DriverIRQHandler
                0x08001304                Reserved68_DriverIRQHandler
                0x08001304                Reserved59_DriverIRQHandler
                0x08001304                SDIO_DriverIRQHandler
                0x08001304                WL_MCI_INT6_DriverIRQHandler
                0x08001304                W2MWKUP_DONE3_DriverIRQHandler
                0x08001304                B2MWKUP_DONE5_DriverIRQHandler
                0x08001304                CDOG_INT_DriverIRQHandler
                0x08001304                Reserved46_DriverIRQHandler
                0x08001304                Reserved37_DriverIRQHandler
                0x08001304                SCT0_DriverIRQHandler
                0x08001304                HYPERVISOR_DriverIRQHandler
                0x08001304                ITRC_DriverIRQHandler
                0x08001304                Reserved50_DriverIRQHandler
                0x08001304                W2MWKUP_DONE5_DriverIRQHandler
                0x08001304                USB_DriverIRQHandler
 *(SORT_BY_ALIGNMENT(.text*))
 *fill*         0x08001306        0x2 ff
 .text.powf     0x08001308      0x2d4 C:/nxp_controller/MCUXpressoIDE_25.6.136/ide/plugins/com.nxp.mcuxpresso.tools.win32_25.6.0.202501151204/tools/bin/../lib/gcc/arm-none-eabi/14.2.1/../../../../arm-none-eabi/lib/thumb/v8-m.main+fp/hard\libcr_c.a(powf.o)
                0x08001308                powf
 .text.DbgConsole_Init
                0x080015dc       0x88 ./utilities/debug_console_lite/fsl_debug_console.o
                0x080015dc                DbgConsole_Init
 .text.DbgConsole_Vprintf
                0x08001664       0x3c ./utilities/debug_console_lite/fsl_debug_console.o
                0x08001664                DbgConsole_Vprintf
 .text.DbgConsole_Putchar
                0x080016a0       0x30 ./utilities/debug_console_lite/fsl_debug_console.o
                0x080016a0                DbgConsole_Putchar
 .text.DbgConsole_PrintfFormattedData
                0x080016d0      0x3e0 ./utilities/debug_console_lite/fsl_debug_console.o
 .text.__assertion_failed
                0x08001ab0       0x3c ./utilities/fsl_assert.o
                0x08001ab0                __assertion_failed
 .text          0x08001aec       0xa0 ./utilities/fsl_memcpy.o
                0x08001aec                memcpy
 .text.__NVIC_EnableIRQ
                0x08001b8c       0x3c ./source/adc_software_trigger.o
 .text.GAU_ADC0_IRQHandler
                0x08001bc8       0x30 ./source/adc_software_trigger.o
                0x08001bc8                GAU_ADC0_IRQHandler
 .text.count_peaks_auto
                0x08001bf8      0x194 ./source/adc_software_trigger.o
                0x08001bf8                count_peaks_auto
 .text.classify_ecg
                0x08001d8c       0x9c ./source/adc_software_trigger.o
                0x08001d8c                classify_ecg
 .text.main     0x08001e28      0x198 ./source/adc_software_trigger.o
                0x08001e28                main
 .text.ADC_GetInstance
                0x08001fc0       0x54 ./drivers/fsl_adc.o
 .text.ADC_Init
                0x08002014      0x218 ./drivers/fsl_adc.o
                0x08002014                ADC_Init
 .text.ADC_GetDefaultConfig
                0x0800222c       0xe8 ./drivers/fsl_adc.o
                0x0800222c                ADC_GetDefaultConfig
 .text.ADC_DoAutoCalibration
                0x08002314       0xa0 ./drivers/fsl_adc.o
                0x08002314                ADC_DoAutoCalibration
 .text.CLOCK_GetSysOscFreq
                0x080023b4       0x54 ./drivers/fsl_clock.o
 .text.CLOCK_GetMclkInClkFreq
                0x08002408       0x18 ./drivers/fsl_clock.o
 .text.CLOCK_GetLpOscFreq
                0x08002420       0x30 ./drivers/fsl_clock.o
 .text.CLOCK_DelayUs
                0x08002450       0x90 ./drivers/fsl_clock.o
 .text.CLOCK_GetT3PllMciIrcClkFreq
                0x080024e0       0x58 ./drivers/fsl_clock.o
                0x080024e0                CLOCK_GetT3PllMciIrcClkFreq
 .text.CLOCK_GetT3PllMci256mClkFreq
                0x08002538       0x1c ./drivers/fsl_clock.o
                0x08002538                CLOCK_GetT3PllMci256mClkFreq
 .text.CLOCK_GetTcpuFvcoFreq
                0x08002554       0xa4 ./drivers/fsl_clock.o
 .text.CLOCK_GetTcpuMciClkFreq
                0x080025f8       0x24 ./drivers/fsl_clock.o
                0x080025f8                CLOCK_GetTcpuMciClkFreq
 .text.CLOCK_EnableClock
                0x0800261c      0x118 ./drivers/fsl_clock.o
                0x0800261c                CLOCK_EnableClock
 .text.CLOCK_DisableClock
                0x08002734      0x104 ./drivers/fsl_clock.o
                0x08002734                CLOCK_DisableClock
 .text.CLOCK_AttachClk
                0x08002838       0xf4 ./drivers/fsl_clock.o
                0x08002838                CLOCK_AttachClk
 .text.CLOCK_GetAvPllCh1Freq
                0x0800292c       0x5c ./drivers/fsl_clock.o
                0x0800292c                CLOCK_GetAvPllCh1Freq
 .text.CLOCK_GetMainPllClkFreq
                0x08002988       0x20 ./drivers/fsl_clock.o
 .text.CLOCK_GetAudioPllClkFreq
                0x080029a8       0x20 ./drivers/fsl_clock.o
 .text.CLOCK_GetMainClkFreq
                0x080029c8       0xac ./drivers/fsl_clock.o
                0x080029c8                CLOCK_GetMainClkFreq
 .text.CLOCK_GetCoreSysClkFreq
                0x08002a74       0x20 ./drivers/fsl_clock.o
                0x08002a74                CLOCK_GetCoreSysClkFreq
 .text.CLOCK_GetFRGClock
                0x08002a94      0x148 ./drivers/fsl_clock.o
                0x08002a94                CLOCK_GetFRGClock
 .text.CLOCK_SetFRGClock
                0x08002bdc       0xa4 ./drivers/fsl_clock.o
                0x08002bdc                CLOCK_SetFRGClock
 .text.CLOCK_GetMclkClkFreq
                0x08002c80       0x60 ./drivers/fsl_clock.o
                0x08002c80                CLOCK_GetMclkClkFreq
 .text.CLOCK_GetFlexCommClkFreq
                0x08002ce0       0xa4 ./drivers/fsl_clock.o
                0x08002ce0                CLOCK_GetFlexCommClkFreq
 .text.CLOCK_CfgTcpuRefClk
                0x08002d84      0x114 ./drivers/fsl_clock.o
 .text.CLOCK_InitTcpuRefClk
                0x08002e98       0x70 ./drivers/fsl_clock.o
                0x08002e98                CLOCK_InitTcpuRefClk
 .text.CLOCK_DeinitTcpuRefClk
                0x08002f08       0x40 ./drivers/fsl_clock.o
                0x08002f08                CLOCK_DeinitTcpuRefClk
 .text.CLOCK_InitTddrRefClk
                0x08002f48       0x7c ./drivers/fsl_clock.o
                0x08002f48                CLOCK_InitTddrRefClk
 .text.CLOCK_DeinitTddrRefClk
                0x08002fc4       0x40 ./drivers/fsl_clock.o
                0x08002fc4                CLOCK_DeinitTddrRefClk
 .text.CLOCK_InitT3RefClk
                0x08003004       0x80 ./drivers/fsl_clock.o
                0x08003004                CLOCK_InitT3RefClk
 .text.CLOCK_DeinitT3RefClk
                0x08003084       0x38 ./drivers/fsl_clock.o
                0x08003084                CLOCK_DeinitT3RefClk
 .text.CLOCK_ConfigAvPll
                0x080030bc       0xf4 ./drivers/fsl_clock.o
 .text.CLOCK_ConfigAvPllCh1
                0x080031b0       0x84 ./drivers/fsl_clock.o
 .text.CLOCK_ConfigAvPllCh2
                0x08003234       0x64 ./drivers/fsl_clock.o
 .text.CLOCK_PowerUpAnaGrp
                0x08003298       0x34 ./drivers/fsl_clock.o
 .text.CLOCK_PowerDownAnaGrp
                0x080032cc       0x30 ./drivers/fsl_clock.o
 .text.CLOCK_EnableAvPllCh
                0x080032fc      0x154 ./drivers/fsl_clock.o
                0x080032fc                CLOCK_EnableAvPllCh
 .text.CLOCK_DisableAvPllCh
                0x08003450       0x60 ./drivers/fsl_clock.o
                0x08003450                CLOCK_DisableAvPllCh
 .text.CLOCK_InitAvPll
                0x080034b0       0x88 ./drivers/fsl_clock.o
                0x080034b0                CLOCK_InitAvPll
 .text.CLOCK_DeinitAvPll
                0x08003538       0x54 ./drivers/fsl_clock.o
                0x08003538                CLOCK_DeinitAvPll
 .text.SDK_DelayAtLeastUs
                0x0800358c       0x8c ./drivers/fsl_common_arm.o
                0x0800358c                SDK_DelayAtLeastUs
 .text.FLEXCOMM_GetInstance
                0x08003618       0x4c ./drivers/fsl_flexcomm.o
                0x08003618                FLEXCOMM_GetInstance
 .text.FLEXCOMM_Init
                0x08003664       0x50 ./drivers/fsl_flexcomm.o
                0x08003664                FLEXCOMM_Init
 .text.FLEXCOMM0_DriverIRQHandler
                0x080036b4       0x5c ./drivers/fsl_flexcomm.o
                0x080036b4                FLEXCOMM0_DriverIRQHandler
 .text.FLEXCOMM1_DriverIRQHandler
                0x08003710       0x5c ./drivers/fsl_flexcomm.o
                0x08003710                FLEXCOMM1_DriverIRQHandler
 .text.FLEXCOMM2_DriverIRQHandler
                0x0800376c       0x5c ./drivers/fsl_flexcomm.o
                0x0800376c                FLEXCOMM2_DriverIRQHandler
 .text.FLEXCOMM3_DriverIRQHandler
                0x080037c8       0x5c ./drivers/fsl_flexcomm.o
                0x080037c8                FLEXCOMM3_DriverIRQHandler
 .text.FLEXCOMM14_DriverIRQHandler
                0x08003824       0x5c ./drivers/fsl_flexcomm.o
                0x08003824                FLEXCOMM14_DriverIRQHandler
 .text.FLEXSPI_DriverIRQHandler
                0x08003880       0x24 ./drivers/fsl_flexspi.o
                0x08003880                FLEXSPI_DriverIRQHandler
 .text.otp_get_nonmask_status_result
                0x080038a4       0x60 ./drivers/fsl_ocotp.o
 .text.otp_wait_busy
                0x08003904       0x50 ./drivers/fsl_ocotp.o
 .text.otp_clear_status
                0x08003954       0x28 ./drivers/fsl_ocotp.o
 .text.OCOTP_OtpInit
                0x0800397c       0x34 ./drivers/fsl_ocotp.o
                0x0800397c                OCOTP_OtpInit
 .text.OCOTP_OtpDeinit
                0x080039b0       0x44 ./drivers/fsl_ocotp.o
                0x080039b0                OCOTP_OtpDeinit
 .text.OCOTP_OtpFuseRead
                0x080039f4       0x74 ./drivers/fsl_ocotp.o
                0x080039f4                OCOTP_OtpFuseRead
 .text.soc_otp_read
                0x08003a68      0x120 ./drivers/fsl_ocotp.o
 .text.OCOTP_ReadSVC
                0x08003b88       0x34 ./drivers/fsl_ocotp.o
                0x08003b88                OCOTP_ReadSVC
 .text.OCOTP_ReadPackage
                0x08003bbc       0x64 ./drivers/fsl_ocotp.o
                0x08003bbc                OCOTP_ReadPackage
 .text.__NVIC_SetPriorityGrouping
                0x08003c20       0x48 ./drivers/fsl_power.o
 .text.__NVIC_GetPriorityGrouping
                0x08003c68       0x1c ./drivers/fsl_power.o
 .text.POWER_GetThresholdParams
                0x08003c84      0x124 ./drivers/fsl_power.o
 .text.POWER_SaveNvicState
                0x08003da8      0x140 ./drivers/fsl_power.o
 .text.POWER_RestoreNvicState
                0x08003ee8      0x13c ./drivers/fsl_power.o
 .text.CAPTIMER_DriverIRQHandler
                0x08004024       0x34 ./drivers/fsl_power.o
                0x08004024                CAPTIMER_DriverIRQHandler
 .text.POWER_EnableWakeup
                0x08004058      0x1dc ./drivers/fsl_power.o
                0x08004058                POWER_EnableWakeup
 .text.POWER_InitVSensorThreshold
                0x08004234      0x32c ./drivers/fsl_power.o
 .text.POWER_PowerOnGau
                0x08004560       0x30 ./drivers/fsl_power.o
                0x08004560                POWER_PowerOnGau
 .text.Power_InitLoadGdetCfg
                0x08004590       0x7c ./drivers/fsl_power.o
                0x08004590                Power_InitLoadGdetCfg
 .text.POWER_InitVoltage
                0x0800460c       0xa0 ./drivers/fsl_power.o
                0x0800460c                POWER_InitVoltage
 .text.POWER_TrimSvc
                0x080046ac      0x198 ./drivers/fsl_power.o
                0x080046ac                POWER_TrimSvc
 .text.RESET_SetPeripheralReset
                0x08004844       0xf8 ./drivers/fsl_reset.o
                0x08004844                RESET_SetPeripheralReset
 .text.RESET_ClearPeripheralReset
                0x0800493c      0x104 ./drivers/fsl_reset.o
                0x0800493c                RESET_ClearPeripheralReset
 .text.USART_Init
                0x08004a40      0x1d8 ./drivers/fsl_usart.o
                0x08004a40                USART_Init
 .text.USART_GetDefaultConfig
                0x08004c18       0xa0 ./drivers/fsl_usart.o
                0x08004c18                USART_GetDefaultConfig
 .text.USART_SetBaudRate
                0x08004cb8      0x18c ./drivers/fsl_usart.o
                0x08004cb8                USART_SetBaudRate
 .text.USART_WriteBlocking
                0x08004e44       0x8c ./drivers/fsl_usart.o
                0x08004e44                USART_WriteBlocking
 .text.USART_ReadBlocking
                0x08004ed0      0x104 ./drivers/fsl_usart.o
                0x08004ed0                USART_ReadBlocking
 .text.SystemInit
                0x08004fd4       0xc4 ./device/system_RW612.o
                0x08004fd4                SystemInit
 .text.getT3PllMciIrcClkFreq
                0x08005098       0x50 ./device/system_RW612.o
 .text.getTcpuFvcoFreq
                0x080050e8       0x9c ./device/system_RW612.o
 .text.getT3PllMci256mClkFreq
                0x08005184       0x1c ./device/system_RW612.o
 .text.getTcpuMciClkFreq
                0x080051a0       0x24 ./device/system_RW612.o
 .text.getSysOscFreq
                0x080051c4       0x48 ./device/system_RW612.o
 .text.getLpOscFreq
                0x0800520c       0x30 ./device/system_RW612.o
 .text.getMainPllClkFreq
                0x0800523c       0x20 ./device/system_RW612.o
 .text.SystemCoreClockUpdate
                0x0800525c       0xc4 ./device/system_RW612.o
                0x0800525c                SystemCoreClockUpdate
 .text.HAL_UartInitCommon
                0x08005320      0x110 ./component/uart/fsl_adapter_usart.o
 .text.HAL_UartReceiveBlocking
                0x08005430       0x6c ./component/uart/fsl_adapter_usart.o
                0x08005430                HAL_UartReceiveBlocking
 .text.HAL_UartSendBlocking
                0x0800549c       0x64 ./component/uart/fsl_adapter_usart.o
                0x0800549c                HAL_UartSendBlocking
 .text.mcuxClEls_isBusy
                0x08005500       0x24 ./component/els_pkc/src/comps/mcuxClEls/src/mcuxClEls_Common.o
 .text.mcuxClEls_GetErrorCode
                0x08005524      0x1c0 ./component/els_pkc/src/comps/mcuxClEls/src/mcuxClEls_Common.o
                0x08005524                mcuxClEls_GetErrorCode
 .text.mcuxClEls_WaitForOperation
                0x080056e4       0x9c ./component/els_pkc/src/comps/mcuxClEls/src/mcuxClEls_Common.o
                0x080056e4                mcuxClEls_WaitForOperation
 .text.mcuxClEls_ResetErrorFlags
                0x08005780       0x74 ./component/els_pkc/src/comps/mcuxClEls/src/mcuxClEls_Common.o
                0x08005780                mcuxClEls_ResetErrorFlags
 .text.mcuxClEls_setInput0_fixedSize
                0x080057f4       0x20 ./component/els_pkc/src/comps/mcuxClEls/src/mcuxClEls_GlitchDetector.o
 .text.mcuxClEls_startCommand
                0x08005814       0x40 ./component/els_pkc/src/comps/mcuxClEls/src/mcuxClEls_GlitchDetector.o
 .text.mcuxClEls_isBusy
                0x08005854       0x24 ./component/els_pkc/src/comps/mcuxClEls/src/mcuxClEls_GlitchDetector.o
 .text.BOARD_InitDebugConsole
                0x08005878       0x44 ./board/board.o
                0x08005878                BOARD_InitDebugConsole
 .text.LoadGdetCfg
                0x080058bc       0xd0 ./board/board.o
 .text.ConfigSvcSensor
                0x0800598c      0x168 ./board/board.o
 .text.BOARD_ClockPreConfig
                0x08005af4       0x6c ./board/board.o
                0x08005af4                BOARD_ClockPreConfig
 .text.BOARD_ClockPostConfig
                0x08005b60       0x3c ./board/board.o
                0x08005b60                BOARD_ClockPostConfig
 .text.BOARD_BootClockRUN
                0x08005b9c      0x108 ./board/clock_config.o
                0x08005b9c                BOARD_BootClockRUN
 .text.IO_MUX_SetPinMux
                0x08005ca4      0x2ac ./board/pin_mux.o
 .text.BOARD_InitPins
                0x08005f50       0x40 ./board/pin_mux.o
                0x08005f50                BOARD_InitPins
 .text._initio  0x08005f90       0x78 C:/nxp_controller/MCUXpressoIDE_25.6.136/ide/plugins/com.nxp.mcuxpresso.tools.win32_25.6.0.202501151204/tools/bin/../lib/gcc/arm-none-eabi/14.2.1/../../../../arm-none-eabi/lib/thumb/v8-m.main+fp/hard\libcr_c.a(initio.o)
                0x08005f90                _initio
 .text.frexpf   0x08006008       0x50 C:/nxp_controller/MCUXpressoIDE_25.6.136/ide/plugins/com.nxp.mcuxpresso.tools.win32_25.6.0.202501151204/tools/bin/../lib/gcc/arm-none-eabi/14.2.1/../../../../arm-none-eabi/lib/thumb/v8-m.main+fp/hard\libcr_c.a(frexpf.o)
                0x08006008                frexpf
 .text.ldexpf   0x08006058       0x40 C:/nxp_controller/MCUXpressoIDE_25.6.136/ide/plugins/com.nxp.mcuxpresso.tools.win32_25.6.0.202501151204/tools/bin/../lib/gcc/arm-none-eabi/14.2.1/../../../../arm-none-eabi/lib/thumb/v8-m.main+fp/hard\libcr_c.a(ldexpf.o)
                0x08006058                ldexpf
 .text._Cwritebuf
                0x08006098       0x70 C:/nxp_controller/MCUXpressoIDE_25.6.136/ide/plugins/com.nxp.mcuxpresso.tools.win32_25.6.0.202501151204/tools/bin/../lib/gcc/arm-none-eabi/14.2.1/../../../../arm-none-eabi/lib/thumb/v8-m.main+fp/hard\libcr_c.a(_writebuf.o)
                0x08006098                _Cwritebuf
 .text.fflush   0x08006108       0x3c C:/nxp_controller/MCUXpressoIDE_25.6.136/ide/plugins/com.nxp.mcuxpresso.tools.win32_25.6.0.202501151204/tools/bin/../lib/gcc/arm-none-eabi/14.2.1/../../../../arm-none-eabi/lib/thumb/v8-m.main+fp/hard\libcr_c.a(fflush.o)
                0x08006108                fflush
 .text.fseek    0x08006144       0xf8 C:/nxp_controller/MCUXpressoIDE_25.6.136/ide/plugins/com.nxp.mcuxpresso.tools.win32_25.6.0.202501151204/tools/bin/../lib/gcc/arm-none-eabi/14.2.1/../../../../arm-none-eabi/lib/thumb/v8-m.main+fp/hard\libcr_c.a(fseek.o)
                0x08006144                fseek
 .text.ftell    0x0800623c       0x44 C:/nxp_controller/MCUXpressoIDE_25.6.136/ide/plugins/com.nxp.mcuxpresso.tools.win32_25.6.0.202501151204/tools/bin/../lib/gcc/arm-none-eabi/14.2.1/../../../../arm-none-eabi/lib/thumb/v8-m.main+fp/hard\libcr_c.a(ftell.o)
                0x0800623c                ftell
 .text.__aeabi_dmul
                0x08006280       0xfc C:/nxp_controller/MCUXpressoIDE_25.6.136/ide/plugins/com.nxp.mcuxpresso.tools.win32_25.6.0.202501151204/tools/bin/../lib/gcc/arm-none-eabi/14.2.1/thumb/v8-m.main+fp/hard\libcr_eabihelpers.a(double.o)
                0x08006280                __aeabi_dmul
 .text.__aeabi_dsub
                0x0800637c      0x1b4 C:/nxp_controller/MCUXpressoIDE_25.6.136/ide/plugins/com.nxp.mcuxpresso.tools.win32_25.6.0.202501151204/tools/bin/../lib/gcc/arm-none-eabi/14.2.1/thumb/v8-m.main+fp/hard\libcr_eabihelpers.a(double.o)
                0x0800637c                __aeabi_dsub
 .text.__aeabi_dadd
                0x08006530      0x128 C:/nxp_controller/MCUXpressoIDE_25.6.136/ide/plugins/com.nxp.mcuxpresso.tools.win32_25.6.0.202501151204/tools/bin/../lib/gcc/arm-none-eabi/14.2.1/thumb/v8-m.main+fp/hard\libcr_eabihelpers.a(double.o)
                0x08006530                __aeabi_dadd
 .text.__aeabi_d2f
                0x08006658       0x58 C:/nxp_controller/MCUXpressoIDE_25.6.136/ide/plugins/com.nxp.mcuxpresso.tools.win32_25.6.0.202501151204/tools/bin/../lib/gcc/arm-none-eabi/14.2.1/thumb/v8-m.main+fp/hard\libcr_eabihelpers.a(double.o)
                0x08006658                __aeabi_d2f
 .text.__aeabi_f2d
                0x080066b0       0x38 C:/nxp_controller/MCUXpressoIDE_25.6.136/ide/plugins/com.nxp.mcuxpresso.tools.win32_25.6.0.202501151204/tools/bin/../lib/gcc/arm-none-eabi/14.2.1/thumb/v8-m.main+fp/hard\libcr_eabihelpers.a(float.o)
                0x080066b0                __aeabi_f2d
 .text.DbgConsole_Printf
                0x080066e8       0x2c ./utilities/debug_console_lite/fsl_debug_console.o
                0x080066e8                DbgConsole_Printf
 .text.DbgConsole_PrintfPaddingCharacter
                0x08006714       0x40 ./utilities/debug_console_lite/fsl_debug_console.o
 .text.DbgConsole_ConvertRadixNumToString
                0x08006754       0xc2 ./utilities/debug_console_lite/fsl_debug_console.o
 .text.fsl_assert_hook
                0x08006816       0x1a ./utilities/fsl_assert.o
                0x08006816                fsl_assert_hook
 .text.WDT0_IRQHandler
                0x08006830        0x8 ./startup/startup_rw612.o
                0x08006830                WDT0_IRQHandler
 .text.DMA0_IRQHandler
                0x08006838        0x8 ./startup/startup_rw612.o
                0x08006838                DMA0_IRQHandler
 .text.GPIO_INTA_IRQHandler
                0x08006840        0x8 ./startup/startup_rw612.o
                0x08006840                GPIO_INTA_IRQHandler
 .text.GPIO_INTB_IRQHandler
                0x08006848        0x8 ./startup/startup_rw612.o
                0x08006848                GPIO_INTB_IRQHandler
 .text.PIN_INT0_IRQHandler
                0x08006850        0x8 ./startup/startup_rw612.o
                0x08006850                PIN_INT0_IRQHandler
 .text.PIN_INT1_IRQHandler
                0x08006858        0x8 ./startup/startup_rw612.o
                0x08006858                PIN_INT1_IRQHandler
 .text.PIN_INT2_IRQHandler
                0x08006860        0x8 ./startup/startup_rw612.o
                0x08006860                PIN_INT2_IRQHandler
 .text.PIN_INT3_IRQHandler
                0x08006868        0x8 ./startup/startup_rw612.o
                0x08006868                PIN_INT3_IRQHandler
 .text.UTICK_IRQHandler
                0x08006870        0x8 ./startup/startup_rw612.o
                0x08006870                UTICK_IRQHandler
 .text.MRT_IRQHandler
                0x08006878        0x8 ./startup/startup_rw612.o
                0x08006878                MRT_IRQHandler
 .text.CTIMER0_IRQHandler
                0x08006880        0x8 ./startup/startup_rw612.o
                0x08006880                CTIMER0_IRQHandler
 .text.CTIMER1_IRQHandler
                0x08006888        0x8 ./startup/startup_rw612.o
                0x08006888                CTIMER1_IRQHandler
 .text.SCT0_IRQHandler
                0x08006890        0x8 ./startup/startup_rw612.o
                0x08006890                SCT0_IRQHandler
 .text.CTIMER3_IRQHandler
                0x08006898        0x8 ./startup/startup_rw612.o
                0x08006898                CTIMER3_IRQHandler
 .text.FLEXCOMM0_IRQHandler
                0x080068a0        0x8 ./startup/startup_rw612.o
                0x080068a0                FLEXCOMM0_IRQHandler
 .text.FLEXCOMM1_IRQHandler
                0x080068a8        0x8 ./startup/startup_rw612.o
                0x080068a8                FLEXCOMM1_IRQHandler
 .text.FLEXCOMM2_IRQHandler
                0x080068b0        0x8 ./startup/startup_rw612.o
                0x080068b0                FLEXCOMM2_IRQHandler
 .text.FLEXCOMM3_IRQHandler
                0x080068b8        0x8 ./startup/startup_rw612.o
                0x080068b8                FLEXCOMM3_IRQHandler
 .text.Reserved34_IRQHandler
                0x080068c0        0x8 ./startup/startup_rw612.o
                0x080068c0                Reserved34_IRQHandler
 .text.Reserved35_IRQHandler
                0x080068c8        0x8 ./startup/startup_rw612.o
                0x080068c8                Reserved35_IRQHandler
 .text.FLEXCOMM14_IRQHandler
                0x080068d0        0x8 ./startup/startup_rw612.o
                0x080068d0                FLEXCOMM14_IRQHandler
 .text.Reserved37_IRQHandler
                0x080068d8        0x8 ./startup/startup_rw612.o
                0x080068d8                Reserved37_IRQHandler
 .text.Reserved38_IRQHandler
                0x080068e0        0x8 ./startup/startup_rw612.o
                0x080068e0                Reserved38_IRQHandler
 .text.GFMRT_IRQHandler
                0x080068e8        0x8 ./startup/startup_rw612.o
                0x080068e8                GFMRT_IRQHandler
 .text.Reserved40_IRQHandler
                0x080068f0        0x8 ./startup/startup_rw612.o
                0x080068f0                Reserved40_IRQHandler
 .text.DMIC_IRQHandler
                0x080068f8        0x8 ./startup/startup_rw612.o
                0x080068f8                DMIC_IRQHandler
 .text.WKDEEPSLEEP_IRQHandler
                0x08006900        0x8 ./startup/startup_rw612.o
                0x08006900                WKDEEPSLEEP_IRQHandler
 .text.HYPERVISOR_IRQHandler
                0x08006908        0x8 ./startup/startup_rw612.o
                0x08006908                HYPERVISOR_IRQHandler
 .text.SECUREVIOLATION_IRQHandler
                0x08006910        0x8 ./startup/startup_rw612.o
                0x08006910                SECUREVIOLATION_IRQHandler
 .text.HWVAD_IRQHandler
                0x08006918        0x8 ./startup/startup_rw612.o
                0x08006918                HWVAD_IRQHandler
 .text.Reserved46_IRQHandler
                0x08006920        0x8 ./startup/startup_rw612.o
                0x08006920                Reserved46_IRQHandler
 .text.Reserved47_IRQHandler
                0x08006928        0x8 ./startup/startup_rw612.o
                0x08006928                Reserved47_IRQHandler
 .text.RTC_IRQHandler
                0x08006930        0x8 ./startup/startup_rw612.o
                0x08006930                RTC_IRQHandler
 .text.Reserved49_IRQHandler
                0x08006938        0x8 ./startup/startup_rw612.o
                0x08006938                Reserved49_IRQHandler
 .text.Reserved50_IRQHandler
                0x08006940        0x8 ./startup/startup_rw612.o
                0x08006940                Reserved50_IRQHandler
 .text.PIN_INT4_IRQHandler
                0x08006948        0x8 ./startup/startup_rw612.o
                0x08006948                PIN_INT4_IRQHandler
 .text.PIN_INT5_IRQHandler
                0x08006950        0x8 ./startup/startup_rw612.o
                0x08006950                PIN_INT5_IRQHandler
 .text.PIN_INT6_IRQHandler
                0x08006958        0x8 ./startup/startup_rw612.o
                0x08006958                PIN_INT6_IRQHandler
 .text.PIN_INT7_IRQHandler
                0x08006960        0x8 ./startup/startup_rw612.o
                0x08006960                PIN_INT7_IRQHandler
 .text.CTIMER2_IRQHandler
                0x08006968        0x8 ./startup/startup_rw612.o
                0x08006968                CTIMER2_IRQHandler
 .text.CTIMER4_IRQHandler
                0x08006970        0x8 ./startup/startup_rw612.o
                0x08006970                CTIMER4_IRQHandler
 .text.OS_EVENT_TIMER_IRQHandler
                0x08006978        0x8 ./startup/startup_rw612.o
                0x08006978                OS_EVENT_TIMER_IRQHandler
 .text.FLEXSPI_IRQHandler
                0x08006980        0x8 ./startup/startup_rw612.o
                0x08006980                FLEXSPI_IRQHandler
 .text.Reserved59_IRQHandler
                0x08006988        0x8 ./startup/startup_rw612.o
                0x08006988                Reserved59_IRQHandler
 .text.Reserved60_IRQHandler
                0x08006990        0x8 ./startup/startup_rw612.o
                0x08006990                Reserved60_IRQHandler
 .text.Reserved61_IRQHandler
                0x08006998        0x8 ./startup/startup_rw612.o
                0x08006998                Reserved61_IRQHandler
 .text.SDIO_IRQHandler
                0x080069a0        0x8 ./startup/startup_rw612.o
                0x080069a0                SDIO_IRQHandler
 .text.SGPIO_INTA_IRQHandler
                0x080069a8        0x8 ./startup/startup_rw612.o
                0x080069a8                SGPIO_INTA_IRQHandler
 .text.SGPIO_INTB_IRQHandler
                0x080069b0        0x8 ./startup/startup_rw612.o
                0x080069b0                SGPIO_INTB_IRQHandler
 .text.Reserved65_IRQHandler
                0x080069b8        0x8 ./startup/startup_rw612.o
                0x080069b8                Reserved65_IRQHandler
 .text.USB_IRQHandler
                0x080069c0        0x8 ./startup/startup_rw612.o
                0x080069c0                USB_IRQHandler
 .text.Reserved67_IRQHandler
                0x080069c8        0x8 ./startup/startup_rw612.o
                0x080069c8                Reserved67_IRQHandler
 .text.Reserved68_IRQHandler
                0x080069d0        0x8 ./startup/startup_rw612.o
                0x080069d0                Reserved68_IRQHandler
 .text.Reserved69_IRQHandler
                0x080069d8        0x8 ./startup/startup_rw612.o
                0x080069d8                Reserved69_IRQHandler
 .text.DMA1_IRQHandler
                0x080069e0        0x8 ./startup/startup_rw612.o
                0x080069e0                DMA1_IRQHandler
 .text.PUF_IRQHandler
                0x080069e8        0x8 ./startup/startup_rw612.o
                0x080069e8                PUF_IRQHandler
 .text.POWERQUAD_IRQHandler
                0x080069f0        0x8 ./startup/startup_rw612.o
                0x080069f0                POWERQUAD_IRQHandler
 .text.Reserved73_IRQHandler
                0x080069f8        0x8 ./startup/startup_rw612.o
                0x080069f8                Reserved73_IRQHandler
 .text.Reserved74_IRQHandler
                0x08006a00        0x8 ./startup/startup_rw612.o
                0x08006a00                Reserved74_IRQHandler
 .text.Reserved75_IRQHandler
                0x08006a08        0x8 ./startup/startup_rw612.o
                0x08006a08                Reserved75_IRQHandler
 .text.Reserved76_IRQHandler
                0x08006a10        0x8 ./startup/startup_rw612.o
                0x08006a10                Reserved76_IRQHandler
 .text.LCD_IRQHandler
                0x08006a18        0x8 ./startup/startup_rw612.o
                0x08006a18                LCD_IRQHandler
 .text.CAPTIMER_IRQHandler
                0x08006a20        0x8 ./startup/startup_rw612.o
                0x08006a20                CAPTIMER_IRQHandler
 .text.Reserved79_IRQHandler
                0x08006a28        0x8 ./startup/startup_rw612.o
                0x08006a28                Reserved79_IRQHandler
 .text.W2MWKUP_DONE0_IRQHandler
                0x08006a30        0x8 ./startup/startup_rw612.o
                0x08006a30                W2MWKUP_DONE0_IRQHandler
 .text.W2MWKUP_DONE1_IRQHandler
                0x08006a38        0x8 ./startup/startup_rw612.o
                0x08006a38                W2MWKUP_DONE1_IRQHandler
 .text.W2MWKUP_DONE2_IRQHandler
                0x08006a40        0x8 ./startup/startup_rw612.o
                0x08006a40                W2MWKUP_DONE2_IRQHandler
 .text.W2MWKUP_DONE3_IRQHandler
                0x08006a48        0x8 ./startup/startup_rw612.o
                0x08006a48                W2MWKUP_DONE3_IRQHandler
 .text.W2MWKUP_DONE4_IRQHandler
                0x08006a50        0x8 ./startup/startup_rw612.o
                0x08006a50                W2MWKUP_DONE4_IRQHandler
 .text.W2MWKUP_DONE5_IRQHandler
                0x08006a58        0x8 ./startup/startup_rw612.o
                0x08006a58                W2MWKUP_DONE5_IRQHandler
 .text.W2MWKUP_DONE6_IRQHandler
                0x08006a60        0x8 ./startup/startup_rw612.o
                0x08006a60                W2MWKUP_DONE6_IRQHandler
 .text.W2MWKUP_DONE7_IRQHandler
                0x08006a68        0x8 ./startup/startup_rw612.o
                0x08006a68                W2MWKUP_DONE7_IRQHandler
 .text.W2MWKUP0_IRQHandler
                0x08006a70        0x8 ./startup/startup_rw612.o
                0x08006a70                W2MWKUP0_IRQHandler
 .text.W2MWKUP1_IRQHandler
                0x08006a78        0x8 ./startup/startup_rw612.o
                0x08006a78                W2MWKUP1_IRQHandler
 .text.WL_MCI_INT0_IRQHandler
                0x08006a80        0x8 ./startup/startup_rw612.o
                0x08006a80                WL_MCI_INT0_IRQHandler
 .text.WL_MCI_INT1_IRQHandler
                0x08006a88        0x8 ./startup/startup_rw612.o
                0x08006a88                WL_MCI_INT1_IRQHandler
 .text.WL_MCI_INT2_IRQHandler
                0x08006a90        0x8 ./startup/startup_rw612.o
                0x08006a90                WL_MCI_INT2_IRQHandler
 .text.WL_MCI_INT3_IRQHandler
                0x08006a98        0x8 ./startup/startup_rw612.o
                0x08006a98                WL_MCI_INT3_IRQHandler
 .text.WL_MCI_INT4_IRQHandler
                0x08006aa0        0x8 ./startup/startup_rw612.o
                0x08006aa0                WL_MCI_INT4_IRQHandler
 .text.WL_MCI_INT5_IRQHandler
                0x08006aa8        0x8 ./startup/startup_rw612.o
                0x08006aa8                WL_MCI_INT5_IRQHandler
 .text.WL_MCI_INT6_IRQHandler
                0x08006ab0        0x8 ./startup/startup_rw612.o
                0x08006ab0                WL_MCI_INT6_IRQHandler
 .text.WL_MCI_INT7_IRQHandler
                0x08006ab8        0x8 ./startup/startup_rw612.o
                0x08006ab8                WL_MCI_INT7_IRQHandler
 .text.B2MWKUP_DONE0_IRQHandler
                0x08006ac0        0x8 ./startup/startup_rw612.o
                0x08006ac0                B2MWKUP_DONE0_IRQHandler
 .text.B2MWKUP_DONE1_IRQHandler
                0x08006ac8        0x8 ./startup/startup_rw612.o
                0x08006ac8                B2MWKUP_DONE1_IRQHandler
 .text.B2MWKUP_DONE2_IRQHandler
                0x08006ad0        0x8 ./startup/startup_rw612.o
                0x08006ad0                B2MWKUP_DONE2_IRQHandler
 .text.B2MWKUP_DONE3_IRQHandler
                0x08006ad8        0x8 ./startup/startup_rw612.o
                0x08006ad8                B2MWKUP_DONE3_IRQHandler
 .text.B2MWKUP_DONE4_IRQHandler
                0x08006ae0        0x8 ./startup/startup_rw612.o
                0x08006ae0                B2MWKUP_DONE4_IRQHandler
 .text.B2MWKUP_DONE5_IRQHandler
                0x08006ae8        0x8 ./startup/startup_rw612.o
                0x08006ae8                B2MWKUP_DONE5_IRQHandler
 .text.B2MWKUP_DONE6_IRQHandler
                0x08006af0        0x8 ./startup/startup_rw612.o
                0x08006af0                B2MWKUP_DONE6_IRQHandler
 .text.B2MWKUP_DONE7_IRQHandler
                0x08006af8        0x8 ./startup/startup_rw612.o
                0x08006af8                B2MWKUP_DONE7_IRQHandler
 .text.B2MWKUP0_IRQHandler
                0x08006b00        0x8 ./startup/startup_rw612.o
                0x08006b00                B2MWKUP0_IRQHandler
 .text.B2MWKUP1_IRQHandler
                0x08006b08        0x8 ./startup/startup_rw612.o
                0x08006b08                B2MWKUP1_IRQHandler
 .text.BLE_MCI_INT0_IRQHandler
                0x08006b10        0x8 ./startup/startup_rw612.o
                0x08006b10                BLE_MCI_INT0_IRQHandler
 .text.BLE_MCI_INT1_IRQHandler
                0x08006b18        0x8 ./startup/startup_rw612.o
                0x08006b18                BLE_MCI_INT1_IRQHandler
 .text.BLE_MCI_INT2_IRQHandler
                0x08006b20        0x8 ./startup/startup_rw612.o
                0x08006b20                BLE_MCI_INT2_IRQHandler
 .text.BLE_MCI_INT3_IRQHandler
                0x08006b28        0x8 ./startup/startup_rw612.o
                0x08006b28                BLE_MCI_INT3_IRQHandler
 .text.BLE_MCI_INT4_IRQHandler
                0x08006b30        0x8 ./startup/startup_rw612.o
                0x08006b30                BLE_MCI_INT4_IRQHandler
 .text.BLE_MCI_INT5_IRQHandler
                0x08006b38        0x8 ./startup/startup_rw612.o
                0x08006b38                BLE_MCI_INT5_IRQHandler
 .text.BLE_MCI_INT6_IRQHandler
                0x08006b40        0x8 ./startup/startup_rw612.o
                0x08006b40                BLE_MCI_INT6_IRQHandler
 .text.BLE_MCI_INT7_IRQHandler
                0x08006b48        0x8 ./startup/startup_rw612.o
                0x08006b48                BLE_MCI_INT7_IRQHandler
 .text.PIN0_INT_IRQHandler
                0x08006b50        0x8 ./startup/startup_rw612.o
                0x08006b50                PIN0_INT_IRQHandler
 .text.PIN1_INT_IRQHandler
                0x08006b58        0x8 ./startup/startup_rw612.o
                0x08006b58                PIN1_INT_IRQHandler
 .text.ELS_IRQHandler
                0x08006b60        0x8 ./startup/startup_rw612.o
                0x08006b60                ELS_IRQHandler
 .text.ELS_GDET_IRQHandler
                0x08006b68        0x8 ./startup/startup_rw612.o
                0x08006b68                ELS_GDET_IRQHandler
 .text.ELS_GDET_UM_IRQHandler
                0x08006b70        0x8 ./startup/startup_rw612.o
                0x08006b70                ELS_GDET_UM_IRQHandler
 .text.PKC_INT_IRQHandler
                0x08006b78        0x8 ./startup/startup_rw612.o
                0x08006b78                PKC_INT_IRQHandler
 .text.PKC_ERR_IRQHandler
                0x08006b80        0x8 ./startup/startup_rw612.o
                0x08006b80                PKC_ERR_IRQHandler
 .text.CDOG_INT_IRQHandler
                0x08006b88        0x8 ./startup/startup_rw612.o
                0x08006b88                CDOG_INT_IRQHandler
 .text.GAU_DAC_IRQHandler
                0x08006b90        0x8 ./startup/startup_rw612.o
                0x08006b90                GAU_DAC_IRQHandler
 .text.GAU_ACOMP_WKUP_IRQHandler
                0x08006b98        0x8 ./startup/startup_rw612.o
                0x08006b98                GAU_ACOMP_WKUP_IRQHandler
 .text.GAU_ACOMP_IRQHandler
                0x08006ba0        0x8 ./startup/startup_rw612.o
                0x08006ba0                GAU_ACOMP_IRQHandler
 .text.GAU_ADC1_IRQHandler
                0x08006ba8        0x8 ./startup/startup_rw612.o
                0x08006ba8                GAU_ADC1_IRQHandler
 .text.USIM_IRQHandler
                0x08006bb0        0x8 ./startup/startup_rw612.o
                0x08006bb0                USIM_IRQHandler
 .text.OTP_IRQHandler
                0x08006bb8        0x8 ./startup/startup_rw612.o
                0x08006bb8                OTP_IRQHandler
 .text.ENET_IRQHandler
                0x08006bc0        0x8 ./startup/startup_rw612.o
                0x08006bc0                ENET_IRQHandler
 .text.ENET_TIMER_IRQHandler
                0x08006bc8        0x8 ./startup/startup_rw612.o
                0x08006bc8                ENET_TIMER_IRQHandler
 .text.PMIP_IRQHandler
                0x08006bd0        0x8 ./startup/startup_rw612.o
                0x08006bd0                PMIP_IRQHandler
 .text.PMIP_CHANGE_IRQHandler
                0x08006bd8        0x8 ./startup/startup_rw612.o
                0x08006bd8                PMIP_CHANGE_IRQHandler
 .text.ITRC_IRQHandler
                0x08006be0        0x8 ./startup/startup_rw612.o
                0x08006be0                ITRC_IRQHandler
 .text.Reserved136_IRQHandler
                0x08006be8        0x8 ./startup/startup_rw612.o
                0x08006be8                Reserved136_IRQHandler
 .text.Reserved137_IRQHandler
                0x08006bf0        0x8 ./startup/startup_rw612.o
                0x08006bf0                Reserved137_IRQHandler
 .text.Reserved138_IRQHandler
                0x08006bf8        0x8 ./startup/startup_rw612.o
                0x08006bf8                Reserved138_IRQHandler
 .text.TRNG_IRQHandler
                0x08006c00        0x8 ./startup/startup_rw612.o
                0x08006c00                TRNG_IRQHandler
 .text.ACC_C_INT_IRQHandler
                0x08006c08        0x8 ./startup/startup_rw612.o
                0x08006c08                ACC_C_INT_IRQHandler
 .text.ACC_S_INT_IRQHandler
                0x08006c10        0x8 ./startup/startup_rw612.o
                0x08006c10                ACC_S_INT_IRQHandler
 .text.WACC_IRQHandler
                0x08006c18        0x8 ./startup/startup_rw612.o
                0x08006c18                WACC_IRQHandler
 .text.BACC_IRQHandler
                0x08006c20        0x8 ./startup/startup_rw612.o
                0x08006c20                BACC_IRQHandler
 .text.GDMA_IRQHandler
                0x08006c28        0x8 ./startup/startup_rw612.o
                0x08006c28                GDMA_IRQHandler
 .text.EnableIRQ
                0x08006c30       0x32 ./source/adc_software_trigger.o
 .text.ADC_DoSoftwareTrigger
                0x08006c62       0x20 ./source/adc_software_trigger.o
 .text.ADC_StopConversion
                0x08006c82       0x20 ./source/adc_software_trigger.o
 .text.ADC_GetConversionResult
                0x08006ca2       0x18 ./source/adc_software_trigger.o
 .text.ADC_EnableInterrupts
                0x08006cba       0x24 ./source/adc_software_trigger.o
 .text.ADC_ClearStatusFlags
                0x08006cde       0x26 ./source/adc_software_trigger.o
 .text.HardFault_Handler
                0x08006d04       0x36 ./source/semihost_hardfault.o
                0x08006d04                HardFault_Handler
 .text.ADC_DoSoftwareReset
                0x08006d3a       0x40 ./drivers/fsl_adc.o
 .text.ADC_SetScanChannel
                0x08006d7a       0x6c ./drivers/fsl_adc.o
                0x08006d7a                ADC_SetScanChannel
 .text.ADC_GetStatusFlags
                0x08006de6       0x34 ./drivers/fsl_adc.o
                0x08006de6                ADC_GetStatusFlags
 .text.CLOCK_GetClk32KFreq
                0x08006e1a       0x12 ./drivers/fsl_clock.o
 .text.CLOCK_Delay
                0x08006e2c       0x22 ./drivers/fsl_clock.o
 .text.CLOCK_SetClkDiv
                0x08006e4e       0x78 ./drivers/fsl_clock.o
                0x08006e4e                CLOCK_SetClkDiv
 .text.CLOCK_GetFreq
                0x08006ec6       0x3c ./drivers/fsl_clock.o
                0x08006ec6                CLOCK_GetFreq
 .text.CLOCK_GetFFroFreq
                0x08006f02        0xe ./drivers/fsl_clock.o
                0x08006f02                CLOCK_GetFFroFreq
 .text.CLOCK_GetSFroFreq
                0x08006f10       0x10 ./drivers/fsl_clock.o
                0x08006f10                CLOCK_GetSFroFreq
 .text.DelayLoop
                0x08006f20       0x20 ./drivers/fsl_common_arm.o
 .text.FLEXCOMM_PeripheralIsPresent
                0x08006f40       0x64 ./drivers/fsl_flexcomm.o
 .text.FLEXCOMM_SetPeriph
                0x08006fa4       0x74 ./drivers/fsl_flexcomm.o
 .text.OCOTP_ReadSocOtp
                0x08007018       0x6a ./drivers/fsl_ocotp.o
                0x08007018                OCOTP_ReadSocOtp
 .text.DisableGlobalIRQ
                0x08007082       0x22 ./drivers/fsl_power.o
 .text.EnableGlobalIRQ
                0x080070a4       0x20 ./drivers/fsl_power.o
 .text.RESET_PeripheralReset
                0x080070c4       0x22 ./drivers/fsl_reset.o
                0x080070c4                RESET_PeripheralReset
 .text.USART_EnableContinuousSCLK
                0x080070e6       0x38 ./drivers/fsl_usart.o
 .text.USART_SetRxTimeoutConfig
                0x0800711e       0x68 ./drivers/fsl_usart.o
                0x0800711e                USART_SetRxTimeoutConfig
 .text.getFFroFreq
                0x08007186        0xe ./device/system_RW612.o
 .text.getSFroFreq
                0x08007194       0x10 ./device/system_RW612.o
 .text.SystemInitHook
                0x080071a4        0xe ./device/system_RW612.o
                0x080071a4                SystemInitHook
 .text.HAL_UartGetStatus
                0x080071b2       0x22 ./component/uart/fsl_adapter_usart.o
 .text.HAL_UartInit
                0x080071d4       0x36 ./component/uart/fsl_adapter_usart.o
                0x080071d4                HAL_UartInit
 .text.mcuxClEls_getSfrField
                0x0800720a       0x24 ./component/els_pkc/src/comps/mcuxClEls/src/mcuxClEls_Common.o
 .text.mcuxClEls_GlitchDetector_LoadConfig_Async
                0x0800722e       0x98 ./component/els_pkc/src/comps/mcuxClEls/src/mcuxClEls_GlitchDetector.o
                0x0800722e                mcuxClEls_GlitchDetector_LoadConfig_Async
 .text.BOARD_InitHardware
                0x080072c6       0x3a ./board/hardware_init.o
                0x080072c6                BOARD_InitHardware
 .text.__main   0x08007300        0xe C:/nxp_controller/MCUXpressoIDE_25.6.136/ide/plugins/com.nxp.mcuxpresso.tools.win32_25.6.0.202501151204/tools/bin/../lib/gcc/arm-none-eabi/14.2.1/../../../../arm-none-eabi/lib/thumb/v8-m.main+fp/hard\libcr_nohost_nf.a(_cr__main.o)
                0x08007300                __main
 .text.sqrtf    0x0800730e        0x6 C:/nxp_controller/MCUXpressoIDE_25.6.136/ide/plugins/com.nxp.mcuxpresso.tools.win32_25.6.0.202501151204/tools/bin/../lib/gcc/arm-none-eabi/14.2.1/../../../../arm-none-eabi/lib/thumb/v8-m.main+fp/hard\libcr_c.a(sqrtf_m4_hardfp.o)
                0x0800730e                sqrtf
 .text.memset   0x08007314        0x4 C:/nxp_controller/MCUXpressoIDE_25.6.136/ide/plugins/com.nxp.mcuxpresso.tools.win32_25.6.0.202501151204/tools/bin/../lib/gcc/arm-none-eabi/14.2.1/../../../../arm-none-eabi/lib/thumb/v8-m.main+fp/hard\libcr_c.a(memset.o)
                0x08007314                memset
 .text.free     0x08007318       0x30 C:/nxp_controller/MCUXpressoIDE_25.6.136/ide/plugins/com.nxp.mcuxpresso.tools.win32_25.6.0.202501151204/tools/bin/../lib/gcc/arm-none-eabi/14.2.1/../../../../arm-none-eabi/lib/thumb/v8-m.main+fp/hard\libcr_c.a(alloc.o)
                0x08007318                free
 .text.setvbuf  0x08007348       0x3e C:/nxp_controller/MCUXpressoIDE_25.6.136/ide/plugins/com.nxp.mcuxpresso.tools.win32_25.6.0.202501151204/tools/bin/../lib/gcc/arm-none-eabi/14.2.1/../../../../arm-none-eabi/lib/thumb/v8-m.main+fp/hard\libcr_c.a(setvbuf.o)
                0x08007348                setvbuf
 .text.strlen   0x08007386       0x4e C:/nxp_controller/MCUXpressoIDE_25.6.136/ide/plugins/com.nxp.mcuxpresso.tools.win32_25.6.0.202501151204/tools/bin/../lib/gcc/arm-none-eabi/14.2.1/../../../../arm-none-eabi/lib/thumb/v8-m.main+fp/hard\libcr_c.a(strlen.o)
                0x08007386                strlen
 .text._deferredlazyseek
                0x080073d4       0x40 C:/nxp_controller/MCUXpressoIDE_25.6.136/ide/plugins/com.nxp.mcuxpresso.tools.win32_25.6.0.202501151204/tools/bin/../lib/gcc/arm-none-eabi/14.2.1/../../../../arm-none-eabi/lib/thumb/v8-m.main+fp/hard\libcr_c.a(_deferredlazyseek.o)
                0x080073d4                _deferredlazyseek
 .text._fdopen  0x08007414       0x68 C:/nxp_controller/MCUXpressoIDE_25.6.136/ide/plugins/com.nxp.mcuxpresso.tools.win32_25.6.0.202501151204/tools/bin/../lib/gcc/arm-none-eabi/14.2.1/../../../../arm-none-eabi/lib/thumb/v8-m.main+fp/hard\libcr_c.a(_fdopen.o)
                0x08007414                _fdopen
 .text._fflush  0x0800747c       0x52 C:/nxp_controller/MCUXpressoIDE_25.6.136/ide/plugins/com.nxp.mcuxpresso.tools.win32_25.6.0.202501151204/tools/bin/../lib/gcc/arm-none-eabi/14.2.1/../../../../arm-none-eabi/lib/thumb/v8-m.main+fp/hard\libcr_c.a(_fflush.o)
                0x0800747c                _fflush
 .text.fclose   0x080074ce       0x58 C:/nxp_controller/MCUXpressoIDE_25.6.136/ide/plugins/com.nxp.mcuxpresso.tools.win32_25.6.0.202501151204/tools/bin/../lib/gcc/arm-none-eabi/14.2.1/../../../../arm-none-eabi/lib/thumb/v8-m.main+fp/hard\libcr_c.a(fclose.o)
                0x080074ce                fclose
 .text.remove   0x08007526       0x14 C:/nxp_controller/MCUXpressoIDE_25.6.136/ide/plugins/com.nxp.mcuxpresso.tools.win32_25.6.0.202501151204/tools/bin/../lib/gcc/arm-none-eabi/14.2.1/../../../../arm-none-eabi/lib/thumb/v8-m.main+fp/hard\libcr_c.a(remove.o)
                0x08007526                remove
 .text._do_fflush
                0x0800753a       0x40 C:/nxp_controller/MCUXpressoIDE_25.6.136/ide/plugins/com.nxp.mcuxpresso.tools.win32_25.6.0.202501151204/tools/bin/../lib/gcc/arm-none-eabi/14.2.1/../../../../arm-none-eabi/lib/thumb/v8-m.main+fp/hard\libcr_c.a(_do_fflush.o)
                0x0800753a                _do_fflush
 .text.__aeabi_division_uldivmod
                0x0800757a      0x174 C:/nxp_controller/MCUXpressoIDE_25.6.136/ide/plugins/com.nxp.mcuxpresso.tools.win32_25.6.0.202501151204/tools/bin/../lib/gcc/arm-none-eabi/14.2.1/thumb/v8-m.main+fp/hard\libcr_eabihelpers.a(division_64.o)
                0x0800757a                __aeabi_uldivmod
                0x0800757e                __bhs_ldivmod1
 .text.__aeabi_division_idiv0
                0x080076ee        0x2 C:/nxp_controller/MCUXpressoIDE_25.6.136/ide/plugins/com.nxp.mcuxpresso.tools.win32_25.6.0.202501151204/tools/bin/../lib/gcc/arm-none-eabi/14.2.1/thumb/v8-m.main+fp/hard\libcr_eabihelpers.a(division_idiv0.o)
                0x080076ee                __aeabi_idiv0
 .text.__aeabi_d2iz
                0x080076f0       0x42 C:/nxp_controller/MCUXpressoIDE_25.6.136/ide/plugins/com.nxp.mcuxpresso.tools.win32_25.6.0.202501151204/tools/bin/../lib/gcc/arm-none-eabi/14.2.1/thumb/v8-m.main+fp/hard\libcr_eabihelpers.a(double.o)
                0x080076f0                __aeabi_d2iz
 .text.__aeabi_dcmple
                0x08007732       0x54 C:/nxp_controller/MCUXpressoIDE_25.6.136/ide/plugins/com.nxp.mcuxpresso.tools.win32_25.6.0.202501151204/tools/bin/../lib/gcc/arm-none-eabi/14.2.1/thumb/v8-m.main+fp/hard\libcr_eabihelpers.a(double.o)
                0x08007732                __aeabi_dcmple
 .text.__aeabi_dcmpge
                0x08007786       0x5a C:/nxp_controller/MCUXpressoIDE_25.6.136/ide/plugins/com.nxp.mcuxpresso.tools.win32_25.6.0.202501151204/tools/bin/../lib/gcc/arm-none-eabi/14.2.1/thumb/v8-m.main+fp/hard\libcr_eabihelpers.a(double.o)
                0x08007786                __aeabi_dcmpge
 .text.__aeabi_memset_lowlevel
                0x080077e0       0x32 C:/nxp_controller/MCUXpressoIDE_25.6.136/ide/plugins/com.nxp.mcuxpresso.tools.win32_25.6.0.202501151204/tools/bin/../lib/gcc/arm-none-eabi/14.2.1/thumb/v8-m.main+fp/hard\libcr_eabihelpers.a(memcpy.o)
                0x080077e0                __aeabi_lowlevel_memset
 .text.__sys_close
                0x08007812        0x6 C:/nxp_controller/MCUXpressoIDE_25.6.136/ide/plugins/com.nxp.mcuxpresso.tools.win32_25.6.0.202501151204/tools/bin/../lib/gcc/arm-none-eabi/14.2.1/../../../../arm-none-eabi/lib/thumb/v8-m.main+fp/hard\libcr_nohost_nf.a(__sys_close.o)
                0x08007812                __sys_close
 .text.__sys_flen
                0x08007818        0x6 C:/nxp_controller/MCUXpressoIDE_25.6.136/ide/plugins/com.nxp.mcuxpresso.tools.win32_25.6.0.202501151204/tools/bin/../lib/gcc/arm-none-eabi/14.2.1/../../../../arm-none-eabi/lib/thumb/v8-m.main+fp/hard\libcr_nohost_nf.a(__sys_flen.o)
                0x08007818                __sys_flen
 .text.__sys_istty
                0x0800781e        0x6 C:/nxp_controller/MCUXpressoIDE_25.6.136/ide/plugins/com.nxp.mcuxpresso.tools.win32_25.6.0.202501151204/tools/bin/../lib/gcc/arm-none-eabi/14.2.1/../../../../arm-none-eabi/lib/thumb/v8-m.main+fp/hard\libcr_nohost_nf.a(__sys_istty.o)
                0x0800781e                __sys_istty
 .text.__sys_remove
                0x08007824        0x6 C:/nxp_controller/MCUXpressoIDE_25.6.136/ide/plugins/com.nxp.mcuxpresso.tools.win32_25.6.0.202501151204/tools/bin/../lib/gcc/arm-none-eabi/14.2.1/../../../../arm-none-eabi/lib/thumb/v8-m.main+fp/hard\libcr_nohost_nf.a(__sys_remove.o)
                0x08007824                __sys_remove
 .text.__sys_seek
                0x0800782a        0x6 C:/nxp_controller/MCUXpressoIDE_25.6.136/ide/plugins/com.nxp.mcuxpresso.tools.win32_25.6.0.202501151204/tools/bin/../lib/gcc/arm-none-eabi/14.2.1/../../../../arm-none-eabi/lib/thumb/v8-m.main+fp/hard\libcr_nohost_nf.a(__sys_seek.o)
                0x0800782a                __sys_seek
 .text.__sys_tmpnam
                0x08007830        0x6 C:/nxp_controller/MCUXpressoIDE_25.6.136/ide/plugins/com.nxp.mcuxpresso.tools.win32_25.6.0.202501151204/tools/bin/../lib/gcc/arm-none-eabi/14.2.1/../../../../arm-none-eabi/lib/thumb/v8-m.main+fp/hard\libcr_nohost_nf.a(__sys_tmpnam.o)
                0x08007830                __sys_tmpnam
 .text.__sys_write
                0x08007836        0x4 C:/nxp_controller/MCUXpressoIDE_25.6.136/ide/plugins/com.nxp.mcuxpresso.tools.win32_25.6.0.202501151204/tools/bin/../lib/gcc/arm-none-eabi/14.2.1/../../../../arm-none-eabi/lib/thumb/v8-m.main+fp/hard\libcr_nohost_nf.a(__sys_write.o)
                0x08007836                __sys_write
 *fill*         0x0800783a        0x6 ff
 .text.__sys_write.__stub
                0x08007840       0x20 linker stubs
 *(SORT_BY_ALIGNMENT(.rodata) SORT_BY_ALIGNMENT(.rodata.*) SORT_BY_ALIGNMENT(.constdata) SORT_BY_ALIGNMENT(.constdata.*))
 *fill*         0x08007860        0x0 ff
 .rodata.a1.0   0x08007860       0x88 C:/nxp_controller/MCUXpressoIDE_25.6.136/ide/plugins/com.nxp.mcuxpresso.tools.win32_25.6.0.202501151204/tools/bin/../lib/gcc/arm-none-eabi/14.2.1/../../../../arm-none-eabi/lib/thumb/v8-m.main+fp/hard\libcr_c.a(powf.o)
 .rodata.__assertion_failed.str1.4
                0x080078e8     0x12cf ./utilities/fsl_assert.o
                                 0x14 (size before relaxing)
 .rodata.count_peaks_auto.str1.4
                0x08008bb7       0x31 ./source/adc_software_trigger.o
 .rodata.classify_ecg.str1.4
                0x08008bb7       0xad ./source/adc_software_trigger.o
 .rodata.main.str1.4
                0x08008bb7      0x139 ./source/adc_software_trigger.o
 *fill*         0x08008bb7        0x1 ff
 .rodata.s_adcBases
                0x08008bb8        0x8 ./drivers/fsl_adc.o
 .rodata.s_adcClocks
                0x08008bc0        0x8 ./drivers/fsl_adc.o
 .rodata.ADC_GetInstance.str1.4
                0x08008bc8       0x28 ./drivers/fsl_adc.o
 .rodata.ADC_Init.str1.4
                0x08008bc8       0x1e ./drivers/fsl_adc.o
 .rodata.ADC_GetDefaultConfig.str1.4
                0x08008bc8       0x1f ./drivers/fsl_adc.o
 .rodata.s_avpllFreq
                0x08008bc8       0x2c ./drivers/fsl_clock.o
 .rodata.s_avpllFreqOff
                0x08008bf4       0x2c ./drivers/fsl_clock.o
 .rodata.s_avpllPostDiv
                0x08008c20       0x2c ./drivers/fsl_clock.o
 .rodata.s_avpllPostDiv0p5
                0x08008c4c       0x2c ./drivers/fsl_clock.o
 .rodata.CLOCK_DelayUs.str1.4
                0x08008c78       0x94 ./drivers/fsl_clock.o
 .rodata.CLOCK_GetT3PllMciIrcClkFreq.str1.4
                0x08008c78       0x18 ./drivers/fsl_clock.o
 .rodata.CLOCK_GetTcpuFvcoFreq.str1.4
                0x08008c78       0x18 ./drivers/fsl_clock.o
 .rodata.CLOCK_EnableClock.str1.4
                0x08008c78       0x18 ./drivers/fsl_clock.o
 .rodata.CLOCK_DisableClock.str1.4
                0x08008c78       0x18 ./drivers/fsl_clock.o
 .rodata.CLOCK_GetFRGClock.str1.4
                0x08008c78       0x18 ./drivers/fsl_clock.o
 .rodata.CLOCK_SetFRGClock.str1.4
                0x08008c78       0x60 ./drivers/fsl_clock.o
 .rodata.CLOCK_GetFlexCommClkFreq.str1.4
                0x08008c78       0x18 ./drivers/fsl_clock.o
 .rodata.CLOCK_CfgTcpuRefClk.str1.4
                0x08008c78       0x19 ./drivers/fsl_clock.o
 .rodata.CLOCK_InitAvPll.str1.4
                0x08008c78       0x18 ./drivers/fsl_clock.o
 .rodata.SDK_DelayAtLeastUs.str1.4
                0x08008c78       0x2b ./drivers/fsl_common_arm.o
 .rodata.s_flexcommBaseAddrs
                0x08008c78       0x14 ./drivers/fsl_flexcomm.o
 .rodata.s_flexcommClocks
                0x08008c8c       0x14 ./drivers/fsl_flexcomm.o
 .rodata.s_flexcommResets
                0x08008ca0        0xa ./drivers/fsl_flexcomm.o
 .rodata.FLEXCOMM_GetInstance.str1.4
                0x08008caa       0x41 ./drivers/fsl_flexcomm.o
 .rodata.FLEXCOMM0_DriverIRQHandler.str1.4
                0x08008caa       0x3c ./drivers/fsl_flexcomm.o
 .rodata.FLEXCOMM1_DriverIRQHandler.str1.4
                0x08008caa       0x3c ./drivers/fsl_flexcomm.o
 .rodata.FLEXCOMM2_DriverIRQHandler.str1.4
                0x08008caa       0x3c ./drivers/fsl_flexcomm.o
 .rodata.FLEXCOMM3_DriverIRQHandler.str1.4
                0x08008caa       0x3c ./drivers/fsl_flexcomm.o
 .rodata.FLEXCOMM14_DriverIRQHandler.str1.4
                0x08008caa       0x3c ./drivers/fsl_flexcomm.o
 .rodata.OCOTP_ReadSVC.str1.4
                0x08008caa       0x1e ./drivers/fsl_ocotp.o
 .rodata.OCOTP_ReadPackage.str1.4
                0x08008caa       0x1f ./drivers/fsl_ocotp.o
 .rodata.str1.4
                0x08008caa      0x23b ./drivers/fsl_power.o
 *fill*         0x08008caa        0x2 ff
 .rodata.s_droTable
                0x08008cac       0x13 ./drivers/fsl_power.o
 .rodata.POWER_GetThresholdParams.str1.4
                0x08008cbf       0x60 ./drivers/fsl_power.o
 .rodata.POWER_SaveNvicState.str1.4
                0x08008cbf       0x76 ./drivers/fsl_power.o
 .rodata.POWER_RestoreNvicState.str1.4
                0x08008cbf       0x76 ./drivers/fsl_power.o
 .rodata.POWER_EnableWakeup.str1.4
                0x08008cbf       0x24 ./drivers/fsl_power.o
 .rodata.POWER_InitVSensorThreshold.str1.4
                0x08008cbf      0x31b ./drivers/fsl_power.o
 .rodata.Power_InitLoadGdetCfg.str1.4
                0x08008cbf       0x62 ./drivers/fsl_power.o
 .rodata.POWER_InitVoltage.str1.4
                0x08008cbf       0x46 ./drivers/fsl_power.o
 .rodata.POWER_TrimSvc.str1.4
                0x08008cbf       0x39 ./drivers/fsl_power.o
 .rodata.RESET_SetPeripheralReset.str1.4
                0x08008cbf       0x1e ./drivers/fsl_reset.o
 .rodata.RESET_ClearPeripheralReset.str1.4
                0x08008cbf       0x1f ./drivers/fsl_reset.o
 .rodata.USART_Init.str1.4
                0x08008cbf       0x4f ./drivers/fsl_usart.o
 .rodata.USART_GetDefaultConfig.str1.4
                0x08008cbf       0x21 ./drivers/fsl_usart.o
 .rodata.USART_SetBaudRate.str1.4
                0x08008cbf       0x53 ./drivers/fsl_usart.o
 .rodata.USART_WriteBlocking.str1.4
                0x08008cbf       0x36 ./drivers/fsl_usart.o
 .rodata.USART_ReadBlocking.str1.4
                0x08008cbf       0x36 ./drivers/fsl_usart.o
 *fill*         0x08008cbf        0x1 ff
 .rodata.s_UsartAdapterBase
                0x08008cc0       0x14 ./component/uart/fsl_adapter_usart.o
 .rodata.HAL_UartInitCommon.str1.4
                0x08008cd4       0xeb ./component/uart/fsl_adapter_usart.o
 .rodata.HAL_UartReceiveBlocking.str1.4
                0x08008cd4       0x65 ./component/uart/fsl_adapter_usart.o
 .rodata.HAL_UartSendBlocking.str1.4
                0x08008cd4       0x65 ./component/uart/fsl_adapter_usart.o
 .rodata        0x08008cd4       0x24 ./board/board.o
 .rodata.ConfigSvcSensor.str1.4
                0x08008cf8       0x28 ./board/board.o
 .rodata.avpllConfig_BOARD_BootClockRUN
                0x08008cf8        0x3 ./board/clock_config.o
                0x08008cf8                avpllConfig_BOARD_BootClockRUN
 .rodata.IO_MUX_SetPinMux.str1.4
                0x08008cfb      0x18f ./board/pin_mux.o
 *fill*         0x08008cfb        0x1 ff
 .rodata.__num_Ciob_streams
                0x08008cfc        0x4 C:/nxp_controller/MCUXpressoIDE_25.6.136/ide/plugins/com.nxp.mcuxpresso.tools.win32_25.6.0.202501151204/tools/bin/../lib/gcc/arm-none-eabi/14.2.1/../../../../arm-none-eabi/lib/thumb/v8-m.main+fp/hard\libcr_nohost_nf.a(__ciob.o)
                0x08008cfc                __num_Ciob_streams
 .rodata._initio.str1.1
                0x08008d00        0x4 C:/nxp_controller/MCUXpressoIDE_25.6.136/ide/plugins/com.nxp.mcuxpresso.tools.win32_25.6.0.202501151204/tools/bin/../lib/gcc/arm-none-eabi/14.2.1/../../../../arm-none-eabi/lib/thumb/v8-m.main+fp/hard\libcr_c.a(initio.o)
                0x08008d04                        . = ALIGN (0x4)

.glue_7         0x08008d04        0x0
 .glue_7        0x08008d04        0x0 linker stubs

.glue_7t        0x08008d04        0x0
 .glue_7t       0x08008d04        0x0 linker stubs

.vfp11_veneer   0x08008d04        0x0
 .vfp11_veneer  0x08008d04        0x0 linker stubs

.v4_bx          0x08008d04        0x0
 .v4_bx         0x08008d04        0x0 linker stubs

.iplt           0x08008d04        0x0
 .iplt          0x08008d04        0x0 ./utilities/debug_console_lite/fsl_debug_console.o

.rel.dyn        0x08008d04        0x0
 .rel.iplt      0x08008d04        0x0 ./utilities/debug_console_lite/fsl_debug_console.o

.ARM.extab
 *(SORT_BY_ALIGNMENT(.ARM.extab*) SORT_BY_ALIGNMENT(.gnu.linkonce.armextab.*))

.ARM.exidx      0x08008d04        0x0
                0x08008d04                        __exidx_start = .
 *(SORT_BY_ALIGNMENT(.ARM.exidx*) SORT_BY_ALIGNMENT(.gnu.linkonce.armexidx.*))
                0x08008d04                        __exidx_end = .
                0x08008d04                        _etext = .

.uninit_RESERVED
                0x20000000        0x0
                0x20000000                        _start_uninit_RESERVED = .
 *(SORT_BY_ALIGNMENT(.bss.$RESERVED*))
                0x20000000                        . = ALIGN (0x4)
                0x20000000                        _end_uninit_RESERVED = .

.data           0x20000000      0xc24 load address 0x08008d04
 FILL mask 0xff
                0x20000000                        _data = .
                [!provide]                        PROVIDE (__start_data_RAM = .)
                [!provide]                        PROVIDE (__start_data_SRAM = .)
 *(SORT_BY_ALIGNMENT(vtable))
 *(SORT_BY_ALIGNMENT(.ramfunc*))
 *(SORT_BY_ALIGNMENT(CodeQuickAccess))
 CodeQuickAccess
                0x20000000      0xa44 ./drivers/fsl_power.o
                0x20000000                POWER_SetSleepMode
                0x20000060                POWER_EnterPowerMode
                0x200000cc                POWER_DisableGDetVSensors
                0x20000248                POWER_EnableGDetVSensors
 CodeQuickAccess
                0x20000a44      0x1a0 ./board/board.o
                0x20000a44                BOARD_SetFlexspiClock
                0x20000acc                BOARD_DeinitFlash
                0x20000b24                BOARD_InitFlash
 *fill*         0x20000be4        0x4 ff
 CodeQuickAccess.__stub
                0x20000be8       0x38 linker stubs
 *(SORT_BY_ALIGNMENT(DataQuickAccess))
 *(SORT_BY_ALIGNMENT(RamFunction))
 *(SORT_BY_ALIGNMENT(.data*))
 .data.SystemCoreClock
                0x20000c20        0x4 ./device/system_RW612.o
                0x20000c20                SystemCoreClock
                0x20000c24                        . = ALIGN (0x4)
                0x20000c24                        _edata = .
                [!provide]                        PROVIDE (__end_data_RAM = .)
                [!provide]                        PROVIDE (__end_data_SRAM = .)

.igot.plt       0x20000c24        0x0 load address 0x08009928
 .igot.plt      0x20000c24        0x0 ./utilities/debug_console_lite/fsl_debug_console.o

.bss            0x20000c24     0x1200
                0x20000c24                        _bss = .
                [!provide]                        PROVIDE (__start_bss_RAM = .)
                [!provide]                        PROVIDE (__start_bss_SRAM = .)
 *(SORT_BY_ALIGNMENT(.bss*))
 .bss.s_debugConsole
                0x20000c24       0x14 ./utilities/debug_console_lite/fsl_debug_console.o
 .bss.ecgBuffer
                0x20000c38      0xfa0 ./source/adc_software_trigger.o
                0x20000c38                ecgBuffer
 .bss.g_clkinFreq
                0x20001bd8        0x4 ./drivers/fsl_clock.o
                0x20001bd8                g_clkinFreq
 .bss.g_mclkinFreq
                0x20001bdc        0x4 ./drivers/fsl_clock.o
                0x20001bdc                g_mclkinFreq
 .bss.s_flexcommIrqHandler
                0x20001be0       0x14 ./drivers/fsl_flexcomm.o
 .bss.s_flexcommHandle
                0x20001bf4       0x14 ./drivers/fsl_flexcomm.o
 .bss.s_flexspiHandle
                0x20001c08        0x4 ./drivers/fsl_flexspi.o
 .bss.s_flexspiIsr
                0x20001c0c        0x4 ./drivers/fsl_flexspi.o
 .bss.s_nvicContext
                0x20001c10       0xec ./drivers/fsl_power.o
 .bss.s_systickContext
                0x20001cfc        0x8 ./drivers/fsl_power.o
 .bss.s_clockContext
                0x20001d04        0x4 ./drivers/fsl_power.o
 .bss.s_gdetSensorContext
                0x20001d08       0x28 ./drivers/fsl_power.o
 .bss.s_captPulseCb
                0x20001d30        0x4 ./drivers/fsl_power.o
 .bss.s_captPulseCbParam
                0x20001d34        0x4 ./drivers/fsl_power.o
 .bss.s_preSwitch
                0x20001d38        0x4 ./drivers/fsl_power.o
 .bss.s_preSwitchParam
                0x20001d3c        0x4 ./drivers/fsl_power.o
 .bss.s_postSwitch
                0x20001d40        0x4 ./drivers/fsl_power.o
 .bss.s_postSwitchParam
                0x20001d44        0x4 ./drivers/fsl_power.o
 .bss.s_gdetCfgloadFunc
                0x20001d48        0x4 ./drivers/fsl_power.o
 .bss.s_gdetCfgData
                0x20001d4c       0x1c ./drivers/fsl_power.o
 .bss.errno     0x20001d68        0x4 C:/nxp_controller/MCUXpressoIDE_25.6.136/ide/plugins/com.nxp.mcuxpresso.tools.win32_25.6.0.202501151204/tools/bin/../lib/gcc/arm-none-eabi/14.2.1/../../../../arm-none-eabi/lib/thumb/v8-m.main+fp/hard\libcr_c.a(errno.o)
                0x20001d68                errno
 .bss.__Ciob    0x20001d6c       0xb4 C:/nxp_controller/MCUXpressoIDE_25.6.136/ide/plugins/com.nxp.mcuxpresso.tools.win32_25.6.0.202501151204/tools/bin/../lib/gcc/arm-none-eabi/14.2.1/../../../../arm-none-eabi/lib/thumb/v8-m.main+fp/hard\libcr_nohost_nf.a(__ciob.o)
                0x20001d6c                __Ciob
 .bss.g_conversionDataReady
                0x20001e20        0x1 ./source/adc_software_trigger.o
                0x20001e20                g_conversionDataReady
 *(SORT_BY_ALIGNMENT(COMMON))
                0x20001e24                        . = ALIGN (0x4)
 *fill*         0x20001e21        0x3 
                0x20001e24                        _ebss = .
                [!provide]                        PROVIDE (__end_bss_RAM = .)
                [!provide]                        PROVIDE (__end_bss_SRAM = .)
                [!provide]                        PROVIDE (end = .)

.noinit         0x20001e24        0x0
                0x20001e24                        _noinit = .
                [!provide]                        PROVIDE (__start_noinit_RAM = .)
                [!provide]                        PROVIDE (__start_noinit_SRAM = .)
 *(SORT_BY_ALIGNMENT(.noinit*))
                0x20001e24                        . = ALIGN (0x4)
                0x20001e24                        _end_noinit = .
                [!provide]                        PROVIDE (__end_noinit_RAM = .)
                [!provide]                        PROVIDE (__end_noinit_SRAM = .)
                0x00001000                        _HeapSize = 0x1000

.heap           0x20001e24     0x1000
                0x20001e24                        _pvHeapStart = .
                0x20002e24                        . = (. + _HeapSize)
 *fill*         0x20001e24     0x1000 
                0x20002e24                        . = ALIGN (0x4)
                0x20002e24                        _pvHeapLimit = .
                0x00001000                        _StackSize = 0x1000

.heap2stackfill
                0x20002e24     0x1000
                0x20003e24                        . = (. + _StackSize)
 *fill*         0x20002e24     0x1000 

.stack          0x2012f000        0x0
                0x2012f000                        _vStackBase = .
                0x2012f000                        . = ALIGN (0x4)
                0x20130000                        _vStackTop = (. + _StackSize)
                0x08001000                        _image_start = LOADADDR (.text)
                0x08009928                        _image_end = (LOADADDR (.data) + SIZEOF (.data))
                0x00008928                        _image_size = (_image_end - _image_start)
OUTPUT(ad8232_module_adc_10_seconds_data.axf elf32-littlearm)
LOAD linker stubs

.debug_info     0x00000000    0x2425d
 .debug_info    0x00000000      0xd1e ./utilities/debug_console_lite/fsl_debug_console.o
 .debug_info    0x00000d1e      0x1c9 ./utilities/fsl_assert.o
 .debug_info    0x00000ee7       0x24 ./utilities/fsl_memcpy.o
 .debug_info    0x00000f0b     0x11bf ./startup/startup_rw612.o
 .debug_info    0x000020ca     0x167a ./source/adc_software_trigger.o
 .debug_info    0x00003744       0x3c ./source/semihost_hardfault.o
 .debug_info    0x00003780      0x83f ./flash_config/flash_config.o
 .debug_info    0x00003fbf     0x11c3 ./drivers/fsl_adc.o
 .debug_info    0x00005182     0x34d2 ./drivers/fsl_clock.o
 .debug_info    0x00008654      0x38b ./drivers/fsl_common_arm.o
 .debug_info    0x000089df      0xf18 ./drivers/fsl_flexcomm.o
 .debug_info    0x000098f7     0x2784 ./drivers/fsl_flexspi.o
 .debug_info    0x0000c07b      0xe10 ./drivers/fsl_ocotp.o
 .debug_info    0x0000ce8b     0x4c1b ./drivers/fsl_power.o
 .debug_info    0x00011aa6      0x48e ./drivers/fsl_reset.o
 .debug_info    0x00011f34     0x1c99 ./drivers/fsl_usart.o
 .debug_info    0x00013bcd     0x1569 ./device/system_RW612.o
 .debug_info    0x00015136      0xdba ./component/uart/fsl_adapter_usart.o
 .debug_info    0x00015ef0      0xf1e ./component/els_pkc/src/comps/mcuxClEls/src/mcuxClEls_Common.o
 .debug_info    0x00016e0e      0x68f ./component/els_pkc/src/comps/mcuxClEls/src/mcuxClEls_GlitchDetector.o
 .debug_info    0x0001749d     0x37db ./board/board.o
 .debug_info    0x0001ac78     0x1788 ./board/clock_config.o
 .debug_info    0x0001c400      0x941 ./board/hardware_init.o
 .debug_info    0x0001cd41      0x97c ./board/pin_mux.o
 .debug_info    0x0001d6bd       0x85 C:/nxp_controller/MCUXpressoIDE_25.6.136/ide/plugins/com.nxp.mcuxpresso.tools.win32_25.6.0.202501151204/tools/bin/../lib/gcc/arm-none-eabi/14.2.1/../../../../arm-none-eabi/lib/thumb/v8-m.main+fp/hard\libcr_nohost_nf.a(_cr__main.o)
 .debug_info    0x0001d742      0x3a0 C:/nxp_controller/MCUXpressoIDE_25.6.136/ide/plugins/com.nxp.mcuxpresso.tools.win32_25.6.0.202501151204/tools/bin/../lib/gcc/arm-none-eabi/14.2.1/../../../../arm-none-eabi/lib/thumb/v8-m.main+fp/hard\libcr_c.a(powf.o)
 .debug_info    0x0001dae2       0xfc C:/nxp_controller/MCUXpressoIDE_25.6.136/ide/plugins/com.nxp.mcuxpresso.tools.win32_25.6.0.202501151204/tools/bin/../lib/gcc/arm-none-eabi/14.2.1/../../../../arm-none-eabi/lib/thumb/v8-m.main+fp/hard\libcr_c.a(memset.o)
 .debug_info    0x0001dbde      0x520 C:/nxp_controller/MCUXpressoIDE_25.6.136/ide/plugins/com.nxp.mcuxpresso.tools.win32_25.6.0.202501151204/tools/bin/../lib/gcc/arm-none-eabi/14.2.1/../../../../arm-none-eabi/lib/thumb/v8-m.main+fp/hard\libcr_c.a(alloc.o)
 .debug_info    0x0001e0fe       0x44 C:/nxp_controller/MCUXpressoIDE_25.6.136/ide/plugins/com.nxp.mcuxpresso.tools.win32_25.6.0.202501151204/tools/bin/../lib/gcc/arm-none-eabi/14.2.1/../../../../arm-none-eabi/lib/thumb/v8-m.main+fp/hard\libcr_c.a(errno.o)
 .debug_info    0x0001e142      0x339 C:/nxp_controller/MCUXpressoIDE_25.6.136/ide/plugins/com.nxp.mcuxpresso.tools.win32_25.6.0.202501151204/tools/bin/../lib/gcc/arm-none-eabi/14.2.1/../../../../arm-none-eabi/lib/thumb/v8-m.main+fp/hard\libcr_c.a(initio.o)
 .debug_info    0x0001e47b      0x1fd C:/nxp_controller/MCUXpressoIDE_25.6.136/ide/plugins/com.nxp.mcuxpresso.tools.win32_25.6.0.202501151204/tools/bin/../lib/gcc/arm-none-eabi/14.2.1/../../../../arm-none-eabi/lib/thumb/v8-m.main+fp/hard\libcr_c.a(setvbuf.o)
 .debug_info    0x0001e678       0xe1 C:/nxp_controller/MCUXpressoIDE_25.6.136/ide/plugins/com.nxp.mcuxpresso.tools.win32_25.6.0.202501151204/tools/bin/../lib/gcc/arm-none-eabi/14.2.1/../../../../arm-none-eabi/lib/thumb/v8-m.main+fp/hard\libcr_c.a(strlen.o)
 .debug_info    0x0001e759      0x100 C:/nxp_controller/MCUXpressoIDE_25.6.136/ide/plugins/com.nxp.mcuxpresso.tools.win32_25.6.0.202501151204/tools/bin/../lib/gcc/arm-none-eabi/14.2.1/../../../../arm-none-eabi/lib/thumb/v8-m.main+fp/hard\libcr_c.a(frexpf.o)
 .debug_info    0x0001e859       0xf7 C:/nxp_controller/MCUXpressoIDE_25.6.136/ide/plugins/com.nxp.mcuxpresso.tools.win32_25.6.0.202501151204/tools/bin/../lib/gcc/arm-none-eabi/14.2.1/../../../../arm-none-eabi/lib/thumb/v8-m.main+fp/hard\libcr_c.a(ldexpf.o)
 .debug_info    0x0001e950      0x396 C:/nxp_controller/MCUXpressoIDE_25.6.136/ide/plugins/com.nxp.mcuxpresso.tools.win32_25.6.0.202501151204/tools/bin/../lib/gcc/arm-none-eabi/14.2.1/../../../../arm-none-eabi/lib/thumb/v8-m.main+fp/hard\libcr_c.a(_deferredlazyseek.o)
 .debug_info    0x0001ece6      0x24b C:/nxp_controller/MCUXpressoIDE_25.6.136/ide/plugins/com.nxp.mcuxpresso.tools.win32_25.6.0.202501151204/tools/bin/../lib/gcc/arm-none-eabi/14.2.1/../../../../arm-none-eabi/lib/thumb/v8-m.main+fp/hard\libcr_c.a(_fdopen.o)
 .debug_info    0x0001ef31      0x1e3 C:/nxp_controller/MCUXpressoIDE_25.6.136/ide/plugins/com.nxp.mcuxpresso.tools.win32_25.6.0.202501151204/tools/bin/../lib/gcc/arm-none-eabi/14.2.1/../../../../arm-none-eabi/lib/thumb/v8-m.main+fp/hard\libcr_c.a(_fflush.o)
 .debug_info    0x0001f114      0x289 C:/nxp_controller/MCUXpressoIDE_25.6.136/ide/plugins/com.nxp.mcuxpresso.tools.win32_25.6.0.202501151204/tools/bin/../lib/gcc/arm-none-eabi/14.2.1/../../../../arm-none-eabi/lib/thumb/v8-m.main+fp/hard\libcr_c.a(_writebuf.o)
 .debug_info    0x0001f39d      0x31e C:/nxp_controller/MCUXpressoIDE_25.6.136/ide/plugins/com.nxp.mcuxpresso.tools.win32_25.6.0.202501151204/tools/bin/../lib/gcc/arm-none-eabi/14.2.1/../../../../arm-none-eabi/lib/thumb/v8-m.main+fp/hard\libcr_c.a(fclose.o)
 .debug_info    0x0001f6bb      0x209 C:/nxp_controller/MCUXpressoIDE_25.6.136/ide/plugins/com.nxp.mcuxpresso.tools.win32_25.6.0.202501151204/tools/bin/../lib/gcc/arm-none-eabi/14.2.1/../../../../arm-none-eabi/lib/thumb/v8-m.main+fp/hard\libcr_c.a(fflush.o)
 .debug_info    0x0001f8c4      0x276 C:/nxp_controller/MCUXpressoIDE_25.6.136/ide/plugins/com.nxp.mcuxpresso.tools.win32_25.6.0.202501151204/tools/bin/../lib/gcc/arm-none-eabi/14.2.1/../../../../arm-none-eabi/lib/thumb/v8-m.main+fp/hard\libcr_c.a(fseek.o)
 .debug_info    0x0001fb3a      0x197 C:/nxp_controller/MCUXpressoIDE_25.6.136/ide/plugins/com.nxp.mcuxpresso.tools.win32_25.6.0.202501151204/tools/bin/../lib/gcc/arm-none-eabi/14.2.1/../../../../arm-none-eabi/lib/thumb/v8-m.main+fp/hard\libcr_c.a(ftell.o)
 .debug_info    0x0001fcd1      0x1d7 C:/nxp_controller/MCUXpressoIDE_25.6.136/ide/plugins/com.nxp.mcuxpresso.tools.win32_25.6.0.202501151204/tools/bin/../lib/gcc/arm-none-eabi/14.2.1/../../../../arm-none-eabi/lib/thumb/v8-m.main+fp/hard\libcr_c.a(remove.o)
 .debug_info    0x0001fea8      0x23a C:/nxp_controller/MCUXpressoIDE_25.6.136/ide/plugins/com.nxp.mcuxpresso.tools.win32_25.6.0.202501151204/tools/bin/../lib/gcc/arm-none-eabi/14.2.1/../../../../arm-none-eabi/lib/thumb/v8-m.main+fp/hard\libcr_c.a(_do_fflush.o)
 .debug_info    0x000200e2     0x2159 C:/nxp_controller/MCUXpressoIDE_25.6.136/ide/plugins/com.nxp.mcuxpresso.tools.win32_25.6.0.202501151204/tools/bin/../lib/gcc/arm-none-eabi/14.2.1/thumb/v8-m.main+fp/hard\libcr_eabihelpers.a(double.o)
 .debug_info    0x0002223b     0x1b31 C:/nxp_controller/MCUXpressoIDE_25.6.136/ide/plugins/com.nxp.mcuxpresso.tools.win32_25.6.0.202501151204/tools/bin/../lib/gcc/arm-none-eabi/14.2.1/thumb/v8-m.main+fp/hard\libcr_eabihelpers.a(float.o)
 .debug_info    0x00023d6c      0x18b C:/nxp_controller/MCUXpressoIDE_25.6.136/ide/plugins/com.nxp.mcuxpresso.tools.win32_25.6.0.202501151204/tools/bin/../lib/gcc/arm-none-eabi/14.2.1/../../../../arm-none-eabi/lib/thumb/v8-m.main+fp/hard\libcr_nohost_nf.a(__ciob.o)
 .debug_info    0x00023ef7       0x6a C:/nxp_controller/MCUXpressoIDE_25.6.136/ide/plugins/com.nxp.mcuxpresso.tools.win32_25.6.0.202501151204/tools/bin/../lib/gcc/arm-none-eabi/14.2.1/../../../../arm-none-eabi/lib/thumb/v8-m.main+fp/hard\libcr_nohost_nf.a(__sys_close.o)
 .debug_info    0x00023f61       0x6a C:/nxp_controller/MCUXpressoIDE_25.6.136/ide/plugins/com.nxp.mcuxpresso.tools.win32_25.6.0.202501151204/tools/bin/../lib/gcc/arm-none-eabi/14.2.1/../../../../arm-none-eabi/lib/thumb/v8-m.main+fp/hard\libcr_nohost_nf.a(__sys_flen.o)
 .debug_info    0x00023fcb       0x6a C:/nxp_controller/MCUXpressoIDE_25.6.136/ide/plugins/com.nxp.mcuxpresso.tools.win32_25.6.0.202501151204/tools/bin/../lib/gcc/arm-none-eabi/14.2.1/../../../../arm-none-eabi/lib/thumb/v8-m.main+fp/hard\libcr_nohost_nf.a(__sys_istty.o)
 .debug_info    0x00024035       0x8a C:/nxp_controller/MCUXpressoIDE_25.6.136/ide/plugins/com.nxp.mcuxpresso.tools.win32_25.6.0.202501151204/tools/bin/../lib/gcc/arm-none-eabi/14.2.1/../../../../arm-none-eabi/lib/thumb/v8-m.main+fp/hard\libcr_nohost_nf.a(__sys_remove.o)
 .debug_info    0x000240bf       0x78 C:/nxp_controller/MCUXpressoIDE_25.6.136/ide/plugins/com.nxp.mcuxpresso.tools.win32_25.6.0.202501151204/tools/bin/../lib/gcc/arm-none-eabi/14.2.1/../../../../arm-none-eabi/lib/thumb/v8-m.main+fp/hard\libcr_nohost_nf.a(__sys_seek.o)
 .debug_info    0x00024137       0x93 C:/nxp_controller/MCUXpressoIDE_25.6.136/ide/plugins/com.nxp.mcuxpresso.tools.win32_25.6.0.202501151204/tools/bin/../lib/gcc/arm-none-eabi/14.2.1/../../../../arm-none-eabi/lib/thumb/v8-m.main+fp/hard\libcr_nohost_nf.a(__sys_tmpnam.o)
 .debug_info    0x000241ca       0x93 C:/nxp_controller/MCUXpressoIDE_25.6.136/ide/plugins/com.nxp.mcuxpresso.tools.win32_25.6.0.202501151204/tools/bin/../lib/gcc/arm-none-eabi/14.2.1/../../../../arm-none-eabi/lib/thumb/v8-m.main+fp/hard\libcr_nohost_nf.a(__sys_write.o)

.debug_abbrev   0x00000000     0x52c1
 .debug_abbrev  0x00000000      0x256 ./utilities/debug_console_lite/fsl_debug_console.o
 .debug_abbrev  0x00000256      0x114 ./utilities/fsl_assert.o
 .debug_abbrev  0x0000036a       0x14 ./utilities/fsl_memcpy.o
 .debug_abbrev  0x0000037e      0x15f ./startup/startup_rw612.o
 .debug_abbrev  0x000004dd      0x326 ./source/adc_software_trigger.o
 .debug_abbrev  0x00000803       0x31 ./source/semihost_hardfault.o
 .debug_abbrev  0x00000834       0xf3 ./flash_config/flash_config.o
 .debug_abbrev  0x00000927      0x299 ./drivers/fsl_adc.o
 .debug_abbrev  0x00000bc0      0x457 ./drivers/fsl_clock.o
 .debug_abbrev  0x00001017      0x16a ./drivers/fsl_common_arm.o
 .debug_abbrev  0x00001181      0x272 ./drivers/fsl_flexcomm.o
 .debug_abbrev  0x000013f3      0x39c ./drivers/fsl_flexspi.o
 .debug_abbrev  0x0000178f      0x296 ./drivers/fsl_ocotp.o
 .debug_abbrev  0x00001a25      0x4c2 ./drivers/fsl_power.o
 .debug_abbrev  0x00001ee7      0x123 ./drivers/fsl_reset.o
 .debug_abbrev  0x0000200a      0x410 ./drivers/fsl_usart.o
 .debug_abbrev  0x0000241a      0x1fe ./device/system_RW612.o
 .debug_abbrev  0x00002618      0x214 ./component/uart/fsl_adapter_usart.o
 .debug_abbrev  0x0000282c      0x268 ./component/els_pkc/src/comps/mcuxClEls/src/mcuxClEls_Common.o
 .debug_abbrev  0x00002a94      0x13e ./component/els_pkc/src/comps/mcuxClEls/src/mcuxClEls_GlitchDetector.o
 .debug_abbrev  0x00002bd2      0x3d2 ./board/board.o
 .debug_abbrev  0x00002fa4      0x1c3 ./board/clock_config.o
 .debug_abbrev  0x00003167      0x101 ./board/hardware_init.o
 .debug_abbrev  0x00003268      0x134 ./board/pin_mux.o
 .debug_abbrev  0x0000339c       0x70 C:/nxp_controller/MCUXpressoIDE_25.6.136/ide/plugins/com.nxp.mcuxpresso.tools.win32_25.6.0.202501151204/tools/bin/../lib/gcc/arm-none-eabi/14.2.1/../../../../arm-none-eabi/lib/thumb/v8-m.main+fp/hard\libcr_nohost_nf.a(_cr__main.o)
 .debug_abbrev  0x0000340c      0x129 C:/nxp_controller/MCUXpressoIDE_25.6.136/ide/plugins/com.nxp.mcuxpresso.tools.win32_25.6.0.202501151204/tools/bin/../lib/gcc/arm-none-eabi/14.2.1/../../../../arm-none-eabi/lib/thumb/v8-m.main+fp/hard\libcr_c.a(powf.o)
 .debug_abbrev  0x00003535       0xa8 C:/nxp_controller/MCUXpressoIDE_25.6.136/ide/plugins/com.nxp.mcuxpresso.tools.win32_25.6.0.202501151204/tools/bin/../lib/gcc/arm-none-eabi/14.2.1/../../../../arm-none-eabi/lib/thumb/v8-m.main+fp/hard\libcr_c.a(memset.o)
 .debug_abbrev  0x000035dd      0x284 C:/nxp_controller/MCUXpressoIDE_25.6.136/ide/plugins/com.nxp.mcuxpresso.tools.win32_25.6.0.202501151204/tools/bin/../lib/gcc/arm-none-eabi/14.2.1/../../../../arm-none-eabi/lib/thumb/v8-m.main+fp/hard\libcr_c.a(alloc.o)
 .debug_abbrev  0x00003861       0x44 C:/nxp_controller/MCUXpressoIDE_25.6.136/ide/plugins/com.nxp.mcuxpresso.tools.win32_25.6.0.202501151204/tools/bin/../lib/gcc/arm-none-eabi/14.2.1/../../../../arm-none-eabi/lib/thumb/v8-m.main+fp/hard\libcr_c.a(errno.o)
 .debug_abbrev  0x000038a5      0x169 C:/nxp_controller/MCUXpressoIDE_25.6.136/ide/plugins/com.nxp.mcuxpresso.tools.win32_25.6.0.202501151204/tools/bin/../lib/gcc/arm-none-eabi/14.2.1/../../../../arm-none-eabi/lib/thumb/v8-m.main+fp/hard\libcr_c.a(initio.o)
 .debug_abbrev  0x00003a0e       0xe1 C:/nxp_controller/MCUXpressoIDE_25.6.136/ide/plugins/com.nxp.mcuxpresso.tools.win32_25.6.0.202501151204/tools/bin/../lib/gcc/arm-none-eabi/14.2.1/../../../../arm-none-eabi/lib/thumb/v8-m.main+fp/hard\libcr_c.a(setvbuf.o)
 .debug_abbrev  0x00003aef       0xa7 C:/nxp_controller/MCUXpressoIDE_25.6.136/ide/plugins/com.nxp.mcuxpresso.tools.win32_25.6.0.202501151204/tools/bin/../lib/gcc/arm-none-eabi/14.2.1/../../../../arm-none-eabi/lib/thumb/v8-m.main+fp/hard\libcr_c.a(strlen.o)