Archive member included to satisfy reference by file (symbol)

C:/nxp_controller/MCUXpressoIDE_25.6.136/ide/plugins/com.nxp.mcuxpresso.tools.win32_25.6.0.202501151204/tools/bin/../lib/gcc/arm-none-eabi/14.2.1/../../../../arm-none-eabi/lib/thumb/v8-m.main+fp/hard\libcr_nohost_nf.a(_cr__main.o)
                              ./startup/startup_rw612.o (__main)
C:/nxp_controller/MCUXpressoIDE_25.6.136/ide/plugins/com.nxp.mcuxpresso.tools.win32_25.6.0.202501151204/tools/bin/../lib/gcc/arm-none-eabi/14.2.1/../../../../arm-none-eabi/lib/thumb/v8-m.main+fp/hard\libcr_c.a(memset.o)
                              ./drivers/fsl_adc.o (memset)
C:/nxp_controller/MCUXpressoIDE_25.6.136/ide/plugins/com.nxp.mcuxpresso.tools.win32_25.6.0.202501151204/tools/bin/../lib/gcc/arm-none-eabi/14.2.1/../../../../arm-none-eabi/lib/thumb/v8-m.main+fp/hard\libcr_c.a(alloc.o)
                              ./drivers/fsl_common.o (malloc)
C:/nxp_controller/MCUXpressoIDE_25.6.136/ide/plugins/com.nxp.mcuxpresso.tools.win32_25.6.0.202501151204/tools/bin/../lib/gcc/arm-none-eabi/14.2.1/../../../../arm-none-eabi/lib/thumb/v8-m.main+fp/hard\libcr_c.a(errno.o)
                              ./utilities/str/fsl_str.o (errno)
C:/nxp_controller/MCUXpressoIDE_25.6.136/ide/plugins/com.nxp.mcuxpresso.tools.win32_25.6.0.202501151204/tools/bin/../lib/gcc/arm-none-eabi/14.2.1/../../../../arm-none-eabi/lib/thumb/v8-m.main+fp/hard\libcr_c.a(initio.o)
                              C:/nxp_controller/MCUXpressoIDE_25.6.136/ide/plugins/com.nxp.mcuxpresso.tools.win32_25.6.0.202501151204/tools/bin/../lib/gcc/arm-none-eabi/14.2.1/../../../../arm-none-eabi/lib/thumb/v8-m.main+fp/hard\libcr_nohost_nf.a(_cr__main.o) (_initio)
C:/nxp_controller/MCUXpressoIDE_25.6.136/ide/plugins/com.nxp.mcuxpresso.tools.win32_25.6.0.202501151204/tools/bin/../lib/gcc/arm-none-eabi/14.2.1/../../../../arm-none-eabi/lib/thumb/v8-m.main+fp/hard\libcr_c.a(scanf.o)
                              ./utilities/str/fsl_str.o (strtoul)
C:/nxp_controller/MCUXpressoIDE_25.6.136/ide/plugins/com.nxp.mcuxpresso.tools.win32_25.6.0.202501151204/tools/bin/../lib/gcc/arm-none-eabi/14.2.1/../../../../arm-none-eabi/lib/thumb/v8-m.main+fp/hard\libcr_c.a(setvbuf.o)
                              C:/nxp_controller/MCUXpressoIDE_25.6.136/ide/plugins/com.nxp.mcuxpresso.tools.win32_25.6.0.202501151204/tools/bin/../lib/gcc/arm-none-eabi/14.2.1/../../../../arm-none-eabi/lib/thumb/v8-m.main+fp/hard\libcr_c.a(initio.o) (setvbuf)
C:/nxp_controller/MCUXpressoIDE_25.6.136/ide/plugins/com.nxp.mcuxpresso.tools.win32_25.6.0.202501151204/tools/bin/../lib/gcc/arm-none-eabi/14.2.1/../../../../arm-none-eabi/lib/thumb/v8-m.main+fp/hard\libcr_c.a(strlen.o)
                              ./utilities/str/fsl_str.o (strlen)
C:/nxp_controller/MCUXpressoIDE_25.6.136/ide/plugins/com.nxp.mcuxpresso.tools.win32_25.6.0.202501151204/tools/bin/../lib/gcc/arm-none-eabi/14.2.1/../../../../arm-none-eabi/lib/thumb/v8-m.main+fp/hard\libcr_c.a(ungetc.o)
                              C:/nxp_controller/MCUXpressoIDE_25.6.136/ide/plugins/com.nxp.mcuxpresso.tools.win32_25.6.0.202501151204/tools/bin/../lib/gcc/arm-none-eabi/14.2.1/../../../../arm-none-eabi/lib/thumb/v8-m.main+fp/hard\libcr_c.a(scanf.o) (ungetc)
C:/nxp_controller/MCUXpressoIDE_25.6.136/ide/plugins/com.nxp.mcuxpresso.tools.win32_25.6.0.202501151204/tools/bin/../lib/gcc/arm-none-eabi/14.2.1/../../../../arm-none-eabi/lib/thumb/v8-m.main+fp/hard\libcr_c.a(__fillbuf.o)
                              C:/nxp_controller/MCUXpressoIDE_25.6.136/ide/plugins/com.nxp.mcuxpresso.tools.win32_25.6.0.202501151204/tools/bin/../lib/gcc/arm-none-eabi/14.2.1/../../../../arm-none-eabi/lib/thumb/v8-m.main+fp/hard\libcr_c.a(scanf.o) (__filbuf)
C:/nxp_controller/MCUXpressoIDE_25.6.136/ide/plugins/com.nxp.mcuxpresso.tools.win32_25.6.0.202501151204/tools/bin/../lib/gcc/arm-none-eabi/14.2.1/../../../../arm-none-eabi/lib/thumb/v8-m.main+fp/hard\libcr_c.a(__init_alloc.o)
                              C:/nxp_controller/MCUXpressoIDE_25.6.136/ide/plugins/com.nxp.mcuxpresso.tools.win32_25.6.0.202501151204/tools/bin/../lib/gcc/arm-none-eabi/14.2.1/../../../../arm-none-eabi/lib/thumb/v8-m.main+fp/hard\libcr_c.a(alloc.o) (__heaps)
C:/nxp_controller/MCUXpressoIDE_25.6.136/ide/plugins/com.nxp.mcuxpresso.tools.win32_25.6.0.202501151204/tools/bin/../lib/gcc/arm-none-eabi/14.2.1/../../../../arm-none-eabi/lib/thumb/v8-m.main+fp/hard\libcr_c.a(_cr_sbrk.o)
                              C:/nxp_controller/MCUXpressoIDE_25.6.136/ide/plugins/com.nxp.mcuxpresso.tools.win32_25.6.0.202501151204/tools/bin/../lib/gcc/arm-none-eabi/14.2.1/../../../../arm-none-eabi/lib/thumb/v8-m.main+fp/hard\libcr_c.a(alloc.o) (_sbrk)
C:/nxp_controller/MCUXpressoIDE_25.6.136/ide/plugins/com.nxp.mcuxpresso.tools.win32_25.6.0.202501151204/tools/bin/../lib/gcc/arm-none-eabi/14.2.1/../../../../arm-none-eabi/lib/thumb/v8-m.main+fp/hard\libcr_c.a(_deferredlazyseek.o)
[...]
Memory Configuration

Name             Origin             Length             Attributes
QSPI_FLASH       0x08000000         0x00800000         xr
SRAM             0x20000000         0x00130000         xrw
*default*        0x00000000         0xffffffff

Linker script and memory map

LOAD ./utilities/str/fsl_str.o
LOAD ./utilities/debug_console_lite/fsl_debug_console.o
LOAD ./utilities/fsl_assert.o
LOAD ./utilities/fsl_memcpy.o
LOAD ./startup/startup_rw612.o
LOAD ./source/adc_software_trigger.o
LOAD ./source/semihost_hardfault.o
LOAD ./flash_config/flash_config.o
LOAD ./drivers/fsl_adc.o
LOAD ./drivers/fsl_cache.o
LOAD ./drivers/fsl_clock.o
LOAD ./drivers/fsl_common.o
LOAD ./drivers/fsl_common_arm.o
LOAD ./drivers/fsl_flexcomm.o
LOAD ./drivers/fsl_flexspi.o
LOAD ./drivers/fsl_gpio.o
LOAD ./drivers/fsl_i2s_bridge.o
LOAD ./drivers/fsl_inputmux.o
LOAD ./drivers/fsl_iped.o
LOAD ./drivers/fsl_ocotp.o
LOAD ./drivers/fsl_power.o
LOAD ./drivers/fsl_reset.o
LOAD ./drivers/fsl_usart.o
LOAD ./device/system_RW612.o
LOAD ./component/uart/fsl_adapter_usart.o
LOAD ./component/els_pkc/src/comps/mcuxCsslParamIntegrity/src/mcuxCsslParamIntegrity32.o
LOAD ./component/els_pkc/src/comps/mcuxCsslMemory/src/mcuxCsslMemory_Clear.o
LOAD ./component/els_pkc/src/comps/mcuxCsslMemory/src/mcuxCsslMemory_Compare.o
LOAD ./component/els_pkc/src/comps/mcuxCsslMemory/src/mcuxCsslMemory_Copy.o
LOAD ./component/els_pkc/src/comps/mcuxCsslMemory/src/mcuxCsslMemory_Set.o
LOAD ./component/els_pkc/src/comps/mcuxClMemory/src/mcuxClMemory.o
LOAD ./component/els_pkc/src/comps/mcuxClEls/src/mcuxClEls_Common.o
LOAD ./component/els_pkc/src/comps/mcuxClEls/src/mcuxClEls_GlitchDetector.o
LOAD ./component/els_pkc/src/comps/mcuxClBuffer/src/mcuxClBuffer.o
LOAD ./board/board.o
LOAD ./board/clock_config.o
LOAD ./board/hardware_init.o
LOAD ./board/pin_mux.o
START GROUP
LOAD C:/nxp_controller/MCUXpressoIDE_25.6.136/ide/plugins/com.nxp.mcuxpresso.tools.win32_25.6.0.202501151204/tools/bin/../lib/gcc/arm-none-eabi/14.2.1/../../../../arm-none-eabi/lib/thumb/v8-m.main+fp/hard\libcr_nohost_nf.a
LOAD C:/nxp_controller/MCUXpressoIDE_25.6.136/ide/plugins/com.nxp.mcuxpresso.tools.win32_25.6.0.202501151204/tools/bin/../lib/gcc/arm-none-eabi/14.2.1/../../../../arm-none-eabi/lib/thumb/v8-m.main+fp/hard\libcr_c.a
LOAD C:/nxp_controller/MCUXpressoIDE_25.6.136/ide/plugins/com.nxp.mcuxpresso.tools.win32_25.6.0.202501151204/tools/bin/../lib/gcc/arm-none-eabi/14.2.1/thumb/v8-m.main+fp/hard\libcr_eabihelpers.a
LOAD C:/nxp_controller/MCUXpressoIDE_25.6.136/ide/plugins/com.nxp.mcuxpresso.tools.win32_25.6.0.202501151204/tools/bin/../lib/gcc/arm-none-eabi/14.2.1/thumb/v8-m.main+fp/hard\libgcc.a
END GROUP
                0x08000000                        __base_QSPI_FLASH = 0x8000000
                0x08000000                        __base_Flash = 0x8000000
                0x08800000                        __top_QSPI_FLASH = 0x8800000
                0x08800000                        __top_Flash = 0x8800000
                0x20000000                        __base_SRAM = 0x20000000
                0x20000000                        __base_RAM = 0x20000000
                0x20130000                        __top_SRAM = 0x20130000
                0x20130000                        __top_RAM = 0x20130000

.boot_hdr       0x08000000     0x1000
 FILL mask 0xff
                0x00000400                        . = 0x400
 *fill*         0x08000000      0x400 ff
                0x08000400                        __FLASH_BASE = .
 *(SORT_BY_ALIGNMENT(.flash_conf))
 .flash_conf    0x08000400      0xc00 ./flash_config/flash_config.o
                0x08000400                flexspi_config
                0x00001000                        . = 0x1000

.text           0x08001000     0x6f64
 FILL mask 0xff
                0x08001000                        __vectors_start__ = ABSOLUTE (.)
 *(SORT_BY_ALIGNMENT(.isr_vector))
 .isr_vector    0x08001000      0x244 ./startup/startup_rw612.o
                0x08001000                g_pfnVectors
                0x08001000                __Vectors
                0x08001244                        . = ALIGN (0x4)
                0x08001244                        __section_table_start = .
                0x08001244                        __data_section_table = .
                0x08001244        0x4 LONG 0x8007f64 LOADADDR (.data)
                0x08001248        0x4 LONG 0x20000000 ADDR (.data)
                0x0800124c        0x4 LONG 0xc24 SIZEOF (.data)
                0x08001250                        __data_section_table_end = .
                0x08001250                        __bss_section_table = .
                0x08001250        0x4 LONG 0x20000c24 ADDR (.bss)
                0x08001254        0x4 LONG 0x260 SIZEOF (.bss)
                0x08001258                        __bss_section_table_end = .
                0x08001258                        __section_table_end = .
 *(SORT_BY_ALIGNMENT(.after_vectors*))
 .after_vectors.reset
                0x08001258       0x68 ./startup/startup_rw612.o
                0x08001258                ResetISR
 .after_vectors.init_data
                0x080012c0       0x1e ./startup/startup_rw612.o
                0x080012c0                data_init
 .after_vectors.init_bss
                0x080012de       0x12 ./startup/startup_rw612.o
                0x080012de                bss_init
 .after_vectors
                0x080012f0       0x16 ./startup/startup_rw612.o
                0x080012f0                NMI_Handler
                0x080012f4                MemManage_Handler
                0x080012f6                BusFault_Handler
                0x080012f8                UsageFault_Handler
                0x080012fa                SecureFault_Handler
                0x080012fc                SVC_Handler
                0x080012fe                DebugMon_Handler
                0x08001300                PendSV_Handler
                0x08001302                SysTick_Handler
                0x08001304                Reserved75_DriverIRQHandler
                0x08001304                GAU_ACOMP_WKUP_DriverIRQHandler
                0x08001304                SGPIO_INTA_DriverIRQHandler
                0x08001304                B2MWKUP0_DriverIRQHandler
                0x08001304                DMA0_DriverIRQHandler
                0x08001304                B2MWKUP_DONE2_DriverIRQHandler
                0x08001304                PKC_ERR_DriverIRQHandler
                0x08001304                BLE_MCI_INT7_DriverIRQHandler
                0x08001304                BLE_MCI_INT3_DriverIRQHandler
                0x08001304                BLE_MCI_INT5_DriverIRQHandler
                0x08001304                B2MWKUP_DONE0_DriverIRQHandler
                0x08001304                HWVAD_DriverIRQHandler
                0x08001304                USIM_DriverIRQHandler
                0x08001304                WKDEEPSLEEP_DriverIRQHandler
                0x08001304                B2MWKUP_DONE3_DriverIRQHandler
                0x08001304                Reserved73_DriverIRQHandler
                0x08001304                WL_MCI_INT5_DriverIRQHandler
                0x08001304                ENET_TIMER_DriverIRQHandler
                0x08001304                PIN_INT3_DriverIRQHandler
                0x08001304                PIN_INT2_DriverIRQHandler
                0x08001304                ELS_DriverIRQHandler
                0x08001304                OTP_DriverIRQHandler
                0x08001304                GPIO_INTB_DriverIRQHandler
                0x08001304                TRNG_DriverIRQHandler
                0x08001304                ACC_C_INT_DriverIRQHandler
                0x08001304                PIN_INT0_DriverIRQHandler
                0x08001304                GFMRT_DriverIRQHandler
                0x08001304                Reserved76_DriverIRQHandler
                0x08001304                CTIMER2_DriverIRQHandler
                0x08001304                Reserved69_DriverIRQHandler
                0x08001304                WL_MCI_INT3_DriverIRQHandler
                0x08001304                SECUREVIOLATION_DriverIRQHandler
                0x08001304                BACC_DriverIRQHandler
                0x08001304                Reserved34_DriverIRQHandler
                0x08001304                IntDefaultHandler
                0x08001304                Reserved138_DriverIRQHandler
                0x08001304                Reserved136_DriverIRQHandler
                0x08001304                Reserved67_DriverIRQHandler
                0x08001304                W2MWKUP_DONE7_DriverIRQHandler
                0x08001304                W2MWKUP1_DriverIRQHandler
                0x08001304                W2MWKUP_DONE4_DriverIRQHandler
                0x08001304                WL_MCI_INT1_DriverIRQHandler
                0x08001304                B2MWKUP_DONE7_DriverIRQHandler
                0x08001304                PIN_INT4_DriverIRQHandler
                0x08001304                PIN_INT5_DriverIRQHandler
                0x08001304                PIN0_INT_DriverIRQHandler
                0x08001304                ENET_DriverIRQHandler
                0x08001304                Reserved47_DriverIRQHandler
                0x08001304                GAU_ADC0_DriverIRQHandler
                0x08001304                CTIMER4_DriverIRQHandler
                0x08001304                WL_MCI_INT0_DriverIRQHandler
                0x08001304                PIN_INT7_DriverIRQHandler
                0x08001304                GDMA_DriverIRQHandler
                0x08001304                BLE_MCI_INT1_DriverIRQHandler
                0x08001304                OS_EVENT_TIMER_DriverIRQHandler
                0x08001304                Reserved38_DriverIRQHandler
                0x08001304                POWERQUAD_DriverIRQHandler
                0x08001304                ELS_GDET_DriverIRQHandler
                0x08001304                Reserved35_DriverIRQHandler
                0x08001304                CTIMER0_DriverIRQHandler
                0x08001304                Reserved79_DriverIRQHandler
                0x08001304                MRT_DriverIRQHandler
                0x08001304                BLE_MCI_INT6_DriverIRQHandler
                0x08001304                CTIMER1_DriverIRQHandler
                0x08001304                PIN1_INT_DriverIRQHandler
                0x08001304                PIN_INT6_DriverIRQHandler
                0x08001304                W2MWKUP_DONE6_DriverIRQHandler
                0x08001304                SGPIO_INTB_DriverIRQHandler
                0x08001304                ACC_S_INT_DriverIRQHandler
                0x08001304                PMIP_CHANGE_DriverIRQHandler
                0x08001304                PIN_INT1_DriverIRQHandler
                0x08001304                W2MWKUP0_DriverIRQHandler
                0x08001304                CTIMER3_DriverIRQHandler
                0x08001304                W2MWKUP_DONE0_DriverIRQHandler
                0x08001304                Reserved74_DriverIRQHandler
                0x08001304                PKC_INT_DriverIRQHandler
                0x08001304                GPIO_INTA_DriverIRQHandler
                0x08001304                Reserved61_DriverIRQHandler
                0x08001304                WL_MCI_INT2_DriverIRQHandler
                0x08001304                PUF_DriverIRQHandler
                0x08001304                GAU_ACOMP_DriverIRQHandler
                0x08001304                Reserved40_DriverIRQHandler
                0x08001304                RTC_DriverIRQHandler
                0x08001304                WACC_DriverIRQHandler
                0x08001304                Reserved65_DriverIRQHandler
                0x08001304                LCD_DriverIRQHandler
                0x08001304                B2MWKUP1_DriverIRQHandler
                0x08001304                W2MWKUP_DONE1_DriverIRQHandler
                0x08001304                BLE_MCI_INT4_DriverIRQHandler
                0x08001304                PMIP_DriverIRQHandler
                0x08001304                BLE_MCI_INT2_DriverIRQHandler
                0x08001304                GAU_DAC_DriverIRQHandler
                0x08001304                Reserved60_DriverIRQHandler
                0x08001304                WL_MCI_INT4_DriverIRQHandler
                0x08001304                Reserved49_DriverIRQHandler
                0x08001304                DMIC_DriverIRQHandler
                0x08001304                DMA1_DriverIRQHandler
                0x08001304                Reserved137_DriverIRQHandler
                0x08001304                B2MWKUP_DONE4_DriverIRQHandler
                0x08001304                B2MWKUP_DONE1_DriverIRQHandler
                0x08001304                GAU_ADC1_DriverIRQHandler
                0x08001304                BLE_MCI_INT0_DriverIRQHandler
                0x08001304                ELS_GDET_UM_DriverIRQHandler
                0x08001304                WL_MCI_INT7_DriverIRQHandler
                0x08001304                UTICK_DriverIRQHandler
                0x08001304                W2MWKUP_DONE2_DriverIRQHandler
                0x08001304                B2MWKUP_DONE6_DriverIRQHandler
                0x08001304                WDT0_DriverIRQHandler
                0x08001304                Reserved68_DriverIRQHandler
                0x08001304                Reserved59_DriverIRQHandler
                0x08001304                SDIO_DriverIRQHandler
                0x08001304                WL_MCI_INT6_DriverIRQHandler
                0x08001304                W2MWKUP_DONE3_DriverIRQHandler
                0x08001304                B2MWKUP_DONE5_DriverIRQHandler
                0x08001304                CDOG_INT_DriverIRQHandler
                0x08001304                Reserved46_DriverIRQHandler
                0x08001304                Reserved37_DriverIRQHandler
                0x08001304                SCT0_DriverIRQHandler
                0x08001304                HYPERVISOR_DriverIRQHandler
                0x08001304                ITRC_DriverIRQHandler
                0x08001304                Reserved50_DriverIRQHandler
                0x08001304                W2MWKUP_DONE5_DriverIRQHandler
                0x08001304                USB_DriverIRQHandler
 *(SORT_BY_ALIGNMENT(.text*))
 *fill*         0x08001306        0x2 ff
 .text.DbgConsole_Init
                0x08001308       0x88 ./utilities/debug_console_lite/fsl_debug_console.o
                0x08001308                DbgConsole_Init
 .text.DbgConsole_Vprintf
                0x08001390       0x3c ./utilities/debug_console_lite/fsl_debug_console.o
                0x08001390                DbgConsole_Vprintf
 .text.DbgConsole_Putchar
                0x080013cc       0x30 ./utilities/debug_console_lite/fsl_debug_console.o
                0x080013cc                DbgConsole_Putchar
 .text.DbgConsole_PrintfFormattedData
                0x080013fc      0x3e0 ./utilities/debug_console_lite/fsl_debug_console.o
 .text.__assertion_failed
                0x080017dc       0x3c ./utilities/fsl_assert.o
                0x080017dc                __assertion_failed
 .text          0x08001818       0xa0 ./utilities/fsl_memcpy.o
                0x08001818                memcpy
 .text.__NVIC_EnableIRQ
                0x080018b8       0x3c ./source/adc_software_trigger.o
 .text.GAU_ADC0_IRQHandler
                0x080018f4       0x30 ./source/adc_software_trigger.o
                0x080018f4                GAU_ADC0_IRQHandler
 .text.main     0x08001924      0x12c ./source/adc_software_trigger.o
                0x08001924                main
 .text.ADC_GetInstance
                0x08001a50       0x54 ./drivers/fsl_adc.o
 .text.ADC_Init
                0x08001aa4      0x218 ./drivers/fsl_adc.o
                0x08001aa4                ADC_Init
 .text.ADC_GetDefaultConfig
                0x08001cbc       0xe8 ./drivers/fsl_adc.o
                0x08001cbc                ADC_GetDefaultConfig
 .text.ADC_DoAutoCalibration
                0x08001da4       0xa0 ./drivers/fsl_adc.o
                0x08001da4                ADC_DoAutoCalibration
 .text.CLOCK_GetSysOscFreq
                0x08001e44       0x54 ./drivers/fsl_clock.o
 .text.CLOCK_GetMclkInClkFreq
                0x08001e98       0x18 ./drivers/fsl_clock.o
 .text.CLOCK_GetLpOscFreq
                0x08001eb0       0x30 ./drivers/fsl_clock.o
 .text.CLOCK_DelayUs
                0x08001ee0       0x90 ./drivers/fsl_clock.o
 .text.CLOCK_GetT3PllMciIrcClkFreq
                0x08001f70       0x58 ./drivers/fsl_clock.o
                0x08001f70                CLOCK_GetT3PllMciIrcClkFreq
 .text.CLOCK_GetT3PllMci256mClkFreq
                0x08001fc8       0x1c ./drivers/fsl_clock.o
                0x08001fc8                CLOCK_GetT3PllMci256mClkFreq
 .text.CLOCK_GetTcpuFvcoFreq
                0x08001fe4       0xa4 ./drivers/fsl_clock.o
 .text.CLOCK_GetTcpuMciClkFreq
                0x08002088       0x24 ./drivers/fsl_clock.o
                0x08002088                CLOCK_GetTcpuMciClkFreq
 .text.CLOCK_EnableClock
                0x080020ac      0x118 ./drivers/fsl_clock.o
                0x080020ac                CLOCK_EnableClock
 .text.CLOCK_DisableClock
                0x080021c4      0x104 ./drivers/fsl_clock.o
                0x080021c4                CLOCK_DisableClock
 .text.CLOCK_AttachClk
                0x080022c8       0xf4 ./drivers/fsl_clock.o
                0x080022c8                CLOCK_AttachClk
 .text.CLOCK_GetAvPllCh1Freq
                0x080023bc       0x5c ./drivers/fsl_clock.o
                0x080023bc                CLOCK_GetAvPllCh1Freq
 .text.CLOCK_GetMainPllClkFreq
                0x08002418       0x20 ./drivers/fsl_clock.o
 .text.CLOCK_GetAudioPllClkFreq
                0x08002438       0x20 ./drivers/fsl_clock.o
 .text.CLOCK_GetMainClkFreq
                0x08002458       0xac ./drivers/fsl_clock.o
                0x08002458                CLOCK_GetMainClkFreq
 .text.CLOCK_GetCoreSysClkFreq
                0x08002504       0x20 ./drivers/fsl_clock.o
                0x08002504                CLOCK_GetCoreSysClkFreq
 .text.CLOCK_GetFRGClock
                0x08002524      0x148 ./drivers/fsl_clock.o
                0x08002524                CLOCK_GetFRGClock
 .text.CLOCK_SetFRGClock
                0x0800266c       0xa4 ./drivers/fsl_clock.o
                0x0800266c                CLOCK_SetFRGClock
 .text.CLOCK_GetMclkClkFreq
                0x08002710       0x60 ./drivers/fsl_clock.o
                0x08002710                CLOCK_GetMclkClkFreq
 .text.CLOCK_GetFlexCommClkFreq
                0x08002770       0xa4 ./drivers/fsl_clock.o
                0x08002770                CLOCK_GetFlexCommClkFreq
 .text.CLOCK_CfgTcpuRefClk
                0x08002814      0x114 ./drivers/fsl_clock.o
 .text.CLOCK_InitTcpuRefClk
                0x08002928       0x70 ./drivers/fsl_clock.o
                0x08002928                CLOCK_InitTcpuRefClk
 .text.CLOCK_DeinitTcpuRefClk
                0x08002998       0x40 ./drivers/fsl_clock.o
                0x08002998                CLOCK_DeinitTcpuRefClk
 .text.CLOCK_InitTddrRefClk
                0x080029d8       0x7c ./drivers/fsl_clock.o
                0x080029d8                CLOCK_InitTddrRefClk
 .text.CLOCK_DeinitTddrRefClk
                0x08002a54       0x40 ./drivers/fsl_clock.o
                0x08002a54                CLOCK_DeinitTddrRefClk
 .text.CLOCK_InitT3RefClk
                0x08002a94       0x80 ./drivers/fsl_clock.o
                0x08002a94                CLOCK_InitT3RefClk
 .text.CLOCK_DeinitT3RefClk
                0x08002b14       0x38 ./drivers/fsl_clock.o
                0x08002b14                CLOCK_DeinitT3RefClk
 .text.CLOCK_ConfigAvPll
                0x08002b4c       0xf4 ./drivers/fsl_clock.o
 .text.CLOCK_ConfigAvPllCh1
                0x08002c40       0x84 ./drivers/fsl_clock.o
 .text.CLOCK_ConfigAvPllCh2
                0x08002cc4       0x64 ./drivers/fsl_clock.o
 .text.CLOCK_PowerUpAnaGrp
                0x08002d28       0x34 ./drivers/fsl_clock.o
 .text.CLOCK_PowerDownAnaGrp
                0x08002d5c       0x30 ./drivers/fsl_clock.o
 .text.CLOCK_EnableAvPllCh
                0x08002d8c      0x154 ./drivers/fsl_clock.o
                0x08002d8c                CLOCK_EnableAvPllCh
 .text.CLOCK_DisableAvPllCh
                0x08002ee0       0x60 ./drivers/fsl_clock.o
                0x08002ee0                CLOCK_DisableAvPllCh
 .text.CLOCK_InitAvPll
                0x08002f40       0x88 ./drivers/fsl_clock.o
                0x08002f40                CLOCK_InitAvPll
 .text.CLOCK_DeinitAvPll
                0x08002fc8       0x54 ./drivers/fsl_clock.o
                0x08002fc8                CLOCK_DeinitAvPll
 .text.SDK_DelayAtLeastUs
                0x0800301c       0x8c ./drivers/fsl_common_arm.o
                0x0800301c                SDK_DelayAtLeastUs
 .text.FLEXCOMM_GetInstance
                0x080030a8       0x4c ./drivers/fsl_flexcomm.o
                0x080030a8                FLEXCOMM_GetInstance
 .text.FLEXCOMM_Init
                0x080030f4       0x50 ./drivers/fsl_flexcomm.o
                0x080030f4                FLEXCOMM_Init
 .text.FLEXCOMM0_DriverIRQHandler
                0x08003144       0x5c ./drivers/fsl_flexcomm.o
                0x08003144                FLEXCOMM0_DriverIRQHandler
 .text.FLEXCOMM1_DriverIRQHandler
                0x080031a0       0x5c ./drivers/fsl_flexcomm.o
                0x080031a0                FLEXCOMM1_DriverIRQHandler
 .text.FLEXCOMM2_DriverIRQHandler
                0x080031fc       0x5c ./drivers/fsl_flexcomm.o
                0x080031fc                FLEXCOMM2_DriverIRQHandler
 .text.FLEXCOMM3_DriverIRQHandler
                0x08003258       0x5c ./drivers/fsl_flexcomm.o
                0x08003258                FLEXCOMM3_DriverIRQHandler
 .text.FLEXCOMM14_DriverIRQHandler
                0x080032b4       0x5c ./drivers/fsl_flexcomm.o
                0x080032b4                FLEXCOMM14_DriverIRQHandler
 .text.FLEXSPI_DriverIRQHandler
                0x08003310       0x24 ./drivers/fsl_flexspi.o
                0x08003310                FLEXSPI_DriverIRQHandler
 .text.otp_get_nonmask_status_result
                0x08003334       0x60 ./drivers/fsl_ocotp.o
 .text.otp_wait_busy
                0x08003394       0x50 ./drivers/fsl_ocotp.o
 .text.otp_clear_status
                0x080033e4       0x28 ./drivers/fsl_ocotp.o
 .text.OCOTP_OtpInit
                0x0800340c       0x34 ./drivers/fsl_ocotp.o
                0x0800340c                OCOTP_OtpInit
 .text.OCOTP_OtpDeinit
                0x08003440       0x44 ./drivers/fsl_ocotp.o
                0x08003440                OCOTP_OtpDeinit
 .text.OCOTP_OtpFuseRead
                0x08003484       0x74 ./drivers/fsl_ocotp.o
                0x08003484                OCOTP_OtpFuseRead
 .text.soc_otp_read
                0x080034f8      0x120 ./drivers/fsl_ocotp.o
 .text.OCOTP_ReadSVC
                0x08003618       0x34 ./drivers/fsl_ocotp.o
                0x08003618                OCOTP_ReadSVC
 .text.OCOTP_ReadPackage
                0x0800364c       0x64 ./drivers/fsl_ocotp.o
                0x0800364c                OCOTP_ReadPackage
 .text.__NVIC_SetPriorityGrouping
                0x080036b0       0x48 ./drivers/fsl_power.o
 .text.__NVIC_GetPriorityGrouping
                0x080036f8       0x1c ./drivers/fsl_power.o
 .text.POWER_GetThresholdParams
                0x08003714      0x124 ./drivers/fsl_power.o
 .text.POWER_SaveNvicState
                0x08003838      0x140 ./drivers/fsl_power.o
 .text.POWER_RestoreNvicState
                0x08003978      0x13c ./drivers/fsl_power.o
 .text.CAPTIMER_DriverIRQHandler
                0x08003ab4       0x34 ./drivers/fsl_power.o
                0x08003ab4                CAPTIMER_DriverIRQHandler
 .text.POWER_EnableWakeup
                0x08003ae8      0x1dc ./drivers/fsl_power.o
                0x08003ae8                POWER_EnableWakeup
 .text.POWER_InitVSensorThreshold
                0x08003cc4      0x32c ./drivers/fsl_power.o
 .text.POWER_PowerOnGau
                0x08003ff0       0x30 ./drivers/fsl_power.o
                0x08003ff0                POWER_PowerOnGau
 .text.Power_InitLoadGdetCfg
                0x08004020       0x7c ./drivers/fsl_power.o
                0x08004020                Power_InitLoadGdetCfg
 .text.POWER_InitVoltage
                0x0800409c       0xa0 ./drivers/fsl_power.o
                0x0800409c                POWER_InitVoltage
 .text.POWER_TrimSvc
                0x0800413c      0x198 ./drivers/fsl_power.o
                0x0800413c                POWER_TrimSvc
 .text.RESET_SetPeripheralReset
                0x080042d4       0xf8 ./drivers/fsl_reset.o
                0x080042d4                RESET_SetPeripheralReset
 .text.RESET_ClearPeripheralReset
                0x080043cc      0x104 ./drivers/fsl_reset.o
                0x080043cc                RESET_ClearPeripheralReset
 .text.USART_Init
                0x080044d0      0x1d8 ./drivers/fsl_usart.o
                0x080044d0                USART_Init
 .text.USART_GetDefaultConfig
                0x080046a8       0xa0 ./drivers/fsl_usart.o
                0x080046a8                USART_GetDefaultConfig
 .text.USART_SetBaudRate
                0x08004748      0x18c ./drivers/fsl_usart.o
                0x08004748                USART_SetBaudRate
 .text.USART_WriteBlocking
                0x080048d4       0x8c ./drivers/fsl_usart.o
                0x080048d4                USART_WriteBlocking
 .text.USART_ReadBlocking
                0x08004960      0x104 ./drivers/fsl_usart.o
                0x08004960                USART_ReadBlocking
 .text.SystemInit
                0x08004a64       0xc4 ./device/system_RW612.o
                0x08004a64                SystemInit
 .text.getT3PllMciIrcClkFreq
                0x08004b28       0x50 ./device/system_RW612.o
 .text.getTcpuFvcoFreq
                0x08004b78       0x9c ./device/system_RW612.o
 .text.getT3PllMci256mClkFreq
                0x08004c14       0x1c ./device/system_RW612.o
 .text.getTcpuMciClkFreq
                0x08004c30       0x24 ./device/system_RW612.o
 .text.getSysOscFreq
                0x08004c54       0x48 ./device/system_RW612.o
 .text.getLpOscFreq
                0x08004c9c       0x30 ./device/system_RW612.o
 .text.getMainPllClkFreq
                0x08004ccc       0x20 ./device/system_RW612.o
 .text.SystemCoreClockUpdate
                0x08004cec       0xc4 ./device/system_RW612.o
                0x08004cec                SystemCoreClockUpdate
 .text.HAL_UartInitCommon
                0x08004db0      0x110 ./component/uart/fsl_adapter_usart.o
 .text.HAL_UartReceiveBlocking
                0x08004ec0       0x6c ./component/uart/fsl_adapter_usart.o
                0x08004ec0                HAL_UartReceiveBlocking
 .text.HAL_UartSendBlocking
                0x08004f2c       0x64 ./component/uart/fsl_adapter_usart.o
                0x08004f2c                HAL_UartSendBlocking
 .text.mcuxClEls_isBusy
                0x08004f90       0x24 ./component/els_pkc/src/comps/mcuxClEls/src/mcuxClEls_Common.o
 .text.mcuxClEls_GetErrorCode
                0x08004fb4      0x1c0 ./component/els_pkc/src/comps/mcuxClEls/src/mcuxClEls_Common.o
                0x08004fb4                mcuxClEls_GetErrorCode
 .text.mcuxClEls_WaitForOperation
                0x08005174       0x9c ./component/els_pkc/src/comps/mcuxClEls/src/mcuxClEls_Common.o
                0x08005174                mcuxClEls_WaitForOperation
 .text.mcuxClEls_ResetErrorFlags
                0x08005210       0x74 ./component/els_pkc/src/comps/mcuxClEls/src/mcuxClEls_Common.o
                0x08005210                mcuxClEls_ResetErrorFlags
 .text.mcuxClEls_setInput0_fixedSize
                0x08005284       0x20 ./component/els_pkc/src/comps/mcuxClEls/src/mcuxClEls_GlitchDetector.o
 .text.mcuxClEls_startCommand
                0x080052a4       0x40 ./component/els_pkc/src/comps/mcuxClEls/src/mcuxClEls_GlitchDetector.o
 .text.mcuxClEls_isBusy
                0x080052e4       0x24 ./component/els_pkc/src/comps/mcuxClEls/src/mcuxClEls_GlitchDetector.o
 .text.BOARD_InitDebugConsole
                0x08005308       0x44 ./board/board.o
                0x08005308                BOARD_InitDebugConsole
 .text.LoadGdetCfg
                0x0800534c       0xd0 ./board/board.o
 .text.ConfigSvcSensor
                0x0800541c      0x168 ./board/board.o
 .text.BOARD_ClockPreConfig
                0x08005584       0x6c ./board/board.o
                0x08005584                BOARD_ClockPreConfig
 .text.BOARD_ClockPostConfig
                0x080055f0       0x3c ./board/board.o
                0x080055f0                BOARD_ClockPostConfig
 .text.BOARD_BootClockRUN
                0x0800562c      0x108 ./board/clock_config.o
                0x0800562c                BOARD_BootClockRUN
 .text.IO_MUX_SetPinMux
                0x08005734      0x2ac ./board/pin_mux.o
 .text.BOARD_InitPins
                0x080059e0       0x40 ./board/pin_mux.o
                0x080059e0                BOARD_InitPins
 .text._initio  0x08005a20       0x78 C:/nxp_controller/MCUXpressoIDE_25.6.136/ide/plugins/com.nxp.mcuxpresso.tools.win32_25.6.0.202501151204/tools/bin/../lib/gcc/arm-none-eabi/14.2.1/../../../../arm-none-eabi/lib/thumb/v8-m.main+fp/hard\libcr_c.a(initio.o)
                0x08005a20                _initio
 .text._Cwritebuf
                0x08005a98       0x70 C:/nxp_controller/MCUXpressoIDE_25.6.136/ide/plugins/com.nxp.mcuxpresso.tools.win32_25.6.0.202501151204/tools/bin/../lib/gcc/arm-none-eabi/14.2.1/../../../../arm-none-eabi/lib/thumb/v8-m.main+fp/hard\libcr_c.a(_writebuf.o)
                0x08005a98                _Cwritebuf
 .text.fflush   0x08005b08       0x3c C:/nxp_controller/MCUXpressoIDE_25.6.136/ide/plugins/com.nxp.mcuxpresso.tools.win32_25.6.0.202501151204/tools/bin/../lib/gcc/arm-none-eabi/14.2.1/../../../../arm-none-eabi/lib/thumb/v8-m.main+fp/hard\libcr_c.a(fflush.o)
                0x08005b08                fflush
 .text.fseek    0x08005b44       0xf8 C:/nxp_controller/MCUXpressoIDE_25.6.136/ide/plugins/com.nxp.mcuxpresso.tools.win32_25.6.0.202501151204/tools/bin/../lib/gcc/arm-none-eabi/14.2.1/../../../../arm-none-eabi/lib/thumb/v8-m.main+fp/hard\libcr_c.a(fseek.o)
                0x08005b44                fseek
 .text.ftell    0x08005c3c       0x44 C:/nxp_controller/MCUXpressoIDE_25.6.136/ide/plugins/com.nxp.mcuxpresso.tools.win32_25.6.0.202501151204/tools/bin/../lib/gcc/arm-none-eabi/14.2.1/../../../../arm-none-eabi/lib/thumb/v8-m.main+fp/hard\libcr_c.a(ftell.o)
                0x08005c3c                ftell
 .text.DbgConsole_Printf
                0x08005c80       0x2c ./utilities/debug_console_lite/fsl_debug_console.o
                0x08005c80                DbgConsole_Printf
 .text.DbgConsole_PrintfPaddingCharacter
                0x08005cac       0x40 ./utilities/debug_console_lite/fsl_debug_console.o
 .text.DbgConsole_ConvertRadixNumToString
                0x08005cec       0xc2 ./utilities/debug_console_lite/fsl_debug_console.o
 .text.fsl_assert_hook
                0x08005dae       0x1a ./utilities/fsl_assert.o
                0x08005dae                fsl_assert_hook
 .text.WDT0_IRQHandler
                0x08005dc8        0x8 ./startup/startup_rw612.o
                0x08005dc8                WDT0_IRQHandler
 .text.DMA0_IRQHandler
                0x08005dd0        0x8 ./startup/startup_rw612.o
                0x08005dd0                DMA0_IRQHandler
 .text.GPIO_INTA_IRQHandler
                0x08005dd8        0x8 ./startup/startup_rw612.o
                0x08005dd8                GPIO_INTA_IRQHandler
 .text.GPIO_INTB_IRQHandler
                0x08005de0        0x8 ./startup/startup_rw612.o
                0x08005de0                GPIO_INTB_IRQHandler
 .text.PIN_INT0_IRQHandler
                0x08005de8        0x8 ./startup/startup_rw612.o
                0x08005de8                PIN_INT0_IRQHandler
 .text.PIN_INT1_IRQHandler
                0x08005df0        0x8 ./startup/startup_rw612.o
                0x08005df0                PIN_INT1_IRQHandler
 .text.PIN_INT2_IRQHandler
                0x08005df8        0x8 ./startup/startup_rw612.o
                0x08005df8                PIN_INT2_IRQHandler
 .text.PIN_INT3_IRQHandler
                0x08005e00        0x8 ./startup/startup_rw612.o
                0x08005e00                PIN_INT3_IRQHandler
 .text.UTICK_IRQHandler
                0x08005e08        0x8 ./startup/startup_rw612.o
                0x08005e08                UTICK_IRQHandler
 .text.MRT_IRQHandler
                0x08005e10        0x8 ./startup/startup_rw612.o
                0x08005e10                MRT_IRQHandler
 .text.CTIMER0_IRQHandler
                0x08005e18        0x8 ./startup/startup_rw612.o
                0x08005e18                CTIMER0_IRQHandler
 .text.CTIMER1_IRQHandler
                0x08005e20        0x8 ./startup/startup_rw612.o
                0x08005e20                CTIMER1_IRQHandler
 .text.SCT0_IRQHandler
                0x08005e28        0x8 ./startup/startup_rw612.o
                0x08005e28                SCT0_IRQHandler
 .text.CTIMER3_IRQHandler
                0x08005e30        0x8 ./startup/startup_rw612.o
                0x08005e30                CTIMER3_IRQHandler
 .text.FLEXCOMM0_IRQHandler
                0x08005e38        0x8 ./startup/startup_rw612.o
                0x08005e38                FLEXCOMM0_IRQHandler
 .text.FLEXCOMM1_IRQHandler
                0x08005e40        0x8 ./startup/startup_rw612.o
                0x08005e40                FLEXCOMM1_IRQHandler
 .text.FLEXCOMM2_IRQHandler
                0x08005e48        0x8 ./startup/startup_rw612.o
                0x08005e48                FLEXCOMM2_IRQHandler
 .text.FLEXCOMM3_IRQHandler
                0x08005e50        0x8 ./startup/startup_rw612.o
                0x08005e50                FLEXCOMM3_IRQHandler
 .text.Reserved34_IRQHandler
                0x08005e58        0x8 ./startup/startup_rw612.o
                0x08005e58                Reserved34_IRQHandler
 .text.Reserved35_IRQHandler
                0x08005e60        0x8 ./startup/startup_rw612.o
                0x08005e60                Reserved35_IRQHandler
 .text.FLEXCOMM14_IRQHandler
                0x08005e68        0x8 ./startup/startup_rw612.o
                0x08005e68                FLEXCOMM14_IRQHandler
 .text.Reserved37_IRQHandler
                0x08005e70        0x8 ./startup/startup_rw612.o
                0x08005e70                Reserved37_IRQHandler
 .text.Reserved38_IRQHandler
                0x08005e78        0x8 ./startup/startup_rw612.o
                0x08005e78                Reserved38_IRQHandler
 .text.GFMRT_IRQHandler
                0x08005e80        0x8 ./startup/startup_rw612.o
                0x08005e80                GFMRT_IRQHandler
 .text.Reserved40_IRQHandler
                0x08005e88        0x8 ./startup/startup_rw612.o
                0x08005e88                Reserved40_IRQHandler
 .text.DMIC_IRQHandler
                0x08005e90        0x8 ./startup/startup_rw612.o
                0x08005e90                DMIC_IRQHandler
 .text.WKDEEPSLEEP_IRQHandler
                0x08005e98        0x8 ./startup/startup_rw612.o
                0x08005e98                WKDEEPSLEEP_IRQHandler
 .text.HYPERVISOR_IRQHandler
                0x08005ea0        0x8 ./startup/startup_rw612.o
                0x08005ea0                HYPERVISOR_IRQHandler
 .text.SECUREVIOLATION_IRQHandler
                0x08005ea8        0x8 ./startup/startup_rw612.o
                0x08005ea8                SECUREVIOLATION_IRQHandler
 .text.HWVAD_IRQHandler
                0x08005eb0        0x8 ./startup/startup_rw612.o
                0x08005eb0                HWVAD_IRQHandler
 .text.Reserved46_IRQHandler
                0x08005eb8        0x8 ./startup/startup_rw612.o
                0x08005eb8                Reserved46_IRQHandler
 .text.Reserved47_IRQHandler
                0x08005ec0        0x8 ./startup/startup_rw612.o
                0x08005ec0                Reserved47_IRQHandler
 .text.RTC_IRQHandler
                0x08005ec8        0x8 ./startup/startup_rw612.o
                0x08005ec8                RTC_IRQHandler
 .text.Reserved49_IRQHandler
                0x08005ed0        0x8 ./startup/startup_rw612.o
                0x08005ed0                Reserved49_IRQHandler
 .text.Reserved50_IRQHandler
                0x08005ed8        0x8 ./startup/startup_rw612.o
                0x08005ed8                Reserved50_IRQHandler
 .text.PIN_INT4_IRQHandler
                0x08005ee0        0x8 ./startup/startup_rw612.o
                0x08005ee0                PIN_INT4_IRQHandler
 .text.PIN_INT5_IRQHandler
                0x08005ee8        0x8 ./startup/startup_rw612.o
                0x08005ee8                PIN_INT5_IRQHandler
 .text.PIN_INT6_IRQHandler
                0x08005ef0        0x8 ./startup/startup_rw612.o
                0x08005ef0                PIN_INT6_IRQHandler
 .text.PIN_INT7_IRQHandler
                0x08005ef8        0x8 ./startup/startup_rw612.o
                0x08005ef8                PIN_INT7_IRQHandler
 .text.CTIMER2_IRQHandler
                0x08005f00        0x8 ./startup/startup_rw612.o
                0x08005f00                CTIMER2_IRQHandler
 .text.CTIMER4_IRQHandler
                0x08005f08        0x8 ./startup/startup_rw612.o
                0x08005f08                CTIMER4_IRQHandler
 .text.OS_EVENT_TIMER_IRQHandler
                0x08005f10        0x8 ./startup/startup_rw612.o
                0x08005f10                OS_EVENT_TIMER_IRQHandler
 .text.FLEXSPI_IRQHandler
                0x08005f18        0x8 ./startup/startup_rw612.o
                0x08005f18                FLEXSPI_IRQHandler
 .text.Reserved59_IRQHandler
                0x08005f20        0x8 ./startup/startup_rw612.o
                0x08005f20                Reserved59_IRQHandler
 .text.Reserved60_IRQHandler
                0x08005f28        0x8 ./startup/startup_rw612.o
                0x08005f28                Reserved60_IRQHandler
 .text.Reserved61_IRQHandler
                0x08005f30        0x8 ./startup/startup_rw612.o
                0x08005f30                Reserved61_IRQHandler
 .text.SDIO_IRQHandler
                0x08005f38        0x8 ./startup/startup_rw612.o
                0x08005f38                SDIO_IRQHandler
 .text.SGPIO_INTA_IRQHandler
                0x08005f40        0x8 ./startup/startup_rw612.o
                0x08005f40                SGPIO_INTA_IRQHandler
 .text.SGPIO_INTB_IRQHandler
                0x08005f48        0x8 ./startup/startup_rw612.o
                0x08005f48                SGPIO_INTB_IRQHandler
 .text.Reserved65_IRQHandler
                0x08005f50        0x8 ./startup/startup_rw612.o
                0x08005f50                Reserved65_IRQHandler
 .text.USB_IRQHandler
                0x08005f58        0x8 ./startup/startup_rw612.o
                0x08005f58                USB_IRQHandler
 .text.Reserved67_IRQHandler
                0x08005f60        0x8 ./startup/startup_rw612.o
                0x08005f60                Reserved67_IRQHandler
 .text.Reserved68_IRQHandler
                0x08005f68        0x8 ./startup/startup_rw612.o
                0x08005f68                Reserved68_IRQHandler
 .text.Reserved69_IRQHandler
                0x08005f70        0x8 ./startup/startup_rw612.o
                0x08005f70                Reserved69_IRQHandler
 .text.DMA1_IRQHandler
                0x08005f78        0x8 ./startup/startup_rw612.o
                0x08005f78                DMA1_IRQHandler
 .text.PUF_IRQHandler
                0x08005f80        0x8 ./startup/startup_rw612.o
                0x08005f80                PUF_IRQHandler
 .text.POWERQUAD_IRQHandler
                0x08005f88        0x8 ./startup/startup_rw612.o
                0x08005f88                POWERQUAD_IRQHandler
 .text.Reserved73_IRQHandler
                0x08005f90        0x8 ./startup/startup_rw612.o
                0x08005f90                Reserved73_IRQHandler
 .text.Reserved74_IRQHandler
                0x08005f98        0x8 ./startup/startup_rw612.o
                0x08005f98                Reserved74_IRQHandler
 .text.Reserved75_IRQHandler
                0x08005fa0        0x8 ./startup/startup_rw612.o
                0x08005fa0                Reserved75_IRQHandler
 .text.Reserved76_IRQHandler
                0x08005fa8        0x8 ./startup/startup_rw612.o
                0x08005fa8                Reserved76_IRQHandler
 .text.LCD_IRQHandler
                0x08005fb0        0x8 ./startup/startup_rw612.o
                0x08005fb0                LCD_IRQHandler
 .text.CAPTIMER_IRQHandler
                0x08005fb8        0x8 ./startup/startup_rw612.o
                0x08005fb8                CAPTIMER_IRQHandler
 .text.Reserved79_IRQHandler
                0x08005fc0        0x8 ./startup/startup_rw612.o
                0x08005fc0                Reserved79_IRQHandler
 .text.W2MWKUP_DONE0_IRQHandler
                0x08005fc8        0x8 ./startup/startup_rw612.o
                0x08005fc8                W2MWKUP_DONE0_IRQHandler
 .text.W2MWKUP_DONE1_IRQHandler
                0x08005fd0        0x8 ./startup/startup_rw612.o
                0x08005fd0                W2MWKUP_DONE1_IRQHandler
 .text.W2MWKUP_DONE2_IRQHandler
                0x08005fd8        0x8 ./startup/startup_rw612.o
                0x08005fd8                W2MWKUP_DONE2_IRQHandler
 .text.W2MWKUP_DONE3_IRQHandler
                0x08005fe0        0x8 ./startup/startup_rw612.o
                0x08005fe0                W2MWKUP_DONE3_IRQHandler
 .text.W2MWKUP_DONE4_IRQHandler
                0x08005fe8        0x8 ./startup/startup_rw612.o
                0x08005fe8                W2MWKUP_DONE4_IRQHandler
 .text.W2MWKUP_DONE5_IRQHandler
                0x08005ff0        0x8 ./startup/startup_rw612.o
                0x08005ff0                W2MWKUP_DONE5_IRQHandler
 .text.W2MWKUP_DONE6_IRQHandler
                0x08005ff8        0x8 ./startup/startup_rw612.o
                0x08005ff8                W2MWKUP_DONE6_IRQHandler
 .text.W2MWKUP_DONE7_IRQHandler
                0x08006000        0x8 ./startup/startup_rw612.o
                0x08006000                W2MWKUP_DONE7_IRQHandler
 .text.W2MWKUP0_IRQHandler
                0x08006008        0x8 ./startup/startup_rw612.o
                0x08006008                W2MWKUP0_IRQHandler
 .text.W2MWKUP1_IRQHandler
                0x08006010        0x8 ./startup/startup_rw612.o
                0x08006010                W2MWKUP1_IRQHandler
 .text.WL_MCI_INT0_IRQHandler
                0x08006018        0x8 ./startup/startup_rw612.o
                0x08006018                WL_MCI_INT0_IRQHandler
 .text.WL_MCI_INT1_IRQHandler
                0x08006020        0x8 ./startup/startup_rw612.o
                0x08006020                WL_MCI_INT1_IRQHandler
 .text.WL_MCI_INT2_IRQHandler
                0x08006028        0x8 ./startup/startup_rw612.o
                0x08006028                WL_MCI_INT2_IRQHandler
 .text.WL_MCI_INT3_IRQHandler
                0x08006030        0x8 ./startup/startup_rw612.o
                0x08006030                WL_MCI_INT3_IRQHandler
 .text.WL_MCI_INT4_IRQHandler
                0x08006038        0x8 ./startup/startup_rw612.o
                0x08006038                WL_MCI_INT4_IRQHandler
 .text.WL_MCI_INT5_IRQHandler
                0x08006040        0x8 ./startup/startup_rw612.o
                0x08006040                WL_MCI_INT5_IRQHandler
 .text.WL_MCI_INT6_IRQHandler
                0x08006048        0x8 ./startup/startup_rw612.o
                0x08006048                WL_MCI_INT6_IRQHandler
 .text.WL_MCI_INT7_IRQHandler
                0x08006050        0x8 ./startup/startup_rw612.o
                0x08006050                WL_MCI_INT7_IRQHandler
 .text.B2MWKUP_DONE0_IRQHandler
                0x08006058        0x8 ./startup/startup_rw612.o
                0x08006058                B2MWKUP_DONE0_IRQHandler
 .text.B2MWKUP_DONE1_IRQHandler
                0x08006060        0x8 ./startup/startup_rw612.o
                0x08006060                B2MWKUP_DONE1_IRQHandler
 .text.B2MWKUP_DONE2_IRQHandler
                0x08006068        0x8 ./startup/startup_rw612.o
                0x08006068                B2MWKUP_DONE2_IRQHandler
 .text.B2MWKUP_DONE3_IRQHandler
                0x08006070        0x8 ./startup/startup_rw612.o
                0x08006070                B2MWKUP_DONE3_IRQHandler
 .text.B2MWKUP_DONE4_IRQHandler
                0x08006078        0x8 ./startup/startup_rw612.o
                0x08006078                B2MWKUP_DONE4_IRQHandler
 .text.B2MWKUP_DONE5_IRQHandler
                0x08006080        0x8 ./startup/startup_rw612.o
                0x08006080                B2MWKUP_DONE5_IRQHandler
 .text.B2MWKUP_DONE6_IRQHandler
                0x08006088        0x8 ./startup/startup_rw612.o
                0x08006088                B2MWKUP_DONE6_IRQHandler
 .text.B2MWKUP_DONE7_IRQHandler
                0x08006090        0x8 ./startup/startup_rw612.o
                0x08006090                B2MWKUP_DONE7_IRQHandler
 .text.B2MWKUP0_IRQHandler
                0x08006098        0x8 ./startup/startup_rw612.o
                0x08006098                B2MWKUP0_IRQHandler
 .text.B2MWKUP1_IRQHandler
                0x080060a0        0x8 ./startup/startup_rw612.o
                0x080060a0                B2MWKUP1_IRQHandler
 .text.BLE_MCI_INT0_IRQHandler
                0x080060a8        0x8 ./startup/startup_rw612.o
                0x080060a8                BLE_MCI_INT0_IRQHandler
 .text.BLE_MCI_INT1_IRQHandler
                0x080060b0        0x8 ./startup/startup_rw612.o
                0x080060b0                BLE_MCI_INT1_IRQHandler
 .text.BLE_MCI_INT2_IRQHandler
                0x080060b8        0x8 ./startup/startup_rw612.o
                0x080060b8                BLE_MCI_INT2_IRQHandler
 .text.BLE_MCI_INT3_IRQHandler
                0x080060c0        0x8 ./startup/startup_rw612.o
                0x080060c0                BLE_MCI_INT3_IRQHandler
 .text.BLE_MCI_INT4_IRQHandler
                0x080060c8        0x8 ./startup/startup_rw612.o
                0x080060c8                BLE_MCI_INT4_IRQHandler
 .text.BLE_MCI_INT5_IRQHandler
                0x080060d0        0x8 ./startup/startup_rw612.o
                0x080060d0                BLE_MCI_INT5_IRQHandler
 .text.BLE_MCI_INT6_IRQHandler
                0x080060d8        0x8 ./startup/startup_rw612.o
                0x080060d8                BLE_MCI_INT6_IRQHandler
 .text.BLE_MCI_INT7_IRQHandler
                0x080060e0        0x8 ./startup/startup_rw612.o
                0x080060e0                BLE_MCI_INT7_IRQHandler
 .text.PIN0_INT_IRQHandler
                0x080060e8        0x8 ./startup/startup_rw612.o
                0x080060e8                PIN0_INT_IRQHandler
 .text.PIN1_INT_IRQHandler
                0x080060f0        0x8 ./startup/startup_rw612.o
                0x080060f0                PIN1_INT_IRQHandler
 .text.ELS_IRQHandler
                0x080060f8        0x8 ./startup/startup_rw612.o
                0x080060f8                ELS_IRQHandler
 .text.ELS_GDET_IRQHandler
                0x08006100        0x8 ./startup/startup_rw612.o
                0x08006100                ELS_GDET_IRQHandler
 .text.ELS_GDET_UM_IRQHandler
                0x08006108        0x8 ./startup/startup_rw612.o
                0x08006108                ELS_GDET_UM_IRQHandler
 .text.PKC_INT_IRQHandler
                0x08006110        0x8 ./startup/startup_rw612.o
                0x08006110                PKC_INT_IRQHandler
 .text.PKC_ERR_IRQHandler
                0x08006118        0x8 ./startup/startup_rw612.o
                0x08006118                PKC_ERR_IRQHandler
 .text.CDOG_INT_IRQHandler
                0x08006120        0x8 ./startup/startup_rw612.o
                0x08006120                CDOG_INT_IRQHandler
 .text.GAU_DAC_IRQHandler
                0x08006128        0x8 ./startup/startup_rw612.o
                0x08006128                GAU_DAC_IRQHandler
 .text.GAU_ACOMP_WKUP_IRQHandler
                0x08006130        0x8 ./startup/startup_rw612.o
                0x08006130                GAU_ACOMP_WKUP_IRQHandler
 .text.GAU_ACOMP_IRQHandler
                0x08006138        0x8 ./startup/startup_rw612.o
                0x08006138                GAU_ACOMP_IRQHandler
 .text.GAU_ADC1_IRQHandler
                0x08006140        0x8 ./startup/startup_rw612.o
                0x08006140                GAU_ADC1_IRQHandler
 .text.USIM_IRQHandler
                0x08006148        0x8 ./startup/startup_rw612.o
                0x08006148                USIM_IRQHandler
 .text.OTP_IRQHandler
                0x08006150        0x8 ./startup/startup_rw612.o
                0x08006150                OTP_IRQHandler
 .text.ENET_IRQHandler
                0x08006158        0x8 ./startup/startup_rw612.o
                0x08006158                ENET_IRQHandler
 .text.ENET_TIMER_IRQHandler
                0x08006160        0x8 ./startup/startup_rw612.o
                0x08006160                ENET_TIMER_IRQHandler
 .text.PMIP_IRQHandler
                0x08006168        0x8 ./startup/startup_rw612.o
                0x08006168                PMIP_IRQHandler
 .text.PMIP_CHANGE_IRQHandler
                0x08006170        0x8 ./startup/startup_rw612.o
                0x08006170                PMIP_CHANGE_IRQHandler
 .text.ITRC_IRQHandler
                0x08006178        0x8 ./startup/startup_rw612.o
                0x08006178                ITRC_IRQHandler
 .text.Reserved136_IRQHandler
                0x08006180        0x8 ./startup/startup_rw612.o
                0x08006180                Reserved136_IRQHandler
 .text.Reserved137_IRQHandler
                0x08006188        0x8 ./startup/startup_rw612.o
                0x08006188                Reserved137_IRQHandler
 .text.Reserved138_IRQHandler
                0x08006190        0x8 ./startup/startup_rw612.o
                0x08006190                Reserved138_IRQHandler
 .text.TRNG_IRQHandler
                0x08006198        0x8 ./startup/startup_rw612.o
                0x08006198                TRNG_IRQHandler
 .text.ACC_C_INT_IRQHandler
                0x080061a0        0x8 ./startup/startup_rw612.o
                0x080061a0                ACC_C_INT_IRQHandler
 .text.ACC_S_INT_IRQHandler
                0x080061a8        0x8 ./startup/startup_rw612.o
                0x080061a8                ACC_S_INT_IRQHandler
 .text.WACC_IRQHandler
                0x080061b0        0x8 ./startup/startup_rw612.o
                0x080061b0                WACC_IRQHandler
 .text.BACC_IRQHandler
                0x080061b8        0x8 ./startup/startup_rw612.o
                0x080061b8                BACC_IRQHandler
 .text.GDMA_IRQHandler
                0x080061c0        0x8 ./startup/startup_rw612.o
                0x080061c0                GDMA_IRQHandler
 .text.EnableIRQ
                0x080061c8       0x32 ./source/adc_software_trigger.o
 .text.ADC_DoSoftwareTrigger
                0x080061fa       0x20 ./source/adc_software_trigger.o
 .text.ADC_StopConversion
                0x0800621a       0x20 ./source/adc_software_trigger.o
 .text.ADC_GetConversionResult
                0x0800623a       0x18 ./source/adc_software_trigger.o
 .text.ADC_EnableInterrupts
                0x08006252       0x24 ./source/adc_software_trigger.o
 .text.ADC_ClearStatusFlags
                0x08006276       0x26 ./source/adc_software_trigger.o
 .text.HardFault_Handler
                0x0800629c       0x36 ./source/semihost_hardfault.o
                0x0800629c                HardFault_Handler
 .text.ADC_DoSoftwareReset
                0x080062d2       0x40 ./drivers/fsl_adc.o
 .text.ADC_SetScanChannel
                0x08006312       0x6c ./drivers/fsl_adc.o
                0x08006312                ADC_SetScanChannel
 .text.ADC_GetStatusFlags
                0x0800637e       0x34 ./drivers/fsl_adc.o
                0x0800637e                ADC_GetStatusFlags
 .text.CLOCK_GetClk32KFreq
                0x080063b2       0x12 ./drivers/fsl_clock.o
 .text.CLOCK_Delay
                0x080063c4       0x22 ./drivers/fsl_clock.o
 .text.CLOCK_SetClkDiv
                0x080063e6       0x78 ./drivers/fsl_clock.o
                0x080063e6                CLOCK_SetClkDiv
 .text.CLOCK_GetFreq
                0x0800645e       0x3c ./drivers/fsl_clock.o
                0x0800645e                CLOCK_GetFreq
 .text.CLOCK_GetFFroFreq
                0x0800649a        0xe ./drivers/fsl_clock.o
                0x0800649a                CLOCK_GetFFroFreq
 .text.CLOCK_GetSFroFreq
                0x080064a8       0x10 ./drivers/fsl_clock.o
                0x080064a8                CLOCK_GetSFroFreq
 .text.DelayLoop
                0x080064b8       0x20 ./drivers/fsl_common_arm.o
 .text.FLEXCOMM_PeripheralIsPresent
                0x080064d8       0x64 ./drivers/fsl_flexcomm.o
 .text.FLEXCOMM_SetPeriph
                0x0800653c       0x74 ./drivers/fsl_flexcomm.o
 .text.OCOTP_ReadSocOtp
                0x080065b0       0x6a ./drivers/fsl_ocotp.o
                0x080065b0                OCOTP_ReadSocOtp
 .text.DisableGlobalIRQ
                0x0800661a       0x22 ./drivers/fsl_power.o
 .text.EnableGlobalIRQ
                0x0800663c       0x20 ./drivers/fsl_power.o
 .text.RESET_PeripheralReset
                0x0800665c       0x22 ./drivers/fsl_reset.o
                0x0800665c                RESET_PeripheralReset
 .text.USART_EnableContinuousSCLK
                0x0800667e       0x38 ./drivers/fsl_usart.o
 .text.USART_SetRxTimeoutConfig
                0x080066b6       0x68 ./drivers/fsl_usart.o
                0x080066b6                USART_SetRxTimeoutConfig
 .text.getFFroFreq
                0x0800671e        0xe ./device/system_RW612.o
 .text.getSFroFreq
                0x0800672c       0x10 ./device/system_RW612.o
 .text.SystemInitHook
                0x0800673c        0xe ./device/system_RW612.o
                0x0800673c                SystemInitHook
 .text.HAL_UartGetStatus
                0x0800674a       0x22 ./component/uart/fsl_adapter_usart.o
 .text.HAL_UartInit
                0x0800676c       0x36 ./component/uart/fsl_adapter_usart.o
                0x0800676c                HAL_UartInit
 .text.mcuxClEls_getSfrField
                0x080067a2       0x24 ./component/els_pkc/src/comps/mcuxClEls/src/mcuxClEls_Common.o
 .text.mcuxClEls_GlitchDetector_LoadConfig_Async
                0x080067c6       0x98 ./component/els_pkc/src/comps/mcuxClEls/src/mcuxClEls_GlitchDetector.o
                0x080067c6                mcuxClEls_GlitchDetector_LoadConfig_Async
 .text.BOARD_InitHardware
                0x0800685e       0x3a ./board/hardware_init.o
                0x0800685e                BOARD_InitHardware
 .text.__main   0x08006898        0xe C:/nxp_controller/MCUXpressoIDE_25.6.136/ide/plugins/com.nxp.mcuxpresso.tools.win32_25.6.0.202501151204/tools/bin/../lib/gcc/arm-none-eabi/14.2.1/../../../../arm-none-eabi/lib/thumb/v8-m.main+fp/hard\libcr_nohost_nf.a(_cr__main.o)
                0x08006898                __main
 .text.memset   0x080068a6        0x4 C:/nxp_controller/MCUXpressoIDE_25.6.136/ide/plugins/com.nxp.mcuxpresso.tools.win32_25.6.0.202501151204/tools/bin/../lib/gcc/arm-none-eabi/14.2.1/../../../../arm-none-eabi/lib/thumb/v8-m.main+fp/hard\libcr_c.a(memset.o)
                0x080068a6                memset
 .text.free     0x080068aa       0x30 C:/nxp_controller/MCUXpressoIDE_25.6.136/ide/plugins/com.nxp.mcuxpresso.tools.win32_25.6.0.202501151204/tools/bin/../lib/gcc/arm-none-eabi/14.2.1/../../../../arm-none-eabi/lib/thumb/v8-m.main+fp/hard\libcr_c.a(alloc.o)
                0x080068aa                free
 .text.setvbuf  0x080068da       0x3e C:/nxp_controller/MCUXpressoIDE_25.6.136/ide/plugins/com.nxp.mcuxpresso.tools.win32_25.6.0.202501151204/tools/bin/../lib/gcc/arm-none-eabi/14.2.1/../../../../arm-none-eabi/lib/thumb/v8-m.main+fp/hard\libcr_c.a(setvbuf.o)
                0x080068da                setvbuf
 .text.strlen   0x08006918       0x4e C:/nxp_controller/MCUXpressoIDE_25.6.136/ide/plugins/com.nxp.mcuxpresso.tools.win32_25.6.0.202501151204/tools/bin/../lib/gcc/arm-none-eabi/14.2.1/../../../../arm-none-eabi/lib/thumb/v8-m.main+fp/hard\libcr_c.a(strlen.o)
                0x08006918                strlen
 .text._deferredlazyseek
                0x08006966       0x40 C:/nxp_controller/MCUXpressoIDE_25.6.136/ide/plugins/com.nxp.mcuxpresso.tools.win32_25.6.0.202501151204/tools/bin/../lib/gcc/arm-none-eabi/14.2.1/../../../../arm-none-eabi/lib/thumb/v8-m.main+fp/hard\libcr_c.a(_deferredlazyseek.o)
                0x08006966                _deferredlazyseek
 .text._fdopen  0x080069a6       0x68 C:/nxp_controller/MCUXpressoIDE_25.6.136/ide/plugins/com.nxp.mcuxpresso.tools.win32_25.6.0.202501151204/tools/bin/../lib/gcc/arm-none-eabi/14.2.1/../../../../arm-none-eabi/lib/thumb/v8-m.main+fp/hard\libcr_c.a(_fdopen.o)
                0x080069a6                _fdopen
 .text._fflush  0x08006a0e       0x52 C:/nxp_controller/MCUXpressoIDE_25.6.136/ide/plugins/com.nxp.mcuxpresso.tools.win32_25.6.0.202501151204/tools/bin/../lib/gcc/arm-none-eabi/14.2.1/../../../../arm-none-eabi/lib/thumb/v8-m.main+fp/hard\libcr_c.a(_fflush.o)
                0x08006a0e                _fflush
 .text.fclose   0x08006a60       0x58 C:/nxp_controller/MCUXpressoIDE_25.6.136/ide/plugins/com.nxp.mcuxpresso.tools.win32_25.6.0.202501151204/tools/bin/../lib/gcc/arm-none-eabi/14.2.1/../../../../arm-none-eabi/lib/thumb/v8-m.main+fp/hard\libcr_c.a(fclose.o)
                0x08006a60                fclose
 .text.remove   0x08006ab8       0x14 C:/nxp_controller/MCUXpressoIDE_25.6.136/ide/plugins/com.nxp.mcuxpresso.tools.win32_25.6.0.202501151204/tools/bin/../lib/gcc/arm-none-eabi/14.2.1/../../../../arm-none-eabi/lib/thumb/v8-m.main+fp/hard\libcr_c.a(remove.o)
                0x08006ab8                remove
 .text._do_fflush
                0x08006acc       0x40 C:/nxp_controller/MCUXpressoIDE_25.6.136/ide/plugins/com.nxp.mcuxpresso.tools.win32_25.6.0.202501151204/tools/bin/../lib/gcc/arm-none-eabi/14.2.1/../../../../arm-none-eabi/lib/thumb/v8-m.main+fp/hard\libcr_c.a(_do_fflush.o)
                0x08006acc                _do_fflush
 .text.__aeabi_division_uldivmod
                0x08006b0c      0x174 C:/nxp_controller/MCUXpressoIDE_25.6.136/ide/plugins/com.nxp.mcuxpresso.tools.win32_25.6.0.202501151204/tools/bin/../lib/gcc/arm-none-eabi/14.2.1/thumb/v8-m.main+fp/hard\libcr_eabihelpers.a(division_64.o)
                0x08006b0c                __aeabi_uldivmod
                0x08006b10                __bhs_ldivmod1
 .text.__aeabi_division_idiv0
                0x08006c80        0x2 C:/nxp_controller/MCUXpressoIDE_25.6.136/ide/plugins/com.nxp.mcuxpresso.tools.win32_25.6.0.202501151204/tools/bin/../lib/gcc/arm-none-eabi/14.2.1/thumb/v8-m.main+fp/hard\libcr_eabihelpers.a(division_idiv0.o)
                0x08006c80                __aeabi_idiv0
 .text.__aeabi_memset_lowlevel
                0x08006c82       0x32 C:/nxp_controller/MCUXpressoIDE_25.6.136/ide/plugins/com.nxp.mcuxpresso.tools.win32_25.6.0.202501151204/tools/bin/../lib/gcc/arm-none-eabi/14.2.1/thumb/v8-m.main+fp/hard\libcr_eabihelpers.a(memcpy.o)
                0x08006c82                __aeabi_lowlevel_memset
 .text.__sys_close
                0x08006cb4        0x6 C:/nxp_controller/MCUXpressoIDE_25.6.136/ide/plugins/com.nxp.mcuxpresso.tools.win32_25.6.0.202501151204/tools/bin/../lib/gcc/arm-none-eabi/14.2.1/../../../../arm-none-eabi/lib/thumb/v8-m.main+fp/hard\libcr_nohost_nf.a(__sys_close.o)
                0x08006cb4                __sys_close
 .text.__sys_flen
                0x08006cba        0x6 C:/nxp_controller/MCUXpressoIDE_25.6.136/ide/plugins/com.nxp.mcuxpresso.tools.win32_25.6.0.202501151204/tools/bin/../lib/gcc/arm-none-eabi/14.2.1/../../../../arm-none-eabi/lib/thumb/v8-m.main+fp/hard\libcr_nohost_nf.a(__sys_flen.o)
                0x08006cba                __sys_flen
 .text.__sys_istty
                0x08006cc0        0x6 C:/nxp_controller/MCUXpressoIDE_25.6.136/ide/plugins/com.nxp.mcuxpresso.tools.win32_25.6.0.202501151204/tools/bin/../lib/gcc/arm-none-eabi/14.2.1/../../../../arm-none-eabi/lib/thumb/v8-m.main+fp/hard\libcr_nohost_nf.a(__sys_istty.o)
                0x08006cc0                __sys_istty
 .text.__sys_remove
                0x08006cc6        0x6 C:/nxp_controller/MCUXpressoIDE_25.6.136/ide/plugins/com.nxp.mcuxpresso.tools.win32_25.6.0.202501151204/tools/bin/../lib/gcc/arm-none-eabi/14.2.1/../../../../arm-none-eabi/lib/thumb/v8-m.main+fp/hard\libcr_nohost_nf.a(__sys_remove.o)
                0x08006cc6                __sys_remove
 .text.__sys_seek
                0x08006ccc        0x6 C:/nxp_controller/MCUXpressoIDE_25.6.136/ide/plugins/com.nxp.mcuxpresso.tools.win32_25.6.0.202501151204/tools/bin/../lib/gcc/arm-none-eabi/14.2.1/../../../../arm-none-eabi/lib/thumb/v8-m.main+fp/hard\libcr_nohost_nf.a(__sys_seek.o)
                0x08006ccc                __sys_seek
 .text.__sys_tmpnam
                0x08006cd2        0x6 C:/nxp_controller/MCUXpressoIDE_25.6.136/ide/plugins/com.nxp.mcuxpresso.tools.win32_25.6.0.202501151204/tools/bin/../lib/gcc/arm-none-eabi/14.2.1/../../../../arm-none-eabi/lib/thumb/v8-m.main+fp/hard\libcr_nohost_nf.a(__sys_tmpnam.o)
                0x08006cd2                __sys_tmpnam
 .text.__sys_write
                0x08006cd8        0x4 C:/nxp_controller/MCUXpressoIDE_25.6.136/ide/plugins/com.nxp.mcuxpresso.tools.win32_25.6.0.202501151204/tools/bin/../lib/gcc/arm-none-eabi/14.2.1/../../../../arm-none-eabi/lib/thumb/v8-m.main+fp/hard\libcr_nohost_nf.a(__sys_write.o)
                0x08006cd8                __sys_write
 *fill*         0x08006cdc        0x4 ff
 .text.__sys_write.__stub
                0x08006ce0       0x20 linker stubs
 *(SORT_BY_ALIGNMENT(.rodata) SORT_BY_ALIGNMENT(.rodata.*) SORT_BY_ALIGNMENT(.constdata) SORT_BY_ALIGNMENT(.constdata.*))
 .rodata.__assertion_failed.str1.4
                0x08006d00     0x1117 ./utilities/fsl_assert.o
                                 0x14 (size before relaxing)
 .rodata.main.str1.4
                0x08007e17       0xae ./source/adc_software_trigger.o
 *fill*         0x08007e17        0x1 ff
 .rodata.s_adcBases
                0x08007e18        0x8 ./drivers/fsl_adc.o
 .rodata.s_adcClocks
                0x08007e20        0x8 ./drivers/fsl_adc.o
 .rodata.ADC_GetInstance.str1.4
                0x08007e28       0x28 ./drivers/fsl_adc.o
 .rodata.ADC_Init.str1.4
                0x08007e28       0x1e ./drivers/fsl_adc.o
 .rodata.ADC_GetDefaultConfig.str1.4
                0x08007e28       0x1f ./drivers/fsl_adc.o
 .rodata.s_avpllFreq
                0x08007e28       0x2c ./drivers/fsl_clock.o
 .rodata.s_avpllFreqOff
                0x08007e54       0x2c ./drivers/fsl_clock.o
 .rodata.s_avpllPostDiv
                0x08007e80       0x2c ./drivers/fsl_clock.o
 .rodata.s_avpllPostDiv0p5
                0x08007eac       0x2c ./drivers/fsl_clock.o
 .rodata.CLOCK_DelayUs.str1.4
                0x08007ed8       0x94 ./drivers/fsl_clock.o
 .rodata.CLOCK_GetT3PllMciIrcClkFreq.str1.4
                0x08007ed8       0x18 ./drivers/fsl_clock.o
 .rodata.CLOCK_GetTcpuFvcoFreq.str1.4
                0x08007ed8       0x18 ./drivers/fsl_clock.o
 .rodata.CLOCK_EnableClock.str1.4
                0x08007ed8       0x18 ./drivers/fsl_clock.o
 .rodata.CLOCK_DisableClock.str1.4
                0x08007ed8       0x18 ./drivers/fsl_clock.o
 .rodata.CLOCK_GetFRGClock.str1.4
                0x08007ed8       0x18 ./drivers/fsl_clock.o
 .rodata.CLOCK_SetFRGClock.str1.4
                0x08007ed8       0x60 ./drivers/fsl_clock.o
 .rodata.CLOCK_GetFlexCommClkFreq.str1.4
                0x08007ed8       0x18 ./drivers/fsl_clock.o
 .rodata.CLOCK_CfgTcpuRefClk.str1.4
                0x08007ed8       0x19 ./drivers/fsl_clock.o
 .rodata.CLOCK_InitAvPll.str1.4
                0x08007ed8       0x18 ./drivers/fsl_clock.o
 .rodata.SDK_DelayAtLeastUs.str1.4
                0x08007ed8       0x2b ./drivers/fsl_common_arm.o
 .rodata.s_flexcommBaseAddrs
                0x08007ed8       0x14 ./drivers/fsl_flexcomm.o
 .rodata.s_flexcommClocks
                0x08007eec       0x14 ./drivers/fsl_flexcomm.o
 .rodata.s_flexcommResets
                0x08007f00        0xa ./drivers/fsl_flexcomm.o
 .rodata.FLEXCOMM_GetInstance.str1.4
                0x08007f0a       0x41 ./drivers/fsl_flexcomm.o
 .rodata.FLEXCOMM0_DriverIRQHandler.str1.4
                0x08007f0a       0x3c ./drivers/fsl_flexcomm.o
 .rodata.FLEXCOMM1_DriverIRQHandler.str1.4
                0x08007f0a       0x3c ./drivers/fsl_flexcomm.o
 .rodata.FLEXCOMM2_DriverIRQHandler.str1.4
                0x08007f0a       0x3c ./drivers/fsl_flexcomm.o
 .rodata.FLEXCOMM3_DriverIRQHandler.str1.4
                0x08007f0a       0x3c ./drivers/fsl_flexcomm.o
 .rodata.FLEXCOMM14_DriverIRQHandler.str1.4
                0x08007f0a       0x3c ./drivers/fsl_flexcomm.o
 .rodata.OCOTP_ReadSVC.str1.4
                0x08007f0a       0x1e ./drivers/fsl_ocotp.o
 .rodata.OCOTP_ReadPackage.str1.4
                0x08007f0a       0x1f ./drivers/fsl_ocotp.o
 .rodata.str1.4
                0x08007f0a      0x23b ./drivers/fsl_power.o
 *fill*         0x08007f0a        0x2 ff
 .rodata.s_droTable
                0x08007f0c       0x13 ./drivers/fsl_power.o
 .rodata.POWER_GetThresholdParams.str1.4
                0x08007f1f       0x60 ./drivers/fsl_power.o
 .rodata.POWER_SaveNvicState.str1.4
                0x08007f1f       0x76 ./drivers/fsl_power.o
 .rodata.POWER_RestoreNvicState.str1.4
                0x08007f1f       0x76 ./drivers/fsl_power.o
 .rodata.POWER_EnableWakeup.str1.4
                0x08007f1f       0x24 ./drivers/fsl_power.o
 .rodata.POWER_InitVSensorThreshold.str1.4
                0x08007f1f      0x31b ./drivers/fsl_power.o
 .rodata.Power_InitLoadGdetCfg.str1.4
                0x08007f1f       0x62 ./drivers/fsl_power.o
 .rodata.POWER_InitVoltage.str1.4
                0x08007f1f       0x46 ./drivers/fsl_power.o
 .rodata.POWER_TrimSvc.str1.4
                0x08007f1f       0x39 ./drivers/fsl_power.o
 .rodata.RESET_SetPeripheralReset.str1.4
                0x08007f1f       0x1e ./drivers/fsl_reset.o
 .rodata.RESET_ClearPeripheralReset.str1.4
                0x08007f1f       0x1f ./drivers/fsl_reset.o
 .rodata.USART_Init.str1.4
                0x08007f1f       0x4f ./drivers/fsl_usart.o
 .rodata.USART_GetDefaultConfig.str1.4
                0x08007f1f       0x21 ./drivers/fsl_usart.o
 .rodata.USART_SetBaudRate.str1.4
                0x08007f1f       0x53 ./drivers/fsl_usart.o
 .rodata.USART_WriteBlocking.str1.4
                0x08007f1f       0x36 ./drivers/fsl_usart.o
 .rodata.USART_ReadBlocking.str1.4
                0x08007f1f       0x36 ./drivers/fsl_usart.o
 *fill*         0x08007f1f        0x1 ff
 .rodata.s_UsartAdapterBase
                0x08007f20       0x14 ./component/uart/fsl_adapter_usart.o
 .rodata.HAL_UartInitCommon.str1.4
                0x08007f34       0xeb ./component/uart/fsl_adapter_usart.o
 .rodata.HAL_UartReceiveBlocking.str1.4
                0x08007f34       0x65 ./component/uart/fsl_adapter_usart.o
 .rodata.HAL_UartSendBlocking.str1.4
                0x08007f34       0x65 ./component/uart/fsl_adapter_usart.o
 .rodata        0x08007f34       0x24 ./board/board.o
 .rodata.ConfigSvcSensor.str1.4
                0x08007f58       0x28 ./board/board.o
 .rodata.avpllConfig_BOARD_BootClockRUN
                0x08007f58        0x3 ./board/clock_config.o
                0x08007f58                avpllConfig_BOARD_BootClockRUN
 .rodata.IO_MUX_SetPinMux.str1.4
                0x08007f5b      0x147 ./board/pin_mux.o
 *fill*         0x08007f5b        0x1 ff
 .rodata.__num_Ciob_streams
                0x08007f5c        0x4 C:/nxp_controller/MCUXpressoIDE_25.6.136/ide/plugins/com.nxp.mcuxpresso.tools.win32_25.6.0.202501151204/tools/bin/../lib/gcc/arm-none-eabi/14.2.1/../../../../arm-none-eabi/lib/thumb/v8-m.main+fp/hard\libcr_nohost_nf.a(__ciob.o)
                0x08007f5c                __num_Ciob_streams
 .rodata._initio.str1.1
                0x08007f60        0x4 C:/nxp_controller/MCUXpressoIDE_25.6.136/ide/plugins/com.nxp.mcuxpresso.tools.win32_25.6.0.202501151204/tools/bin/../lib/gcc/arm-none-eabi/14.2.1/../../../../arm-none-eabi/lib/thumb/v8-m.main+fp/hard\libcr_c.a(initio.o)
                0x08007f64                        . = ALIGN (0x4)

.glue_7         0x08007f64        0x0
 .glue_7        0x08007f64        0x0 linker stubs

.glue_7t        0x08007f64        0x0
 .glue_7t       0x08007f64        0x0 linker stubs

.vfp11_veneer   0x08007f64        0x0
 .vfp11_veneer  0x08007f64        0x0 linker stubs

.v4_bx          0x08007f64        0x0
 .v4_bx         0x08007f64        0x0 linker stubs

.iplt           0x08007f64        0x0
 .iplt          0x08007f64        0x0 ./utilities/debug_console_lite/fsl_debug_console.o

.rel.dyn        0x08007f64        0x0
 .rel.iplt      0x08007f64        0x0 ./utilities/debug_console_lite/fsl_debug_console.o

.ARM.extab
 *(SORT_BY_ALIGNMENT(.ARM.extab*) SORT_BY_ALIGNMENT(.gnu.linkonce.armextab.*))

.ARM.exidx      0x08007f64        0x0
                0x08007f64                        __exidx_start = .
 *(SORT_BY_ALIGNMENT(.ARM.exidx*) SORT_BY_ALIGNMENT(.gnu.linkonce.armexidx.*))
                0x08007f64                        __exidx_end = .
                0x08007f64                        _etext = .

.uninit_RESERVED
                0x20000000        0x0
                0x20000000                        _start_uninit_RESERVED = .
 *(SORT_BY_ALIGNMENT(.bss.$RESERVED*))
                0x20000000                        . = ALIGN (0x4)
                0x20000000                        _end_uninit_RESERVED = .

.data           0x20000000      0xc24 load address 0x08007f64
 FILL mask 0xff
                0x20000000                        _data = .
                [!provide]                        PROVIDE (__start_data_RAM = .)
                [!provide]                        PROVIDE (__start_data_SRAM = .)
 *(SORT_BY_ALIGNMENT(vtable))
 *(SORT_BY_ALIGNMENT(.ramfunc*))
 *(SORT_BY_ALIGNMENT(CodeQuickAccess))
 CodeQuickAccess
                0x20000000      0xa44 ./drivers/fsl_power.o
                0x20000000                POWER_SetSleepMode
                0x20000060                POWER_EnterPowerMode
                0x200000cc                POWER_DisableGDetVSensors
                0x20000248                POWER_EnableGDetVSensors
 CodeQuickAccess
                0x20000a44      0x1a0 ./board/board.o
                0x20000a44                BOARD_SetFlexspiClock
                0x20000acc                BOARD_DeinitFlash
                0x20000b24                BOARD_InitFlash
 *fill*         0x20000be4        0x4 ff
 CodeQuickAccess.__stub
                0x20000be8       0x38 linker stubs
 *(SORT_BY_ALIGNMENT(DataQuickAccess))
 *(SORT_BY_ALIGNMENT(RamFunction))
 *(SORT_BY_ALIGNMENT(.data*))
 .data.SystemCoreClock
                0x20000c20        0x4 ./device/system_RW612.o
                0x20000c20                SystemCoreClock
                0x20000c24                        . = ALIGN (0x4)
                0x20000c24                        _edata = .
                [!provide]                        PROVIDE (__end_data_RAM = .)
                [!provide]                        PROVIDE (__end_data_SRAM = .)

.igot.plt       0x20000c24        0x0 load address 0x08008b88
 .igot.plt      0x20000c24        0x0 ./utilities/debug_console_lite/fsl_debug_console.o

.bss            0x20000c24      0x260
                0x20000c24                        _bss = .
                [!provide]                        PROVIDE (__start_bss_RAM = .)
                [!provide]                        PROVIDE (__start_bss_SRAM = .)
 *(SORT_BY_ALIGNMENT(.bss*))
 .bss.s_debugConsole
                0x20000c24       0x14 ./utilities/debug_console_lite/fsl_debug_console.o
 .bss.g_clkinFreq
                0x20000c38        0x4 ./drivers/fsl_clock.o
                0x20000c38                g_clkinFreq
 .bss.g_mclkinFreq
                0x20000c3c        0x4 ./drivers/fsl_clock.o
                0x20000c3c                g_mclkinFreq
 .bss.s_flexcommIrqHandler
                0x20000c40       0x14 ./drivers/fsl_flexcomm.o
 .bss.s_flexcommHandle
                0x20000c54       0x14 ./drivers/fsl_flexcomm.o
 .bss.s_flexspiHandle
                0x20000c68        0x4 ./drivers/fsl_flexspi.o
 .bss.s_flexspiIsr
                0x20000c6c        0x4 ./drivers/fsl_flexspi.o
 .bss.s_nvicContext
                0x20000c70       0xec ./drivers/fsl_power.o
 .bss.s_systickContext
                0x20000d5c        0x8 ./drivers/fsl_power.o
 .bss.s_clockContext
                0x20000d64        0x4 ./drivers/fsl_power.o
 .bss.s_gdetSensorContext
                0x20000d68       0x28 ./drivers/fsl_power.o
 .bss.s_captPulseCb
                0x20000d90        0x4 ./drivers/fsl_power.o
 .bss.s_captPulseCbParam
                0x20000d94        0x4 ./drivers/fsl_power.o
 .bss.s_preSwitch
                0x20000d98        0x4 ./drivers/fsl_power.o
 .bss.s_preSwitchParam
                0x20000d9c        0x4 ./drivers/fsl_power.o
 .bss.s_postSwitch
                0x20000da0        0x4 ./drivers/fsl_power.o
 .bss.s_postSwitchParam
                0x20000da4        0x4 ./drivers/fsl_power.o
 .bss.s_gdetCfgloadFunc
                0x20000da8        0x4 ./drivers/fsl_power.o
 .bss.s_gdetCfgData
                0x20000dac       0x1c ./drivers/fsl_power.o
 .bss.errno     0x20000dc8        0x4 C:/nxp_controller/MCUXpressoIDE_25.6.136/ide/plugins/com.nxp.mcuxpresso.tools.win32_25.6.0.202501151204/tools/bin/../lib/gcc/arm-none-eabi/14.2.1/../../../../arm-none-eabi/lib/thumb/v8-m.main+fp/hard\libcr_c.a(errno.o)
                0x20000dc8                errno
 .bss.__Ciob    0x20000dcc       0xb4 C:/nxp_controller/MCUXpressoIDE_25.6.136/ide/plugins/com.nxp.mcuxpresso.tools.win32_25.6.0.202501151204/tools/bin/../lib/gcc/arm-none-eabi/14.2.1/../../../../arm-none-eabi/lib/thumb/v8-m.main+fp/hard\libcr_nohost_nf.a(__ciob.o)
                0x20000dcc                __Ciob
 .bss.g_conversionDataReady
                0x20000e80        0x1 ./source/adc_software_trigger.o
                0x20000e80                g_conversionDataReady
 *(SORT_BY_ALIGNMENT(COMMON))
                0x20000e84                        . = ALIGN (0x4)
 *fill*         0x20000e81        0x3 
                0x20000e84                        _ebss = .
                [!provide]                        PROVIDE (__end_bss_RAM = .)
                [!provide]                        PROVIDE (__end_bss_SRAM = .)
                [!provide]                        PROVIDE (end = .)

.noinit         0x20000e84        0x0
                0x20000e84                        _noinit = .
                [!provide]                        PROVIDE (__start_noinit_RAM = .)
                [!provide]                        PROVIDE (__start_noinit_SRAM = .)
 *(SORT_BY_ALIGNMENT(.noinit*))
                0x20000e84                        . = ALIGN (0x4)
                0x20000e84                        _end_noinit = .
                [!provide]                        PROVIDE (__end_noinit_RAM = .)
                [!provide]                        PROVIDE (__end_noinit_SRAM = .)
                0x00001000                        _HeapSize = 0x1000

.heap           0x20000e84     0x1000
                0x20000e84                        _pvHeapStart = .
                0x20001e84                        . = (. + _HeapSize)
 *fill*         0x20000e84     0x1000 
                0x20001e84                        . = ALIGN (0x4)
                0x20001e84                        _pvHeapLimit = .
                0x00001000                        _StackSize = 0x1000

.heap2stackfill
                0x20001e84     0x1000
                0x20002e84                        . = (. + _StackSize)
 *fill*         0x20001e84     0x1000 

.stack          0x2012f000        0x0
                0x2012f000                        _vStackBase = .
                0x2012f000                        . = ALIGN (0x4)
                0x20130000                        _vStackTop = (. + _StackSize)
                0x08001000                        _image_start = LOADADDR (.text)
                0x08008b88                        _image_end = (LOADADDR (.data) + SIZEOF (.data))
                0x00007b88                        _image_size = (_image_end - _image_start)
OUTPUT(frdmrw612_cns_adc_software_trigger.axf elf32-littlearm)
LOAD linker stubs

.debug_info     0x00000000    0x1fe57
 .debug_info    0x00000000      0xd1e ./utilities/debug_console_lite/fsl_debug_console.o
 .debug_info    0x00000d1e      0x1c9 ./utilities/fsl_assert.o
 .debug_info    0x00000ee7       0x24 ./utilities/fsl_memcpy.o
 .debug_info    0x00000f0b     0x11bf ./startup/startup_rw612.o
 .debug_info    0x000020ca     0x1495 ./source/adc_software_trigger.o
 .debug_info    0x0000355f       0x3c ./source/semihost_hardfault.o
 .debug_info    0x0000359b      0x83f ./flash_config/flash_config.o
 .debug_info    0x00003dda     0x11c3 ./drivers/fsl_adc.o
 .debug_info    0x00004f9d     0x34d2 ./drivers/fsl_clock.o
 .debug_info    0x0000846f      0x38b ./drivers/fsl_common_arm.o
 .debug_info    0x000087fa      0xf18 ./drivers/fsl_flexcomm.o
 .debug_info    0x00009712     0x2784 ./drivers/fsl_flexspi.o
 .debug_info    0x0000be96      0xe10 ./drivers/fsl_ocotp.o
 .debug_info    0x0000cca6     0x4c1b ./drivers/fsl_power.o
 .debug_info    0x000118c1      0x48e ./drivers/fsl_reset.o
 .debug_info    0x00011d4f     0x1c99 ./drivers/fsl_usart.o
 .debug_info    0x000139e8     0x1569 ./device/system_RW612.o
 .debug_info    0x00014f51      0xdba ./component/uart/fsl_adapter_usart.o
 .debug_info    0x00015d0b      0xf1e ./component/els_pkc/src/comps/mcuxClEls/src/mcuxClEls_Common.o
 .debug_info    0x00016c29      0x68f ./component/els_pkc/src/comps/mcuxClEls/src/mcuxClEls_GlitchDetector.o
 .debug_info    0x000172b8     0x37db ./board/board.o
 .debug_info    0x0001aa93     0x1788 ./board/clock_config.o
 .debug_info    0x0001c21b      0x941 ./board/hardware_init.o
 .debug_info    0x0001cb5c      0x97c ./board/pin_mux.o
 .debug_info    0x0001d4d8       0x85 C:/nxp_controller/MCUXpressoIDE_25.6.136/ide/plugins/com.nxp.mcuxpresso.tools.win32_25.6.0.202501151204/tools/bin/../lib/gcc/arm-none-eabi/14.2.1/../../../../arm-none-eabi/lib/thumb/v8-m.main+fp/hard\libcr_nohost_nf.a(_cr__main.o)
 .debug_info    0x0001d55d       0xfc C:/nxp_controller/MCUXpressoIDE_25.6.136/ide/plugins/com.nxp.mcuxpresso.tools.win32_25.6.0.202501151204/tools/bin/../lib/gcc/arm-none-eabi/14.2.1/../../../../arm-none-eabi/lib/thumb/v8-m.main+fp/hard\libcr_c.a(memset.o)
 .debug_info    0x0001d659      0x520 C:/nxp_controller/MCUXpressoIDE_25.6.136/ide/plugins/com.nxp.mcuxpresso.tools.win32_25.6.0.202501151204/tools/bin/../lib/gcc/arm-none-eabi/14.2.1/../../../../arm-none-eabi/lib/thumb/v8-m.main+fp/hard\libcr_c.a(alloc.o)
 .debug_info    0x0001db79       0x44 C:/nxp_controller/MCUXpressoIDE_25.6.136/ide/plugins/com.nxp.mcuxpresso.tools.win32_25.6.0.202501151204/tools/bin/../lib/gcc/arm-none-eabi/14.2.1/../../../../arm-none-eabi/lib/thumb/v8-m.main+fp/hard\libcr_c.a(errno.o)
 .debug_info    0x0001dbbd      0x339 C:/nxp_controller/MCUXpressoIDE_25.6.136/ide/plugins/com.nxp.mcuxpresso.tools.win32_25.6.0.202501151204/tools/bin/../lib/gcc/arm-none-eabi/14.2.1/../../../../arm-none-eabi/lib/thumb/v8-m.main+fp/hard\libcr_c.a(initio.o)
 .debug_info    0x0001def6      0x1fd C:/nxp_controller/MCUXpressoIDE_25.6.136/ide/plugins/com.nxp.mcuxpresso.tools.win32_25.6.0.202501151204/tools/bin/../lib/gcc/arm-none-eabi/14.2.1/../../../../arm-none-eabi/lib/thumb/v8-m.main+fp/hard\libcr_c.a(setvbuf.o)
 .debug_info    0x0001e0f3       0xe1 C:/nxp_controller/MCUXpressoIDE_25.6.136/ide/plugins/com.nxp.mcuxpresso.tools.win32_25.6.0.202501151204/tools/bin/../lib/gcc/arm-none-eabi/14.2.1/../../../../arm-none-eabi/lib/thumb/v8-m.main+fp/hard\libcr_c.a(strlen.o)
 .debug_info    0x0001e1d4      0x396 C:/nxp_controller/MCUXpressoIDE_25.6.136/ide/plugins/com.nxp.mcuxpresso.tools.win32_25.6.0.202501151204/tools/bin/../lib/gcc/arm-none-eabi/14.2.1/../../../../arm-none-eabi/lib/thumb/v8-m.main+fp/hard\libcr_c.a(_deferredlazyseek.o)
 .debug_info    0x0001e56a      0x24b C:/nxp_controller/MCUXpressoIDE_25.6.136/ide/plugins/com.nxp.mcuxpresso.tools.win32_25.6.0.202501151204/tools/bin/../lib/gcc/arm-none-eabi/14.2.1/../../../../arm-none-eabi/lib/thumb/v8-m.main+fp/hard\libcr_c.a(_fdopen.o)
 .debug_info    0x0001e7b5      0x1e3 C:/nxp_controller/MCUXpressoIDE_25.6.136/ide/plugins/com.nxp.mcuxpresso.tools.win32_25.6.0.202501151204/tools/bin/../lib/gcc/arm-none-eabi/14.2.1/../../../../arm-none-eabi/lib/thumb/v8-m.main+fp/hard\libcr_c.a(_fflush.o)
 .debug_info    0x0001e998      0x289 C:/nxp_controller/MCUXpressoIDE_25.6.136/ide/plugins/com.nxp.mcuxpresso.tools.win32_25.6.0.202501151204/tools/bin/../lib/gcc/arm-none-eabi/14.2.1/../../../../arm-none-eabi/lib/thumb/v8-m.main+fp/hard\libcr_c.a(_writebuf.o)
 .debug_info    0x0001ec21      0x31e C:/nxp_controller/MCUXpressoIDE_25.6.136/ide/plugins/com.nxp.mcuxpresso.tools.win32_25.6.0.202501151204/tools/bin/../lib/gcc/arm-none-eabi/14.2.1/../../../../arm-none-eabi/lib/thumb/v8-m.main+fp/hard\libcr_c.a(fclose.o)
 .debug_info    0x0001ef3f      0x209 C:/nxp_controller/MCUXpressoIDE_25.6.136/ide/plugins/com.nxp.mcuxpresso.tools.win32_25.6.0.202501151204/tools/bin/../lib/gcc/arm-none-eabi/14.2.1/../../../../arm-none-eabi/lib/thumb/v8-m.main+fp/hard\libcr_c.a(fflush.o)
 .debug_info    0x0001f148      0x276 C:/nxp_controller/MCUXpressoIDE_25.6.136/ide/plugins/com.nxp.mcuxpresso.tools.win32_25.6.0.202501151204/tools/bin/../lib/gcc/arm-none-eabi/14.2.1/../../../../arm-none-eabi/lib/thumb/v8-m.main+fp/hard\libcr_c.a(fseek.o)
 .debug_info    0x0001f3be      0x197 C:/nxp_controller/MCUXpressoIDE_25.6.136/ide/plugins/com.nxp.mcuxpresso.tools.win32_25.6.0.202501151204/tools/bin/../lib/gcc/arm-none-eabi/14.2.1/../../../../arm-none-eabi/lib/thumb/v8-m.main+fp/hard\libcr_c.a(ftell.o)
 .debug_info    0x0001f555      0x1d7 C:/nxp_controller/MCUXpressoIDE_25.6.136/ide/plugins/com.nxp.mcuxpresso.tools.win32_25.6.0.202501151204/tools/bin/../lib/gcc/arm-none-eabi/14.2.1/../../../../arm-none-eabi/lib/thumb/v8-m.main+fp/hard\libcr_c.a(remove.o)
 .debug_info    0x0001f72c      0x23a C:/nxp_controller/MCUXpressoIDE_25.6.136/ide/plugins/com.nxp.mcuxpresso.tools.win32_25.6.0.202501151204/tools/bin/../lib/gcc/arm-none-eabi/14.2.1/../../../../arm-none-eabi/lib/thumb/v8-m.main+fp/hard\libcr_c.a(_do_fflush.o)
 .debug_info    0x0001f966      0x18b C:/nxp_controller/MCUXpressoIDE_25.6.136/ide/plugins/com.nxp.mcuxpresso.tools.win32_25.6.0.202501151204/tools/bin/../lib/gcc/arm-none-eabi/14.2.1/../../../../arm-none-eabi/lib/thumb/v8-m.main+fp/hard\libcr_nohost_nf.a(__ciob.o)
 .debug_info    0x0001faf1       0x6a C:/nxp_controller/MCUXpressoIDE_25.6.136/ide/plugins/com.nxp.mcuxpresso.tools.win32_25.6.0.202501151204/tools/bin/../lib/gcc/arm-none-eabi/14.2.1/../../../../arm-none-eabi/lib/thumb/v8-m.main+fp/hard\libcr_nohost_nf.a(__sys_close.o)
 .debug_info    0x0001fb5b       0x6a C:/nxp_controller/MCUXpressoIDE_25.6.136/ide/plugins/com.nxp.mcuxpresso.tools.win32_25.6.0.202501151204/tools/bin/../lib/gcc/arm-none-eabi/14.2.1/../../../../arm-none-eabi/lib/thumb/v8-m.main+fp/hard\libcr_nohost_nf.a(__sys_flen.o)
 .debug_info    0x0001fbc5       0x6a C:/nxp_controller/MCUXpressoIDE_25.6.136/ide/plugins/com.nxp.mcuxpresso.tools.win32_25.6.0.202501151204/tools/bin/../lib/gcc/arm-none-eabi/14.2.1/../../../../arm-none-eabi/lib/thumb/v8-m.main+fp/hard\libcr_nohost_nf.a(__sys_istty.o)
 .debug_info    0x0001fc2f       0x8a C:/nxp_controller/MCUXpressoIDE_25.6.136/ide/plugins/com.nxp.mcuxpresso.tools.win32_25.6.0.202501151204/tools/bin/../lib/gcc/arm-none-eabi/14.2.1/../../../../arm-none-eabi/lib/thumb/v8-m.main+fp/hard\libcr_nohost_nf.a(__sys_remove.o)
 .debug_info    0x0001fcb9       0x78 C:/nxp_controller/MCUXpressoIDE_25.6.136/ide/plugins/com.nxp.mcuxpresso.tools.win32_25.6.0.202501151204/tools/bin/../lib/gcc/arm-none-eabi/14.2.1/../../../../arm-none-eabi/lib/thumb/v8-m.main+fp/hard\libcr_nohost_nf.a(__sys_seek.o)
 .debug_info    0x0001fd31       0x93 C:/nxp_controller/MCUXpressoIDE_25.6.136/ide/plugins/com.nxp.mcuxpresso.tools.win32_25.6.0.202501151204/tools/bin/../lib/gcc/arm-none-eabi/14.2.1/../../../../arm-none-eabi/lib/thumb/v8-m.main+fp/hard\libcr_nohost_nf.a(__sys_tmpnam.o)
 .debug_info    0x0001fdc4       0x93 C:/nxp_controller/MCUXpressoIDE_25.6.136/ide/plugins/com.nxp.mcuxpresso.tools.win32_25.6.0.202501151204/tools/bin/../lib/gcc/arm-none-eabi/14.2.1/../../../../arm-none-eabi/lib/thumb/v8-m.main+fp/hard\libcr_nohost_nf.a(__sys_write.o)

.debug_abbrev   0x00000000     0x48d7
 .debug_abbrev  0x00000000      0x256 ./utilities/debug_console_lite/fsl_debug_console.o
 .debug_abbrev  0x00000256      0x114 ./utilities/fsl_assert.o
 .debug_abbrev  0x0000036a       0x14 ./utilities/fsl_memcpy.o
 .debug_abbrev  0x0000037e      0x15f ./startup/startup_rw612.o
 .debug_abbrev  0x000004dd      0x2b2 ./source/adc_software_trigger.o
 .debug_abbrev  0x0000078f       0x31 ./source/semihost_hardfault.o
 .debug_abbrev  0x000007c0       0xf3 ./flash_config/flash_config.o
 .debug_abbrev  0x000008b3      0x299 ./drivers/fsl_adc.o
 .debug_abbrev  0x00000b4c      0x457 ./drivers/fsl_clock.o
 .debug_abbrev  0x00000fa3      0x16a ./drivers/fsl_common_arm.o
 .debug_abbrev  0x0000110d      0x272 ./drivers/fsl_flexcomm.o
 .debug_abbrev  0x0000137f      0x39c ./drivers/fsl_flexspi.o
 .debug_abbrev  0x0000171b      0x296 ./drivers/fsl_ocotp.o
 .debug_abbrev  0x000019b1      0x4c2 ./drivers/fsl_power.o
 .debug_abbrev  0x00001e73      0x123 ./drivers/fsl_reset.o
 .debug_abbrev  0x00001f96      0x410 ./drivers/fsl_usart.o
 .debug_abbrev  0x000023a6      0x1fe ./device/system_RW612.o
 .debug_abbrev  0x000025a4      0x214 ./component/uart/fsl_adapter_usart.o
 .debug_abbrev  0x000027b8      0x268 ./component/els_pkc/src/comps/mcuxClEls/src/mcuxClEls_Common.o
 .debug_abbrev  0x00002a20      0x13e ./component/els_pkc/src/comps/mcuxClEls/src/mcuxClEls_GlitchDetector.o
 .debug_abbrev  0x00002b5e      0x3d2 ./board/board.o
 .debug_abbrev  0x00002f30      0x1c3 ./board/clock_config.o
 .debug_abbrev  0x000030f3      0x101 ./board/hardware_init.o
 .debug_abbrev  0x000031f4      0x134 ./board/pin_mux.o
 .debug_abbrev  0x00003328       0x70 C:/nxp_controller/MCUXpressoIDE_25.6.136/ide/plugins/com.nxp.mcuxpresso.tools.win32_25.6.0.202501151204/tools/bin/../lib/gcc/arm-none-eabi/14.2.1/../../../../arm-none-eabi/lib/thumb/v8-m.main+fp/hard\libcr_nohost_nf.a(_cr__main.o)
 .debug_abbrev  0x00003398       0xa8 C:/nxp_controller/MCUXpressoIDE_25.6.136/ide/plugins/com.nxp.mcuxpresso.tools.win32_25.6.0.202501151204/tools/bin/../lib/gcc/arm-none-eabi/14.2.1/../../../../arm-none-eabi/lib/thumb/v8-m.main+fp/hard\libcr_c.a(memset.o)
 .debug_abbrev  0x00003440      0x284 C:/nxp_controller/MCUXpressoIDE_25.6.136/ide/plugins/com.nxp.mcuxpresso.tools.win32_25.6.0.202501151204/tools/bin/../lib/gcc/arm-none-eabi/14.2.1/../../../../arm-none-eabi/lib/thumb/v8-m.main+fp/hard\libcr_c.a(alloc.o)
 .debug_abbrev  0x000036c4       0x44 C:/nxp_controller/MCUXpressoIDE_25.6.136/ide/plugins/com.nxp.mcuxpresso.tools.win32_25.6.0.202501151204/tools/bin/../lib/gcc/arm-none-eabi/14.2.1/../../../../arm-none-eabi/lib/thumb/v8-m.main+fp/hard\libcr_c.a(errno.o)
 .debug_abbrev  0x00003708      0x169 C:/nxp_controller/MCUXpressoIDE_25.6.136/ide/plugins/com.nxp.mcuxpresso.tools.win32_25.6.0.202501151204/tools/bin/../lib/gcc/arm-none-eabi/14.2.1/../../../../arm-none-eabi/lib/thumb/v8-m.main+fp/hard\libcr_c.a(initio.o)
 .debug_abbrev  0x00003871       0xe1 C:/nxp_controller/MCUXpressoIDE_25.6.136/ide/plugins/com.nxp.mcuxpresso.tools.win32_25.6.0.202501151204/tools/bin/../lib/gcc/arm-none-eabi/14.2.1/../../../../arm-none-eabi/lib/thumb/v8-m.main+fp/hard\libcr_c.a(setvbuf.o)
 .debug_abbrev  0x00003952       0xa7 C:/nxp_controller/MCUXpressoIDE_25.6.136/ide/plugins/com.nxp.mcuxpresso.tools.win32_25.6.0.202501151204/tools/bin/../lib/gcc/arm-none-eabi/14.2.1/../../../../arm-none-eabi/lib/thumb/v8-m.main+fp/hard\libcr_c.a(strlen.o)
 .debug_abbrev  0x000039f9      0x18e C:/nxp_controller/MCUXpressoIDE_25.6.136/ide/plugins/com.nxp.mcuxpresso.tools.win32_25.6.0.202501151204/tools/bin/../lib/gcc/arm-none-eabi/14.2.1/../../../../arm-none-eabi/lib/thumb/v8-m.main+fp/hard\libcr_c.a(_deferredlazyseek.o)
 .debug_abbrev  0x00003b87      0x119 C:/nxp_controller/MCUXpressoIDE_25.6.136/ide/plugins/com.nxp.mcuxpresso.tools.win32_25.6.0.202501151204/tools/bin/../lib/gcc/arm-none-eabi/14.2.1/../../../../arm-none-eabi/lib/thumb/v8-m.main+fp/hard\libcr_c.a(_fdopen.o)
 .debug_abbrev  0x00003ca0       0xf1 C:/nxp_controller/MCUXpressoIDE_25.6.136/ide/plugins/com.nxp.mcuxpresso.tools.win32_25.6.0.202501151204/tools/bin/../lib/gcc/arm-none-eabi/14.2.1/../../../../arm-none-eabi/lib/thumb/v8-m.main+fp/hard\libcr_c.a(_fflush.o)
 .debug_abbrev  0x00003d91      0x126 C:/nxp_controller/MCUXpressoIDE_25.6.136/ide/plugins/com.nxp.mcuxpresso.tools.win32_25.6.0.202501151204/tools/bin/../lib/gcc/arm-none-eabi/14.2.1/../../../../arm-none-eabi/lib/thumb/v8-m.main+fp/hard\libcr_c.a(_writebuf.o)
 .debug_abbrev  0x00003eb7      0x158 C:/nxp_controller/MCUXpressoIDE_25.6.136/ide/plugins/com.nxp.mcuxpresso.tools.win32_25.6.0.202501151204/tools/bin/../lib/gcc/arm-none-eabi/14.2.1/../../../../arm-none-eabi/lib/thumb/v8-m.main+fp/hard\libcr_c.a(fclose.o)
 .debug_abbrev  0x0000400f      0x125 C:/nxp_controller/MCUXpressoIDE_25.6.136/ide/plugins/com.nxp.mcuxpresso.tools.win32_25.6.0.202501151204/tools/bin/../lib/gcc/arm-none-eabi/14.2.1/../../../../arm-none-eabi/lib/thumb/v8-m.main+fp/hard\libcr_c.a(fflush.o)
 .debug_abbrev  0x00004134      0x11b C:/nxp_controller/MCUXpressoIDE_25.6.136/ide/plugins/com.nxp.mcuxpresso.tools.win32_25.6.0.202501151204/tools/bin/../lib/gcc/arm-none-eabi/14.2.1/../../../../arm-none-eabi/lib/thumb/v8-m.main+fp/hard\libcr_c.a(fseek.o)
 .debug_abbrev  0x0000424f       0xc2 C:/nxp_controller/MCUXpressoIDE_25.6.136/ide/plugins/com.nxp.mcuxpresso.tools.win32_25.6.0.202501151204/tools/bin/../lib/gcc/arm-none-eabi/14.2.1/../../../../arm-none-eabi/lib/thumb/v8-m.main+fp/hard\libcr_c.a(ftell.o)
 .debug_abbrev  0x00004311       0xfb C:/nxp_controller/MCUXpressoIDE_25.6.136/ide/plugins/com.nxp.mcuxpresso.tools.win32_25.6.0.202501151204/tools/bin/../lib/gcc/arm-none-eabi/14.2.1/../../../../arm-none-eabi/lib/thumb/v8-m.main+fp/hard\libcr_c.a(remove.o)
 .debug_abbrev  0x0000440c      0x12c C:/nxp_controller/MCUXpressoIDE_25.6.136/ide/plugins/com.nxp.mcuxpresso.tools.win32_25.6.0.202501151204/tools/bin/../lib/gcc/arm-none-eabi/14.2.1/../../../../arm-none-eabi/lib/thumb/v8-m.main+fp/hard\libcr_c.a(_do_fflush.o)
 .debug_abbrev  0x00004538       0xb5 C:/nxp_controller/MCUXpressoIDE_25.6.136/ide/plugins/com.nxp.mcuxpresso.tools.win32_25.6.0.202501151204/tools/bin/../lib/gcc/arm-none-eabi/14.2.1/../../../../arm-none-eabi/lib/thumb/v8-m.main+fp/hard\libcr_nohost_nf.a(__ciob.o)
 .debug_abbrev  0x000045ed       0x5c C:/nxp_controller/MCUXpressoIDE_25.6.136/ide/plugins/com.nxp.mcuxpresso.tools.win32_25.6.0.202501151204/tools/bin/../lib/gcc/arm-none-eabi/14.2.1/../../../../arm-none-eabi/lib/thumb/v8-m.main+fp/hard\libcr_nohost_nf.a(__sys_close.o)
 .debug_abbrev  0x00004649       0x5c C:/nxp_controller/MCUXpressoIDE_25.6.136/ide/plugins/com.nxp.mcuxpresso.tools.win32_25.6.0.202501151204/tools/bin/../lib/gcc/arm-none-eabi/14.2.1/../../../../arm-none-eabi/lib/thumb/v8-m.main+fp/hard\libcr_nohost_nf.a(__sys_flen.o)
 .debug_abbrev  0x000046a5       0x5c C:/nxp_controller/MCUXpressoIDE_25.6.136/ide/plugins/com.nxp.mcuxpresso.tools.win32_25.6.0.202501151204/tools/bin/../lib/gcc/arm-none-eabi/14.2.1/../../../../arm-none-eabi/lib/thumb/v8-m.main+fp/hard\libcr_nohost_nf.a(__sys_istty.o)
 .debug_abbrev  0x00004701       0x7d C:/nxp_controller/MCUXpressoIDE_25.6.136/ide/plugins/com.nxp.mcuxpresso.tools.win32_25.6.0.202501151204/tools/bin/../lib/gcc/arm-none-eabi/14.2.1/../../../../arm-none-eabi/lib/thumb/v8-m.main+fp/hard\libcr_nohost_nf.a(__sys_remove.o)
 .debug_abbrev  0x0000477e       0x6d C:/nxp_controller/MCUXpressoIDE_25.6.136/ide/plugins/com.nxp.mcuxpresso.tools.win32_25.6.0.202501151204/tools/bin/../lib/gcc/arm-none-eabi/14.2.1/../../../../arm-none-eabi/lib/thumb/v8-m.main+fp/hard\libcr_nohost_nf.a(__sys_seek.o)
 .debug_abbrev  0x000047eb       0x76 C:/nxp_controller/MCUXpressoIDE_25.6.136/ide/plugins/com.nxp.mcuxpresso.tools.win32_25.6.0.202501151204/tools/bin/../lib/gcc/arm-none-eabi/14.2.1/../../../../arm-none-eabi/lib/thumb/v8-m.main+fp/hard\libcr_nohost_nf.a(__sys_tmpnam.o)
 .debug_abbrev  0x00004861       0x76 C:/nxp_controller/MCUXpressoIDE_25.6.136/ide/plugins/com.nxp.mcuxpresso.tools.win32_25.6.0.202501151204/tools/bin/../lib/gcc/arm-none-eabi/14.2.1/../../../../arm-none-eabi/lib/thumb/v8-m.main+fp/hard\libcr_nohost_nf.a(__sys_write.o)

.debug_aranges  0x00000000     0x1370
 .debug_aranges
                0x00000000       0x78 ./utilities/debug_console_lite/fsl_debug_console.o
 .debug_aranges
                0x00000078       0x28 ./utilities/fsl_assert.o
 .debug_aranges
                0x000000a0       0x20 ./utilities/fsl_memcpy.o
 .debug_aranges
                0x000000c0      0x490 ./startup/startup_rw612.o
 .debug_aranges
                0x00000550       0x60 ./source/adc_software_trigger.o
 .debug_aranges
                0x000005b0       0x20 ./source/semihost_hardfault.o
 .debug_aranges
                0x000005d0       0x18 ./flash_config/flash_config.o
 .debug_aranges
                0x000005e8       0x60 ./drivers/fsl_adc.o
 .debug_aranges
                0x00000648      0x228 ./drivers/fsl_clock.o
 .debug_aranges
                0x00000870       0x38 ./drivers/fsl_common_arm.o
 .debug_aranges
                0x000008a8       0x68 ./drivers/fsl_flexcomm.o
 .debug_aranges
                0x00000910      0x100 ./drivers/fsl_flexspi.o
 .debug_aranges
                0x00000a10       0x70 ./drivers/fsl_ocotp.o
 .debug_aranges
                0x00000a80      0x178 ./drivers/fsl_power.o
 .debug_aranges
                0x00000bf8       0x30 ./drivers/fsl_reset.o
 .debug_aranges
                0x00000c28      0x118 ./drivers/fsl_usart.o
 .debug_aranges
                0x00000d40       0x78 ./device/system_RW612.o
 .debug_aranges
                0x00000db8       0x58 ./component/uart/fsl_adapter_usart.o
 .debug_aranges